width=40 height=3
0,0:┌|White|Black|Reset|NONE
1,0:─|White|Black|Reset|NONE
2,0:─|White|Black|Reset|NONE
3,0:─|White|Black|Reset|NONE
4,0:─|White|Black|Reset|NONE
5,0:─|White|Black|Reset|NONE
6,0:─|White|Black|Reset|NONE
7,0:─|White|Black|Reset|NONE
8,0:─|White|Black|Reset|NONE
9,0:─|White|Black|Reset|NONE
10,0:─|White|Black|Reset|NONE
11,0:─|White|Black|Reset|NONE
12,0:─|White|Black|Reset|NONE
13,0:─|White|Black|Reset|NONE
14,0:─|White|Black|Reset|NONE
15,0:─|White|Black|Reset|NONE
16,0:─|White|Black|Reset|NONE
17,0:─|White|Black|Reset|NONE
18,0:─|White|Black|Reset|NONE
19,0:─|White|Black|Reset|NONE
20,0:─|White|Black|Reset|NONE
21,0:─|White|Black|Reset|NONE
22,0:─|White|Black|Reset|NONE
23,0:─|White|Black|Reset|NONE
24,0:─|White|Black|Reset|NONE
25,0:─|White|Black|Reset|NONE
26,0:─|White|Black|Reset|NONE
27,0:─|White|Black|Reset|NONE
28,0:─|White|Black|Reset|NONE
29,0:─|White|Black|Reset|NONE
30,0:─|White|Black|Reset|NONE
31,0:─|White|Black|Reset|NONE
32,0:─|White|Black|Reset|NONE
33,0:─|White|Black|Reset|NONE
34,0:─|White|Black|Reset|NONE
35,0:─|White|Black|Reset|NONE
36,0:─|White|Black|Reset|NONE
37,0:─|White|Black|Reset|NONE
38,0:─|White|Black|Reset|NONE
39,0:┐|White|Black|Reset|NONE
0,1:│|White|Black|Reset|NONE
1,1: |White|Black|Reset|NONE
2,1: |White|Black|Reset|NONE
3,1:[|White|Black|Reset|NONE
4,1:⚠|White|Black|Reset|NONE
5,1:]|White|Black|Reset|NONE
6,1: |White|Black|Reset|NONE
7,1:W|White|Black|Reset|NONE
8,1:A|White|Black|Reset|NONE
9,1:R|White|Black|Reset|NONE
10,1:N|White|Black|Reset|NONE
11,1:I|White|Black|Reset|NONE
12,1:N|White|Black|Reset|NONE
13,1:G|White|Black|Reset|NONE
14,1::|White|Black|Reset|NONE
15,1: |White|Black|Reset|NONE
16,1:s|White|Black|Reset|NONE
17,1:o|White|Black|Reset|NONE
18,1:n|White|Black|Reset|NONE
19,1:a|White|Black|Reset|NONE
20,1:r|White|Black|Reset|NONE
21,1:r|White|Black|Reset|NONE
22,1: |White|Black|Reset|NONE
23,1:i|White|Black|Reset|NONE
24,1:s|White|Black|Reset|NONE
25,1: |White|Black|Reset|NONE
26,1:u|White|Black|Reset|NONE
27,1:n|White|Black|Reset|NONE
28,1:a|White|Black|Reset|NONE
29,1:v|White|Black|Reset|NONE
30,1:a|White|Black|Reset|NONE
31,1:i|White|Black|Reset|NONE
32,1:l|White|Black|Reset|NONE
33,1:a|White|Black|Reset|NONE
34,1:b|White|Black|Reset|NONE
35,1:l|White|Black|Reset|NONE
36,1:e|White|Black|Reset|NONE
37,1: |White|Black|Reset|NONE
38,1: |White|Black|Reset|NONE
39,1:│|White|Black|Reset|NONE
0,2:└|White|Black|Reset|NONE
1,2:─|White|Black|Reset|NONE
2,2:─|White|Black|Reset|NONE
3,2:─|White|Black|Reset|NONE
4,2:─|White|Black|Reset|NONE
5,2:─|White|Black|Reset|NONE
6,2:─|White|Black|Reset|NONE
7,2:─|White|Black|Reset|NONE
8,2:─|White|Black|Reset|NONE
9,2:─|White|Black|Reset|NONE
10,2:─|White|Black|Reset|NONE
11,2:─|White|Black|Reset|NONE
12,2:─|White|Black|Reset|NONE
13,2:─|White|Black|Reset|NONE
14,2:─|White|Black|Reset|NONE
15,2:─|White|Black|Reset|NONE
16,2:─|White|Black|Reset|NONE
17,2:─|White|Black|Reset|NONE
18,2:─|White|Black|Reset|NONE
19,2:─|White|Black|Reset|NONE
20,2:─|White|Black|Reset|NONE
21,2:─|White|Black|Reset|NONE
22,2:─|White|Black|Reset|NONE
23,2:─|White|Black|Reset|NONE
24,2:─|White|Black|Reset|NONE
25,2:─|White|Black|Reset|NONE
26,2:─|White|Black|Reset|NONE
27,2:─|White|Black|Reset|NONE
28,2:─|White|Black|Reset|NONE
29,2:─|White|Black|Reset|NONE
30,2:─|White|Black|Reset|NONE
31,2:─|White|Black|Reset|NONE
32,2:─|White|Black|Reset|NONE
33,2:─|White|Black|Reset|NONE
34,2:─|White|Black|Reset|NONE
35,2:─|White|Black|Reset|NONE
36,2:─|White|Black|Reset|NONE
37,2:─|White|Black|Reset|NONE
38,2:─|White|Black|Reset|NONE
39,2:┘|White|Black|Reset|NONE
