width=20 height=3
0,0:(|Rgb(42, 38, 23)|Reset|Reset|NONE
1,0:n|Rgb(42, 38, 23)|Reset|Reset|NONE
2,0:o|Rgb(42, 38, 23)|Reset|Reset|NONE
3,0:-|Rgb(42, 38, 23)|Reset|Reset|NONE
4,0:i|Rgb(42, 38, 23)|Reset|Reset|NONE
5,0:m|Rgb(42, 38, 23)|Reset|Reset|NONE
6,0:a|Rgb(42, 38, 23)|Reset|Reset|NONE
7,0:g|Rgb(42, 38, 23)|Reset|Reset|NONE
8,0:e|Rgb(42, 38, 23)|Reset|Reset|NONE
9,0:)|Rgb(42, 38, 23)|Reset|Reset|NONE
10,0: |Rgb(42, 38, 23)|Reset|Reset|NONE
11,0: |Rgb(42, 38, 23)|Reset|Reset|NONE
12,0: |Rgb(42, 38, 23)|Reset|Reset|NONE
13,0: |Rgb(42, 38, 23)|Reset|Reset|NONE
14,0: |Rgb(42, 38, 23)|Reset|Reset|NONE
15,0: |Rgb(42, 38, 23)|Reset|Reset|NONE
16,0: |Rgb(42, 38, 23)|Reset|Reset|NONE
17,0: |Rgb(42, 38, 23)|Reset|Reset|NONE
18,0: |Rgb(42, 38, 23)|Reset|Reset|NONE
19,0: |Rgb(42, 38, 23)|Reset|Reset|NONE
0,1: |Rgb(42, 38, 23)|Reset|Reset|NONE
1,1: |Rgb(42, 38, 23)|Reset|Reset|NONE
2,1: |Rgb(42, 38, 23)|Reset|Reset|NONE
3,1: |Rgb(42, 38, 23)|Reset|Reset|NONE
4,1: |Rgb(42, 38, 23)|Reset|Reset|NONE
5,1: |Rgb(42, 38, 23)|Reset|Reset|NONE
6,1: |Rgb(42, 38, 23)|Reset|Reset|NONE
7,1: |Rgb(42, 38, 23)|Reset|Reset|NONE
8,1: |Rgb(42, 38, 23)|Reset|Reset|NONE
9,1: |Rgb(42, 38, 23)|Reset|Reset|NONE
10,1: |Rgb(42, 38, 23)|Reset|Reset|NONE
11,1: |Rgb(42, 38, 23)|Reset|Reset|NONE
12,1: |Rgb(42, 38, 23)|Reset|Reset|NONE
13,1: |Rgb(42, 38, 23)|Reset|Reset|NONE
14,1: |Rgb(42, 38, 23)|Reset|Reset|NONE
15,1: |Rgb(42, 38, 23)|Reset|Reset|NONE
16,1: |Rgb(42, 38, 23)|Reset|Reset|NONE
17,1: |Rgb(42, 38, 23)|Reset|Reset|NONE
18,1: |Rgb(42, 38, 23)|Reset|Reset|NONE
19,1: |Rgb(42, 38, 23)|Reset|Reset|NONE
0,2:f|Rgb(101, 96, 75)|Reset|Reset|NONE
1,2:a|Rgb(101, 96, 75)|Reset|Reset|NONE
2,2:l|Rgb(101, 96, 75)|Reset|Reset|NONE
3,2:l|Rgb(101, 96, 75)|Reset|Reset|NONE
4,2:b|Rgb(101, 96, 75)|Reset|Reset|NONE
5,2:a|Rgb(101, 96, 75)|Reset|Reset|NONE
6,2:c|Rgb(101, 96, 75)|Reset|Reset|NONE
7,2:k|Rgb(101, 96, 75)|Reset|Reset|NONE
8,2: |Rgb(101, 96, 75)|Reset|Reset|NONE
9,2: |Rgb(101, 96, 75)|Reset|Reset|NONE
10,2: |Rgb(101, 96, 75)|Reset|Reset|NONE
11,2: |Rgb(101, 96, 75)|Reset|Reset|NONE
12,2: |Rgb(101, 96, 75)|Reset|Reset|NONE
13,2: |Rgb(101, 96, 75)|Reset|Reset|NONE
14,2: |Rgb(101, 96, 75)|Reset|Reset|NONE
15,2: |Rgb(101, 96, 75)|Reset|Reset|NONE
16,2: |Rgb(101, 96, 75)|Reset|Reset|NONE
17,2: |Rgb(101, 96, 75)|Reset|Reset|NONE
18,2: |Rgb(101, 96, 75)|Reset|Reset|NONE
19,2: |Rgb(101, 96, 75)|Reset|Reset|NONE
