width=20 height=1
0,0:[|Reset|Reset|Reset|NONE
1,0:W|Reset|Reset|Reset|NONE
2,0:A|Reset|Reset|Reset|NONE
3,0:R|Reset|Reset|Reset|NONE
4,0:N|Reset|Reset|Reset|NONE
5,0:I|Reset|Reset|Reset|NONE
6,0:N|Reset|Reset|Reset|NONE
7,0:G|Reset|Reset|Reset|NONE
8,0:]|Reset|Reset|Reset|NONE
9,0: |Reset|Reset|Reset|NONE
10,0: |Reset|Reset|Reset|NONE
11,0: |Reset|Reset|Reset|NONE
12,0: |Reset|Reset|Reset|NONE
13,0: |Reset|Reset|Reset|NONE
14,0: |Reset|Reset|Reset|NONE
15,0: |Reset|Reset|Reset|NONE
16,0: |Reset|Reset|Reset|NONE
17,0: |Reset|Reset|Reset|NONE
18,0: |Reset|Reset|Reset|NONE
19,0: |Reset|Reset|Reset|NONE
