width=24 height=3
0,0: |Rgb(42, 38, 23)|Reset|Reset|NONE
1,0:>|Rgb(42, 38, 23)|Rgb(101, 96, 75)|Reset|NONE
2,0:[|Rgb(42, 38, 23)|Rgb(101, 96, 75)|Reset|NONE
3,0:D|Rgb(42, 38, 23)|Rgb(101, 96, 75)|Reset|NONE
4,0:e|Rgb(42, 38, 23)|Rgb(101, 96, 75)|Reset|NONE
5,0:p|Rgb(42, 38, 23)|Rgb(101, 96, 75)|Reset|NONE
6,0:l|Rgb(42, 38, 23)|Rgb(101, 96, 75)|Reset|NONE
7,0:o|Rgb(42, 38, 23)|Rgb(101, 96, 75)|Reset|NONE
8,0:y|Rgb(42, 38, 23)|Rgb(101, 96, 75)|Reset|NONE
9,0:]|Rgb(42, 38, 23)|Rgb(101, 96, 75)|Reset|NONE
10,0:<|Rgb(42, 38, 23)|Rgb(101, 96, 75)|Reset|NONE
11,0: |Rgb(42, 38, 23)|Rgb(101, 96, 75)|Reset|NONE
12,0: |Rgb(42, 38, 23)|Rgb(101, 96, 75)|Reset|NONE
13,0: |Rgb(42, 38, 23)|Rgb(101, 96, 75)|Reset|NONE
14,0: |Rgb(42, 38, 23)|Rgb(101, 96, 75)|Reset|NONE
15,0: |Rgb(42, 38, 23)|Rgb(101, 96, 75)|Reset|NONE
16,0: |Rgb(42, 38, 23)|Rgb(101, 96, 75)|Reset|NONE
17,0: |Rgb(42, 38, 23)|Rgb(101, 96, 75)|Reset|NONE
18,0: |Rgb(42, 38, 23)|Rgb(101, 96, 75)|Reset|NONE
19,0: |Rgb(42, 38, 23)|Rgb(101, 96, 75)|Reset|NONE
20,0: |Rgb(42, 38, 23)|Rgb(101, 96, 75)|Reset|NONE
21,0: |Rgb(42, 38, 23)|Rgb(101, 96, 75)|Reset|NONE
22,0: |Rgb(42, 38, 23)|Rgb(101, 96, 75)|Reset|NONE
23,0: |Rgb(42, 38, 23)|Reset|Reset|NONE
0,1: |Reset|Reset|Reset|NONE
1,1: |Reset|Reset|Reset|NONE
2,1: |Reset|Reset|Reset|NONE
3,1: |Reset|Reset|Reset|NONE
4,1: |Reset|Reset|Reset|NONE
5,1: |Reset|Reset|Reset|NONE
6,1: |Reset|Reset|Reset|NONE
7,1: |Reset|Reset|Reset|NONE
8,1: |Reset|Reset|Reset|NONE
9,1: |Reset|Reset|Reset|NONE
10,1: |Reset|Reset|Reset|NONE
11,1: |Reset|Reset|Reset|NONE
12,1: |Reset|Reset|Reset|NONE
13,1: |Reset|Reset|Reset|NONE
14,1: |Reset|Reset|Reset|NONE
15,1: |Reset|Reset|Reset|NONE
16,1: |Reset|Reset|Reset|NONE
17,1: |Reset|Reset|Reset|NONE
18,1: |Reset|Reset|Reset|NONE
19,1: |Reset|Reset|Reset|NONE
20,1: |Reset|Reset|Reset|NONE
21,1: |Reset|Reset|Reset|NONE
22,1: |Reset|Reset|Reset|NONE
23,1: |Reset|Reset|Reset|NONE
0,2: |Reset|Reset|Reset|NONE
1,2: |Reset|Reset|Reset|NONE
2,2: |Reset|Reset|Reset|NONE
3,2: |Reset|Reset|Reset|NONE
4,2: |Reset|Reset|Reset|NONE
5,2: |Reset|Reset|Reset|NONE
6,2: |Reset|Reset|Reset|NONE
7,2: |Reset|Reset|Reset|NONE
8,2: |Reset|Reset|Reset|NONE
9,2: |Reset|Reset|Reset|NONE
10,2: |Reset|Reset|Reset|NONE
11,2: |Reset|Reset|Reset|NONE
12,2: |Reset|Reset|Reset|NONE
13,2: |Reset|Reset|Reset|NONE
14,2: |Reset|Reset|Reset|NONE
15,2: |Reset|Reset|Reset|NONE
16,2: |Reset|Reset|Reset|NONE
17,2: |Reset|Reset|Reset|NONE
18,2: |Reset|Reset|Reset|NONE
19,2: |Reset|Reset|Reset|NONE
20,2: |Reset|Reset|Reset|NONE
21,2: |Reset|Reset|Reset|NONE
22,2: |Reset|Reset|Reset|NONE
23,2: |Reset|Reset|Reset|NONE
