width=24 height=2
0,0:S|Rgb(58, 53, 39)|Reset|Reset|NONE
1,0:e|Rgb(58, 53, 39)|Reset|Reset|NONE
2,0:r|Rgb(58, 53, 39)|Reset|Reset|NONE
3,0:v|Rgb(58, 53, 39)|Reset|Reset|NONE
4,0:i|Rgb(58, 53, 39)|Reset|Reset|NONE
5,0:c|Rgb(58, 53, 39)|Reset|Reset|NONE
6,0:e|Rgb(58, 53, 39)|Reset|Reset|NONE
7,0: |Rgb(58, 53, 39)|Reset|Reset|NONE
8,0:d|Rgb(58, 53, 39)|Reset|Reset|NONE
9,0:a|Rgb(58, 53, 39)|Reset|Reset|NONE
10,0:s|Rgb(58, 53, 39)|Reset|Reset|NONE
11,0:h|Rgb(58, 53, 39)|Reset|Reset|NONE
12,0:b|Rgb(58, 53, 39)|Reset|Reset|NONE
13,0:o|Rgb(58, 53, 39)|Reset|Reset|NONE
14,0:a|Rgb(58, 53, 39)|Reset|Reset|NONE
15,0:r|Rgb(58, 53, 39)|Reset|Reset|NONE
16,0:d|Rgb(58, 53, 39)|Reset|Reset|NONE
17,0: |Rgb(58, 53, 39)|Reset|Reset|NONE
18,0: |Rgb(58, 53, 39)|Reset|Reset|NONE
19,0: |Rgb(58, 53, 39)|Reset|Reset|NONE
20,0: |Rgb(58, 53, 39)|Reset|Reset|NONE
21,0: |Rgb(58, 53, 39)|Reset|Reset|NONE
22,0: |Rgb(58, 53, 39)|Reset|Reset|NONE
23,0: |Rgb(58, 53, 39)|Reset|Reset|NONE
0,1:l|Rgb(101, 96, 75)|Reset|Reset|NONE
1,1:e|Rgb(101, 96, 75)|Reset|Reset|NONE
2,1:v|Rgb(101, 96, 75)|Reset|Reset|NONE
3,1:e|Rgb(101, 96, 75)|Reset|Reset|NONE
4,1:l|Rgb(101, 96, 75)|Reset|Reset|NONE
5,1: |Rgb(101, 96, 75)|Reset|Reset|NONE
6,1:4|Rgb(101, 96, 75)|Reset|Reset|NONE
7,1: |Rgb(101, 96, 75)|Reset|Reset|NONE
8,1: |Rgb(101, 96, 75)|Reset|Reset|NONE
9,1: |Rgb(101, 96, 75)|Reset|Reset|NONE
10,1: |Rgb(101, 96, 75)|Reset|Reset|NONE
11,1: |Rgb(101, 96, 75)|Reset|Reset|NONE
12,1: |Rgb(101, 96, 75)|Reset|Reset|NONE
13,1: |Rgb(101, 96, 75)|Reset|Reset|NONE
14,1: |Rgb(101, 96, 75)|Reset|Reset|NONE
15,1: |Rgb(101, 96, 75)|Reset|Reset|NONE
16,1: |Rgb(101, 96, 75)|Reset|Reset|NONE
17,1: |Rgb(101, 96, 75)|Reset|Reset|NONE
18,1: |Rgb(101, 96, 75)|Reset|Reset|NONE
19,1: |Rgb(101, 96, 75)|Reset|Reset|NONE
20,1: |Rgb(101, 96, 75)|Reset|Reset|NONE
21,1: |Rgb(101, 96, 75)|Reset|Reset|NONE
22,1: |Rgb(101, 96, 75)|Reset|Reset|NONE
23,1: |Rgb(101, 96, 75)|Reset|Reset|NONE
