width=24 height=2
0,0:S|Rgb(42, 38, 23)|Reset|Reset|BOLD
1,0:e|Rgb(42, 38, 23)|Reset|Reset|BOLD
2,0:r|Rgb(42, 38, 23)|Reset|Reset|BOLD
3,0:v|Rgb(42, 38, 23)|Reset|Reset|BOLD
4,0:i|Rgb(42, 38, 23)|Reset|Reset|BOLD
5,0:c|Rgb(42, 38, 23)|Reset|Reset|BOLD
6,0:e|Rgb(42, 38, 23)|Reset|Reset|BOLD
7,0: |Rgb(42, 38, 23)|Reset|Reset|BOLD
8,0:d|Rgb(42, 38, 23)|Reset|Reset|BOLD
9,0:a|Rgb(42, 38, 23)|Reset|Reset|BOLD
10,0:s|Rgb(42, 38, 23)|Reset|Reset|BOLD
11,0:h|Rgb(42, 38, 23)|Reset|Reset|BOLD
12,0:b|Rgb(42, 38, 23)|Reset|Reset|BOLD
13,0:o|Rgb(42, 38, 23)|Reset|Reset|BOLD
14,0:a|Rgb(42, 38, 23)|Reset|Reset|BOLD
15,0:r|Rgb(42, 38, 23)|Reset|Reset|BOLD
16,0:d|Rgb(42, 38, 23)|Reset|Reset|BOLD
17,0: |Rgb(42, 38, 23)|Reset|Reset|BOLD
18,0: |Rgb(42, 38, 23)|Reset|Reset|BOLD
19,0: |Rgb(42, 38, 23)|Reset|Reset|BOLD
20,0: |Rgb(42, 38, 23)|Reset|Reset|BOLD
21,0: |Rgb(42, 38, 23)|Reset|Reset|BOLD
22,0: |Rgb(42, 38, 23)|Reset|Reset|BOLD
23,0: |Rgb(42, 38, 23)|Reset|Reset|BOLD
0,1:l|Rgb(101, 96, 75)|Reset|Reset|NONE
1,1:e|Rgb(101, 96, 75)|Reset|Reset|NONE
2,1:v|Rgb(101, 96, 75)|Reset|Reset|NONE
3,1:e|Rgb(101, 96, 75)|Reset|Reset|NONE
4,1:l|Rgb(101, 96, 75)|Reset|Reset|NONE
5,1: |Rgb(101, 96, 75)|Reset|Reset|NONE
6,1:3|Rgb(101, 96, 75)|Reset|Reset|NONE
7,1: |Rgb(101, 96, 75)|Reset|Reset|NONE
8,1: |Rgb(101, 96, 75)|Reset|Reset|NONE
9,1: |Rgb(101, 96, 75)|Reset|Reset|NONE
10,1: |Rgb(101, 96, 75)|Reset|Reset|NONE
11,1: |Rgb(101, 96, 75)|Reset|Reset|NONE
12,1: |Rgb(101, 96, 75)|Reset|Reset|NONE
13,1: |Rgb(101, 96, 75)|Reset|Reset|NONE
14,1: |Rgb(101, 96, 75)|Reset|Reset|NONE
15,1: |Rgb(101, 96, 75)|Reset|Reset|NONE
16,1: |Rgb(101, 96, 75)|Reset|Reset|NONE
17,1: |Rgb(101, 96, 75)|Reset|Reset|NONE
18,1: |Rgb(101, 96, 75)|Reset|Reset|NONE
19,1: |Rgb(101, 96, 75)|Reset|Reset|NONE
20,1: |Rgb(101, 96, 75)|Reset|Reset|NONE
21,1: |Rgb(101, 96, 75)|Reset|Reset|NONE
22,1: |Rgb(101, 96, 75)|Reset|Reset|NONE
23,1: |Rgb(101, 96, 75)|Reset|Reset|NONE
