width=60 height=16
0,0:╭|Reset|Reset|Reset|NONE
1,0:─|Reset|Reset|Reset|NONE
2,0:─|Reset|Reset|Reset|NONE
3,0:─|Reset|Reset|Reset|NONE
4,0:─|Reset|Reset|Reset|NONE
5,0:─|Reset|Reset|Reset|NONE
6,0:─|Reset|Reset|Reset|NONE
7,0:─|Reset|Reset|Reset|NONE
8,0:─|Reset|Reset|Reset|NONE
9,0:─|Reset|Reset|Reset|NONE
10,0:─|Reset|Reset|Reset|NONE
11,0:─|Reset|Reset|Reset|NONE
12,0:─|Reset|Reset|Reset|NONE
13,0:─|Reset|Reset|Reset|NONE
14,0:─|Reset|Reset|Reset|NONE
15,0:─|Reset|Reset|Reset|NONE
16,0:─|Reset|Reset|Reset|NONE
17,0:─|Reset|Reset|Reset|NONE
18,0:─|Reset|Reset|Reset|NONE
19,0:─|Reset|Reset|Reset|NONE
20,0:─|Reset|Reset|Reset|NONE
21,0:─|Reset|Reset|Reset|NONE
22,0:─|Reset|Reset|Reset|NONE
23,0:─|Reset|Reset|Reset|NONE
24,0:─|Reset|Reset|Reset|NONE
25,0:─|Reset|Reset|Reset|NONE
26,0:─|Reset|Reset|Reset|NONE
27,0:─|Reset|Reset|Reset|NONE
28,0:─|Reset|Reset|Reset|NONE
29,0:─|Reset|Reset|Reset|NONE
30,0:─|Reset|Reset|Reset|NONE
31,0:─|Reset|Reset|Reset|NONE
32,0:─|Reset|Reset|Reset|NONE
33,0:─|Reset|Reset|Reset|NONE
34,0:─|Reset|Reset|Reset|NONE
35,0:─|Reset|Reset|Reset|NONE
36,0:─|Reset|Reset|Reset|NONE
37,0:─|Reset|Reset|Reset|NONE
38,0:─|Reset|Reset|Reset|NONE
39,0:─|Reset|Reset|Reset|NONE
40,0:─|Reset|Reset|Reset|NONE
41,0:─|Reset|Reset|Reset|NONE
42,0:─|Reset|Reset|Reset|NONE
43,0:─|Reset|Reset|Reset|NONE
44,0:─|Reset|Reset|Reset|NONE
45,0:─|Reset|Reset|Reset|NONE
46,0:─|Reset|Reset|Reset|NONE
47,0:─|Reset|Reset|Reset|NONE
48,0:─|Reset|Reset|Reset|NONE
49,0:─|Reset|Reset|Reset|NONE
50,0:─|Reset|Reset|Reset|NONE
51,0:─|Reset|Reset|Reset|NONE
52,0:─|Reset|Reset|Reset|NONE
53,0:─|Reset|Reset|Reset|NONE
54,0:─|Reset|Reset|Reset|NONE
55,0:─|Reset|Reset|Reset|NONE
56,0:─|Reset|Reset|Reset|NONE
57,0:─|Reset|Reset|Reset|NONE
58,0:─|Reset|Reset|Reset|NONE
59,0:╮|Reset|Reset|Reset|NONE
0,1:│|Reset|Reset|Reset|NONE
1,1: |Reset|Reset|Reset|NONE
2,1: |Reset|Reset|Reset|NONE
3,1: |Reset|Reset|Reset|NONE
4,1: |Reset|Reset|Reset|NONE
5,1: |Reset|Reset|Reset|NONE
6,1: |Reset|Reset|Reset|NONE
7,1: |Reset|Reset|Reset|NONE
8,1: |Reset|Reset|Reset|NONE
9,1: |Reset|Reset|Reset|NONE
10,1: |Reset|Reset|Reset|NONE
11,1: |Reset|Reset|Reset|NONE
12,1: |Reset|Reset|Reset|NONE
13,1: |Reset|Reset|Reset|NONE
14,1: |Reset|Reset|Reset|NONE
15,1: |Reset|Reset|Reset|NONE
16,1: |Reset|Reset|Reset|NONE
17,1: |Reset|Reset|Reset|NONE
18,1: |Reset|Reset|Reset|NONE
19,1: |Reset|Reset|Reset|NONE
20,1: |Reset|Reset|Reset|NONE
21,1: |Reset|Reset|Reset|NONE
22,1: |Reset|Reset|Reset|NONE
23,1: |Reset|Reset|Reset|NONE
24,1: |Reset|Reset|Reset|NONE
25,1: |Reset|Reset|Reset|NONE
26,1: |Reset|Reset|Reset|NONE
27,1: |Reset|Reset|Reset|NONE
28,1: |Reset|Reset|Reset|NONE
29,1: |Reset|Reset|Reset|NONE
30,1: |Reset|Reset|Reset|NONE
31,1: |Reset|Reset|Reset|NONE
32,1: |Reset|Reset|Reset|NONE
33,1: |Reset|Reset|Reset|NONE
34,1: |Reset|Reset|Reset|NONE
35,1: |Reset|Reset|Reset|NONE
36,1: |Reset|Reset|Reset|NONE
37,1: |Reset|Reset|Reset|NONE
38,1: |Reset|Reset|Reset|NONE
39,1: |Reset|Reset|Reset|NONE
40,1: |Reset|Reset|Reset|NONE
41,1: |Reset|Reset|Reset|NONE
42,1: |Reset|Reset|Reset|NONE
43,1: |Reset|Reset|Reset|NONE
44,1: |Reset|Reset|Reset|NONE
45,1: |Reset|Reset|Reset|NONE
46,1: |Reset|Reset|Reset|NONE
47,1: |Reset|Reset|Reset|NONE
48,1: |Reset|Reset|Reset|NONE
49,1: |Reset|Reset|Reset|NONE
50,1: |Reset|Reset|Reset|NONE
51,1: |Reset|Reset|Reset|NONE
52,1: |Reset|Reset|Reset|NONE
53,1: |Reset|Reset|Reset|NONE
54,1: |Reset|Reset|Reset|NONE
55,1: |Reset|Reset|Reset|NONE
56,1: |Reset|Reset|Reset|NONE
57,1: |Reset|Reset|Reset|NONE
58,1: |Reset|Reset|Reset|NONE
59,1:│|Reset|Reset|Reset|NONE
0,2:│|Reset|Reset|Reset|NONE
1,2: |Reset|Reset|Reset|NONE
2,2:I|Reset|Reset|Reset|BOLD
3,2:n|Reset|Reset|Reset|BOLD
4,2:v|Reset|Reset|Reset|BOLD
5,2:a|Reset|Reset|Reset|BOLD
6,2:l|Reset|Reset|Reset|BOLD
7,2:i|Reset|Reset|Reset|BOLD
8,2:d|Reset|Reset|Reset|BOLD
9,2: |Reset|Reset|Reset|BOLD
10,2:i|Reset|Reset|Reset|BOLD
11,2:n|Reset|Reset|Reset|BOLD
12,2:p|Reset|Reset|Reset|BOLD
13,2:u|Reset|Reset|Reset|BOLD
14,2:t|Reset|Reset|Reset|BOLD
15,2: |Reset|Reset|Reset|BOLD
16,2: |Reset|Reset|Reset|BOLD
17,2: |Reset|Reset|Reset|BOLD
18,2: |Reset|Reset|Reset|BOLD
19,2: |Reset|Reset|Reset|BOLD
20,2: |Reset|Reset|Reset|BOLD
21,2: |Reset|Reset|Reset|BOLD
22,2: |Reset|Reset|Reset|BOLD
23,2: |Reset|Reset|Reset|BOLD
24,2: |Reset|Reset|Reset|BOLD
25,2: |Reset|Reset|Reset|BOLD
26,2: |Reset|Reset|Reset|BOLD
27,2: |Reset|Reset|Reset|BOLD
28,2: |Reset|Reset|Reset|BOLD
29,2: |Reset|Reset|Reset|BOLD
30,2: |Reset|Reset|Reset|BOLD
31,2: |Reset|Reset|Reset|BOLD
32,2: |Reset|Reset|Reset|BOLD
33,2: |Reset|Reset|Reset|BOLD
34,2: |Reset|Reset|Reset|BOLD
35,2: |Reset|Reset|Reset|BOLD
36,2: |Reset|Reset|Reset|BOLD
37,2: |Reset|Reset|Reset|BOLD
38,2: |Reset|Reset|Reset|BOLD
39,2: |Reset|Reset|Reset|BOLD
40,2: |Reset|Reset|Reset|BOLD
41,2: |Reset|Reset|Reset|BOLD
42,2: |Reset|Reset|Reset|BOLD
43,2: |Reset|Reset|Reset|BOLD
44,2: |Reset|Reset|Reset|BOLD
45,2: |Reset|Reset|Reset|BOLD
46,2: |Reset|Reset|Reset|BOLD
47,2: |Reset|Reset|Reset|BOLD
48,2: |Reset|Reset|Reset|BOLD
49,2: |Reset|Reset|Reset|BOLD
50,2: |Reset|Reset|Reset|BOLD
51,2: |Reset|Reset|Reset|BOLD
52,2: |Reset|Reset|Reset|BOLD
53,2: |Reset|Reset|Reset|BOLD
54,2: |Reset|Reset|Reset|BOLD
55,2: |Reset|Reset|Reset|BOLD
56,2: |Reset|Reset|Reset|BOLD
57,2: |Reset|Reset|Reset|BOLD
58,2: |Reset|Reset|Reset|NONE
59,2:│|Reset|Reset|Reset|NONE
0,3:│|Reset|Reset|Reset|NONE
1,3: |Reset|Reset|Reset|NONE
2,3: |Reset|Reset|Reset|BOLD
3,3: |Reset|Reset|Reset|BOLD
4,3: |Reset|Reset|Reset|BOLD
5,3: |Reset|Reset|Reset|BOLD
6,3: |Reset|Reset|Reset|BOLD
7,3: |Reset|Reset|Reset|BOLD
8,3: |Reset|Reset|Reset|BOLD
9,3: |Reset|Reset|Reset|BOLD
10,3: |Reset|Reset|Reset|BOLD
11,3: |Reset|Reset|Reset|BOLD
12,3: |Reset|Reset|Reset|BOLD
13,3: |Reset|Reset|Reset|BOLD
14,3: |Reset|Reset|Reset|BOLD
15,3: |Reset|Reset|Reset|BOLD
16,3: |Reset|Reset|Reset|BOLD
17,3: |Reset|Reset|Reset|BOLD
18,3: |Reset|Reset|Reset|BOLD
19,3: |Reset|Reset|Reset|BOLD
20,3: |Reset|Reset|Reset|BOLD
21,3: |Reset|Reset|Reset|BOLD
22,3: |Reset|Reset|Reset|BOLD
23,3: |Reset|Reset|Reset|BOLD
24,3: |Reset|Reset|Reset|BOLD
25,3: |Reset|Reset|Reset|BOLD
26,3: |Reset|Reset|Reset|BOLD
27,3: |Reset|Reset|Reset|BOLD
28,3: |Reset|Reset|Reset|BOLD
29,3: |Reset|Reset|Reset|BOLD
30,3: |Reset|Reset|Reset|BOLD
31,3: |Reset|Reset|Reset|BOLD
32,3: |Reset|Reset|Reset|BOLD
33,3: |Reset|Reset|Reset|BOLD
34,3: |Reset|Reset|Reset|BOLD
35,3: |Reset|Reset|Reset|BOLD
36,3: |Reset|Reset|Reset|BOLD
37,3: |Reset|Reset|Reset|BOLD
38,3: |Reset|Reset|Reset|BOLD
39,3: |Reset|Reset|Reset|BOLD
40,3: |Reset|Reset|Reset|BOLD
41,3: |Reset|Reset|Reset|BOLD
42,3: |Reset|Reset|Reset|BOLD
43,3: |Reset|Reset|Reset|BOLD
44,3: |Reset|Reset|Reset|BOLD
45,3: |Reset|Reset|Reset|BOLD
46,3: |Reset|Reset|Reset|BOLD
47,3: |Reset|Reset|Reset|BOLD
48,3: |Reset|Reset|Reset|BOLD
49,3: |Reset|Reset|Reset|BOLD
50,3: |Reset|Reset|Reset|BOLD
51,3: |Reset|Reset|Reset|BOLD
52,3: |Reset|Reset|Reset|BOLD
53,3: |Reset|Reset|Reset|BOLD
54,3: |Reset|Reset|Reset|BOLD
55,3: |Reset|Reset|Reset|BOLD
56,3: |Reset|Reset|Reset|BOLD
57,3: |Reset|Reset|Reset|BOLD
58,3: |Reset|Reset|Reset|NONE
59,3:│|Reset|Reset|Reset|NONE
0,4:│|Reset|Reset|Reset|NONE
1,4: |Reset|Reset|Reset|NONE
2,4: |Reset|Reset|Reset|NONE
3,4: |Reset|Reset|Reset|NONE
4,4: |Reset|Reset|Reset|NONE
5,4: |Reset|Reset|Reset|NONE
6,4: |Reset|Reset|Reset|NONE
7,4: |Reset|Reset|Reset|NONE
8,4: |Reset|Reset|Reset|NONE
9,4: |Reset|Reset|Reset|NONE
10,4: |Reset|Reset|Reset|NONE
11,4: |Reset|Reset|Reset|NONE
12,4: |Reset|Reset|Reset|NONE
13,4: |Reset|Reset|Reset|NONE
14,4: |Reset|Reset|Reset|NONE
15,4: |Reset|Reset|Reset|NONE
16,4: |Reset|Reset|Reset|NONE
17,4: |Reset|Reset|Reset|NONE
18,4: |Reset|Reset|Reset|NONE
19,4: |Reset|Reset|Reset|NONE
20,4: |Reset|Reset|Reset|NONE
21,4: |Reset|Reset|Reset|NONE
22,4: |Reset|Reset|Reset|NONE
23,4: |Reset|Reset|Reset|NONE
24,4: |Reset|Reset|Reset|NONE
25,4: |Reset|Reset|Reset|NONE
26,4: |Reset|Reset|Reset|NONE
27,4: |Reset|Reset|Reset|NONE
28,4: |Reset|Reset|Reset|NONE
29,4: |Reset|Reset|Reset|NONE
30,4: |Reset|Reset|Reset|NONE
31,4: |Reset|Reset|Reset|NONE
32,4: |Reset|Reset|Reset|NONE
33,4: |Reset|Reset|Reset|NONE
34,4: |Reset|Reset|Reset|NONE
35,4: |Reset|Reset|Reset|NONE
36,4: |Reset|Reset|Reset|NONE
37,4: |Reset|Reset|Reset|NONE
38,4: |Reset|Reset|Reset|NONE
39,4: |Reset|Reset|Reset|NONE
40,4: |Reset|Reset|Reset|NONE
41,4: |Reset|Reset|Reset|NONE
42,4: |Reset|Reset|Reset|NONE
43,4: |Reset|Reset|Reset|NONE
44,4: |Reset|Reset|Reset|NONE
45,4: |Reset|Reset|Reset|NONE
46,4: |Reset|Reset|Reset|NONE
47,4: |Reset|Reset|Reset|NONE
48,4: |Reset|Reset|Reset|NONE
49,4: |Reset|Reset|Reset|NONE
50,4: |Reset|Reset|Reset|NONE
51,4: |Reset|Reset|Reset|NONE
52,4: |Reset|Reset|Reset|NONE
53,4: |Reset|Reset|Reset|NONE
54,4: |Reset|Reset|Reset|NONE
55,4:[|Reset|Reset|Reset|NONE
56,4:x|Reset|Reset|Reset|NONE
57,4:]|Reset|Reset|Reset|NONE
58,4: |Reset|Reset|Reset|NONE
59,4:│|Reset|Reset|Reset|NONE
0,5:│|Reset|Reset|Reset|NONE
1,5: |Reset|Reset|Reset|NONE
2,5:C|Reset|Reset|Reset|NONE
3,5:o|Reset|Reset|Reset|NONE
4,5:r|Reset|Reset|Reset|NONE
5,5:r|Reset|Reset|Reset|NONE
6,5:e|Reset|Reset|Reset|NONE
7,5:c|Reset|Reset|Reset|NONE
8,5:t|Reset|Reset|Reset|NONE
9,5: |Reset|Reset|Reset|NONE
10,5:t|Reset|Reset|Reset|NONE
11,5:h|Reset|Reset|Reset|NONE
12,5:e|Reset|Reset|Reset|NONE
13,5: |Reset|Reset|Reset|NONE
14,5:s|Reset|Reset|Reset|NONE
15,5:e|Reset|Reset|Reset|NONE
16,5:r|Reset|Reset|Reset|NONE
17,5:v|Reset|Reset|Reset|NONE
18,5:i|Reset|Reset|Reset|NONE
19,5:c|Reset|Reset|Reset|NONE
20,5:e|Reset|Reset|Reset|NONE
21,5: |Reset|Reset|Reset|NONE
22,5:n|Reset|Reset|Reset|NONE
23,5:a|Reset|Reset|Reset|NONE
24,5:m|Reset|Reset|Reset|NONE
25,5:e|Reset|Reset|Reset|NONE
26,5:.|Reset|Reset|Reset|NONE
27,5: |Reset|Reset|Reset|NONE
28,5: |Reset|Reset|Reset|NONE
29,5: |Reset|Reset|Reset|NONE
30,5: |Reset|Reset|Reset|NONE
31,5: |Reset|Reset|Reset|NONE
32,5: |Reset|Reset|Reset|NONE
33,5: |Reset|Reset|Reset|NONE
34,5: |Reset|Reset|Reset|NONE
35,5: |Reset|Reset|Reset|NONE
36,5: |Reset|Reset|Reset|NONE
37,5: |Reset|Reset|Reset|NONE
38,5: |Reset|Reset|Reset|NONE
39,5: |Reset|Reset|Reset|NONE
40,5: |Reset|Reset|Reset|NONE
41,5: |Reset|Reset|Reset|NONE
42,5: |Reset|Reset|Reset|NONE
43,5: |Reset|Reset|Reset|NONE
44,5: |Reset|Reset|Reset|NONE
45,5: |Reset|Reset|Reset|NONE
46,5: |Reset|Reset|Reset|NONE
47,5: |Reset|Reset|Reset|NONE
48,5: |Reset|Reset|Reset|NONE
49,5: |Reset|Reset|Reset|NONE
50,5: |Reset|Reset|Reset|NONE
51,5: |Reset|Reset|Reset|NONE
52,5: |Reset|Reset|Reset|NONE
53,5: |Reset|Reset|Reset|NONE
54,5: |Reset|Reset|Reset|NONE
55,5: |Reset|Reset|Reset|NONE
56,5: |Reset|Reset|Reset|NONE
57,5: |Reset|Reset|Reset|NONE
58,5: |Reset|Reset|Reset|NONE
59,5:│|Reset|Reset|Reset|NONE
0,6:│|Reset|Reset|Reset|NONE
1,6: |Reset|Reset|Reset|NONE
2,6:S|Reset|Reset|Reset|NONE
3,6:e|Reset|Reset|Reset|NONE
4,6:r|Reset|Reset|Reset|NONE
5,6:v|Reset|Reset|Reset|NONE
6,6:i|Reset|Reset|Reset|NONE
7,6:c|Reset|Reset|Reset|NONE
8,6:e|Reset|Reset|Reset|NONE
9,6: |Reset|Reset|Reset|NONE
10,6:i|Reset|Reset|Reset|NONE
11,6:s|Reset|Reset|Reset|NONE
12,6: |Reset|Reset|Reset|NONE
13,6:r|Reset|Reset|Reset|NONE
14,6:e|Reset|Reset|Reset|NONE
15,6:q|Reset|Reset|Reset|NONE
16,6:u|Reset|Reset|Reset|NONE
17,6:i|Reset|Reset|Reset|NONE
18,6:r|Reset|Reset|Reset|NONE
19,6:e|Reset|Reset|Reset|NONE
20,6:d|Reset|Reset|Reset|NONE
21,6: |Reset|Reset|Reset|NONE
22,6: |Reset|Reset|Reset|NONE
23,6: |Reset|Reset|Reset|NONE
24,6: |Reset|Reset|Reset|NONE
25,6: |Reset|Reset|Reset|NONE
26,6: |Reset|Reset|Reset|NONE
27,6: |Reset|Reset|Reset|NONE
28,6: |Reset|Reset|Reset|NONE
29,6: |Reset|Reset|Reset|NONE
30,6: |Reset|Reset|Reset|NONE
31,6: |Reset|Reset|Reset|NONE
32,6: |Reset|Reset|Reset|NONE
33,6: |Reset|Reset|Reset|NONE
34,6: |Reset|Reset|Reset|NONE
35,6: |Reset|Reset|Reset|NONE
36,6: |Reset|Reset|Reset|NONE
37,6: |Reset|Reset|Reset|NONE
38,6: |Reset|Reset|Reset|NONE
39,6: |Reset|Reset|Reset|NONE
40,6: |Reset|Reset|Reset|NONE
41,6: |Reset|Reset|Reset|NONE
42,6: |Reset|Reset|Reset|NONE
43,6: |Reset|Reset|Reset|NONE
44,6: |Reset|Reset|Reset|NONE
45,6: |Reset|Reset|Reset|NONE
46,6: |Reset|Reset|Reset|NONE
47,6: |Reset|Reset|Reset|NONE
48,6: |Reset|Reset|Reset|NONE
49,6: |Reset|Reset|Reset|NONE
50,6: |Reset|Reset|Reset|NONE
51,6: |Reset|Reset|Reset|NONE
52,6: |Reset|Reset|Reset|NONE
53,6: |Reset|Reset|Reset|NONE
54,6: |Reset|Reset|Reset|NONE
55,6: |Reset|Reset|Reset|NONE
56,6: |Reset|Reset|Reset|NONE
57,6: |Reset|Reset|Reset|NONE
58,6: |Reset|Reset|Reset|NONE
59,6:│|Reset|Reset|Reset|NONE
0,7:│|Reset|Reset|Reset|NONE
1,7: |Reset|Reset|Reset|NONE
2,7:─|Reset|Reset|Reset|NONE
3,7:─|Reset|Reset|Reset|NONE
4,7:─|Reset|Reset|Reset|NONE
5,7:─|Reset|Reset|Reset|NONE
6,7:─|Reset|Reset|Reset|NONE
7,7:─|Reset|Reset|Reset|NONE
8,7:─|Reset|Reset|Reset|NONE
9,7:─|Reset|Reset|Reset|NONE
10,7:─|Reset|Reset|Reset|NONE
11,7:─|Reset|Reset|Reset|NONE
12,7:─|Reset|Reset|Reset|NONE
13,7:─|Reset|Reset|Reset|NONE
14,7:─|Reset|Reset|Reset|NONE
15,7:─|Reset|Reset|Reset|NONE
16,7:─|Reset|Reset|Reset|NONE
17,7:─|Reset|Reset|Reset|NONE
18,7:─|Reset|Reset|Reset|NONE
19,7:─|Reset|Reset|Reset|NONE
20,7:─|Reset|Reset|Reset|NONE
21,7:─|Reset|Reset|Reset|NONE
22,7:─|Reset|Reset|Reset|NONE
23,7:─|Reset|Reset|Reset|NONE
24,7:─|Reset|Reset|Reset|NONE
25,7:─|Reset|Reset|Reset|NONE
26,7:─|Reset|Reset|Reset|NONE
27,7:─|Reset|Reset|Reset|NONE
28,7:─|Reset|Reset|Reset|NONE
29,7:─|Reset|Reset|Reset|NONE
30,7:─|Reset|Reset|Reset|NONE
31,7:─|Reset|Reset|Reset|NONE
32,7:─|Reset|Reset|Reset|NONE
33,7:─|Reset|Reset|Reset|NONE
34,7:─|Reset|Reset|Reset|NONE
35,7:─|Reset|Reset|Reset|NONE
36,7:─|Reset|Reset|Reset|NONE
37,7:─|Reset|Reset|Reset|NONE
38,7:─|Reset|Reset|Reset|NONE
39,7:─|Reset|Reset|Reset|NONE
40,7:─|Reset|Reset|Reset|NONE
41,7:─|Reset|Reset|Reset|NONE
42,7:─|Reset|Reset|Reset|NONE
43,7:─|Reset|Reset|Reset|NONE
44,7:─|Reset|Reset|Reset|NONE
45,7:─|Reset|Reset|Reset|NONE
46,7:─|Reset|Reset|Reset|NONE
47,7:─|Reset|Reset|Reset|NONE
48,7:─|Reset|Reset|Reset|NONE
49,7:─|Reset|Reset|Reset|NONE
50,7:─|Reset|Reset|Reset|NONE
51,7:─|Reset|Reset|Reset|NONE
52,7:─|Reset|Reset|Reset|NONE
53,7:─|Reset|Reset|Reset|NONE
54,7:─|Reset|Reset|Reset|NONE
55,7:─|Reset|Reset|Reset|NONE
56,7:─|Reset|Reset|Reset|NONE
57,7:─|Reset|Reset|Reset|NONE
58,7: |Reset|Reset|Reset|NONE
59,7:│|Reset|Reset|Reset|NONE
0,8:│|Reset|Reset|Reset|NONE
1,8: |Reset|Reset|Reset|NONE
2,8:E|Reset|Reset|Reset|NONE
3,8:s|Reset|Reset|Reset|NONE
4,8:c|Reset|Reset|Reset|NONE
5,8: |Reset|Reset|Reset|NONE
6,8:c|Reset|Reset|Reset|NONE
7,8:l|Reset|Reset|Reset|NONE
8,8:o|Reset|Reset|Reset|NONE
9,8:s|Reset|Reset|Reset|NONE
10,8:e|Reset|Reset|Reset|NONE
11,8: |Reset|Reset|Reset|NONE
12,8: |Reset|Reset|Reset|NONE
13,8: |Reset|Reset|Reset|NONE
14,8: |Reset|Reset|Reset|NONE
15,8: |Reset|Reset|Reset|NONE
16,8: |Reset|Reset|Reset|NONE
17,8: |Reset|Reset|Reset|NONE
18,8: |Reset|Reset|Reset|NONE
19,8: |Reset|Reset|Reset|NONE
20,8: |Reset|Reset|Reset|NONE
21,8: |Reset|Reset|Reset|NONE
22,8: |Reset|Reset|Reset|NONE
23,8: |Reset|Reset|Reset|NONE
24,8: |Reset|Reset|Reset|NONE
25,8: |Reset|Reset|Reset|NONE
26,8: |Reset|Reset|Reset|NONE
27,8: |Reset|Reset|Reset|NONE
28,8: |Reset|Reset|Reset|NONE
29,8: |Reset|Reset|Reset|NONE
30,8: |Reset|Reset|Reset|NONE
31,8: |Reset|Reset|Reset|NONE
32,8: |Reset|Reset|Reset|NONE
33,8: |Reset|Reset|Reset|NONE
34,8: |Reset|Reset|Reset|NONE
35,8: |Reset|Reset|Reset|NONE
36,8: |Reset|Reset|Reset|NONE
37,8: |Reset|Reset|Reset|NONE
38,8: |Reset|Reset|Reset|NONE
39,8: |Reset|Reset|Reset|NONE
40,8: |Reset|Reset|Reset|NONE
41,8: |Reset|Reset|Reset|NONE
42,8: |Reset|Reset|Reset|NONE
43,8: |Reset|Reset|Reset|NONE
44,8: |Reset|Reset|Reset|NONE
45,8: |Reset|Reset|Reset|NONE
46,8: |Reset|Reset|Reset|NONE
47,8: |Reset|Reset|Reset|NONE
48,8: |Reset|Reset|Reset|NONE
49,8: |Reset|Reset|Reset|NONE
50,8: |Reset|Reset|Reset|NONE
51,8: |Reset|Reset|Reset|NONE
52,8: |Reset|Reset|Reset|NONE
53,8: |Reset|Reset|Reset|NONE
54,8: |Reset|Reset|Reset|NONE
55,8: |Reset|Reset|Reset|NONE
56,8: |Reset|Reset|Reset|NONE
57,8: |Reset|Reset|Reset|NONE
58,8: |Reset|Reset|Reset|NONE
59,8:│|Reset|Reset|Reset|NONE
0,9:│|Reset|Reset|Reset|NONE
1,9: |Reset|Reset|Reset|NONE
2,9: |Reset|Reset|Reset|NONE
3,9: |Reset|Reset|Reset|NONE
4,9: |Reset|Reset|Reset|NONE
5,9: |Reset|Reset|Reset|NONE
6,9: |Reset|Reset|Reset|NONE
7,9: |Reset|Reset|Reset|NONE
8,9: |Reset|Reset|Reset|NONE
9,9: |Reset|Reset|Reset|NONE
10,9: |Reset|Reset|Reset|NONE
11,9: |Reset|Reset|Reset|NONE
12,9: |Reset|Reset|Reset|NONE
13,9: |Reset|Reset|Reset|NONE
14,9: |Reset|Reset|Reset|NONE
15,9: |Reset|Reset|Reset|NONE
16,9: |Reset|Reset|Reset|NONE
17,9: |Reset|Reset|Reset|NONE
18,9: |Reset|Reset|Reset|NONE
19,9: |Reset|Reset|Reset|NONE
20,9: |Reset|Reset|Reset|NONE
21,9: |Reset|Reset|Reset|NONE
22,9: |Reset|Reset|Reset|NONE
23,9: |Reset|Reset|Reset|NONE
24,9: |Reset|Reset|Reset|NONE
25,9: |Reset|Reset|Reset|NONE
26,9: |Reset|Reset|Reset|NONE
27,9: |Reset|Reset|Reset|NONE
28,9: |Reset|Reset|Reset|NONE
29,9: |Reset|Reset|Reset|NONE
30,9: |Reset|Reset|Reset|NONE
31,9: |Reset|Reset|Reset|NONE
32,9: |Reset|Reset|Reset|NONE
33,9: |Reset|Reset|Reset|NONE
34,9: |Reset|Reset|Reset|NONE
35,9: |Reset|Reset|Reset|NONE
36,9: |Reset|Reset|Reset|NONE
37,9: |Reset|Reset|Reset|NONE
38,9: |Reset|Reset|Reset|NONE
39,9: |Reset|Reset|Reset|NONE
40,9: |Reset|Reset|Reset|NONE
41,9: |Reset|Reset|Reset|NONE
42,9: |Reset|Reset|Reset|NONE
43,9: |Reset|Reset|Reset|NONE
44,9: |Reset|Reset|Reset|NONE
45,9: |Reset|Reset|Reset|NONE
46,9: |Reset|Reset|Reset|NONE
47,9: |Reset|Reset|Reset|NONE
48,9: |Reset|Reset|Reset|NONE
49,9: |Reset|Reset|Reset|NONE
50,9: |Reset|Reset|Reset|NONE
51,9: |Reset|Reset|Reset|NONE
52,9: |Reset|Reset|Reset|NONE
53,9: |Reset|Reset|Reset|NONE
54,9: |Reset|Reset|Reset|NONE
55,9: |Reset|Reset|Reset|NONE
56,9: |Reset|Reset|Reset|NONE
57,9: |Reset|Reset|Reset|NONE
58,9: |Reset|Reset|Reset|NONE
59,9:│|Reset|Reset|Reset|NONE
0,10:│|Reset|Reset|Reset|NONE
1,10: |Reset|Reset|Reset|NONE
2,10: |Reset|Reset|Reset|NONE
3,10: |Reset|Reset|Reset|NONE
4,10: |Reset|Reset|Reset|NONE
5,10: |Reset|Reset|Reset|NONE
6,10: |Reset|Reset|Reset|NONE
7,10: |Reset|Reset|Reset|NONE
8,10: |Reset|Reset|Reset|NONE
9,10: |Reset|Reset|Reset|NONE
10,10: |Reset|Reset|Reset|NONE
11,10: |Reset|Reset|Reset|NONE
12,10: |Reset|Reset|Reset|NONE
13,10: |Reset|Reset|Reset|NONE
14,10: |Reset|Reset|Reset|NONE
15,10: |Reset|Reset|Reset|NONE
16,10: |Reset|Reset|Reset|NONE
17,10: |Reset|Reset|Reset|NONE
18,10: |Reset|Reset|Reset|NONE
19,10: |Reset|Reset|Reset|NONE
20,10: |Reset|Reset|Reset|NONE
21,10: |Reset|Reset|Reset|NONE
22,10: |Reset|Reset|Reset|NONE
23,10: |Reset|Reset|Reset|NONE
24,10: |Reset|Reset|Reset|NONE
25,10: |Reset|Reset|Reset|NONE
26,10: |Reset|Reset|Reset|NONE
27,10: |Reset|Reset|Reset|NONE
28,10: |Reset|Reset|Reset|NONE
29,10: |Reset|Reset|Reset|NONE
30,10: |Reset|Reset|Reset|NONE
31,10: |Reset|Reset|Reset|NONE
32,10: |Reset|Reset|Reset|NONE
33,10: |Reset|Reset|Reset|NONE
34,10: |Reset|Reset|Reset|NONE
35,10: |Reset|Reset|Reset|NONE
36,10: |Reset|Reset|Reset|NONE
37,10: |Reset|Reset|Reset|NONE
38,10: |Reset|Reset|Reset|NONE
39,10: |Reset|Reset|Reset|NONE
40,10: |Reset|Reset|Reset|NONE
41,10: |Reset|Reset|Reset|NONE
42,10: |Reset|Reset|Reset|NONE
43,10: |Reset|Reset|Reset|NONE
44,10: |Reset|Reset|Reset|NONE
45,10: |Reset|Reset|Reset|NONE
46,10: |Reset|Reset|Reset|NONE
47,10: |Reset|Reset|Reset|NONE
48,10: |Reset|Reset|Reset|NONE
49,10: |Reset|Reset|Reset|NONE
50,10: |Reset|Reset|Reset|NONE
51,10: |Reset|Reset|Reset|NONE
52,10: |Reset|Reset|Reset|NONE
53,10: |Reset|Reset|Reset|NONE
54,10: |Reset|Reset|Reset|NONE
55,10: |Reset|Reset|Reset|NONE
56,10: |Reset|Reset|Reset|NONE
57,10: |Reset|Reset|Reset|NONE
58,10: |Reset|Reset|Reset|NONE
59,10:│|Reset|Reset|Reset|NONE
0,11:│|Reset|Reset|Reset|NONE
1,11: |Reset|Reset|Reset|NONE
2,11: |Reset|Reset|Reset|NONE
3,11: |Reset|Reset|Reset|NONE
4,11: |Reset|Reset|Reset|NONE
5,11: |Reset|Reset|Reset|NONE
6,11: |Reset|Reset|Reset|NONE
7,11: |Reset|Reset|Reset|NONE
8,11: |Reset|Reset|Reset|NONE
9,11: |Reset|Reset|Reset|NONE
10,11: |Reset|Reset|Reset|NONE
11,11: |Reset|Reset|Reset|NONE
12,11: |Reset|Reset|Reset|NONE
13,11: |Reset|Reset|Reset|NONE
14,11: |Reset|Reset|Reset|NONE
15,11: |Reset|Reset|Reset|NONE
16,11: |Reset|Reset|Reset|NONE
17,11: |Reset|Reset|Reset|NONE
18,11: |Reset|Reset|Reset|NONE
19,11: |Reset|Reset|Reset|NONE
20,11: |Reset|Reset|Reset|NONE
21,11: |Reset|Reset|Reset|NONE
22,11: |Reset|Reset|Reset|NONE
23,11: |Reset|Reset|Reset|NONE
24,11: |Reset|Reset|Reset|NONE
25,11: |Reset|Reset|Reset|NONE
26,11: |Reset|Reset|Reset|NONE
27,11: |Reset|Reset|Reset|NONE
28,11: |Reset|Reset|Reset|NONE
29,11: |Reset|Reset|Reset|NONE
30,11: |Reset|Reset|Reset|NONE
31,11: |Reset|Reset|Reset|NONE
32,11: |Reset|Reset|Reset|NONE
33,11: |Reset|Reset|Reset|NONE
34,11: |Reset|Reset|Reset|NONE
35,11: |Reset|Reset|Reset|NONE
36,11: |Reset|Reset|Reset|NONE
37,11: |Reset|Reset|Reset|NONE
38,11: |Reset|Reset|Reset|NONE
39,11: |Reset|Reset|Reset|NONE
40,11: |Reset|Reset|Reset|NONE
41,11: |Reset|Reset|Reset|NONE
42,11: |Reset|Reset|Reset|NONE
43,11: |Reset|Reset|Reset|NONE
44,11: |Reset|Reset|Reset|NONE
45,11: |Reset|Reset|Reset|NONE
46,11: |Reset|Reset|Reset|NONE
47,11: |Reset|Reset|Reset|NONE
48,11: |Reset|Reset|Reset|NONE
49,11: |Reset|Reset|Reset|NONE
50,11: |Reset|Reset|Reset|NONE
51,11: |Reset|Reset|Reset|NONE
52,11: |Reset|Reset|Reset|NONE
53,11: |Reset|Reset|Reset|NONE
54,11: |Reset|Reset|Reset|NONE
55,11: |Reset|Reset|Reset|NONE
56,11: |Reset|Reset|Reset|NONE
57,11: |Reset|Reset|Reset|NONE
58,11: |Reset|Reset|Reset|NONE
59,11:│|Reset|Reset|Reset|NONE
0,12:│|Reset|Reset|Reset|NONE
1,12: |Reset|Reset|Reset|NONE
2,12: |Reset|Reset|Reset|NONE
3,12: |Reset|Reset|Reset|NONE
4,12: |Reset|Reset|Reset|NONE
5,12: |Reset|Reset|Reset|NONE
6,12: |Reset|Reset|Reset|NONE
7,12: |Reset|Reset|Reset|NONE
8,12: |Reset|Reset|Reset|NONE
9,12: |Reset|Reset|Reset|NONE
10,12: |Reset|Reset|Reset|NONE
11,12: |Reset|Reset|Reset|NONE
12,12: |Reset|Reset|Reset|NONE
13,12: |Reset|Reset|Reset|NONE
14,12: |Reset|Reset|Reset|NONE
15,12: |Reset|Reset|Reset|NONE
16,12: |Reset|Reset|Reset|NONE
17,12: |Reset|Reset|Reset|NONE
18,12: |Reset|Reset|Reset|NONE
19,12: |Reset|Reset|Reset|NONE
20,12: |Reset|Reset|Reset|NONE
21,12: |Reset|Reset|Reset|NONE
22,12: |Reset|Reset|Reset|NONE
23,12: |Reset|Reset|Reset|NONE
24,12: |Reset|Reset|Reset|NONE
25,12: |Reset|Reset|Reset|NONE
26,12: |Reset|Reset|Reset|NONE
27,12: |Reset|Reset|Reset|NONE
28,12: |Reset|Reset|Reset|NONE
29,12: |Reset|Reset|Reset|NONE
30,12: |Reset|Reset|Reset|NONE
31,12: |Reset|Reset|Reset|NONE
32,12: |Reset|Reset|Reset|NONE
33,12: |Reset|Reset|Reset|NONE
34,12: |Reset|Reset|Reset|NONE
35,12: |Reset|Reset|Reset|NONE
36,12: |Reset|Reset|Reset|NONE
37,12: |Reset|Reset|Reset|NONE
38,12: |Reset|Reset|Reset|NONE
39,12: |Reset|Reset|Reset|NONE
40,12: |Reset|Reset|Reset|NONE
41,12: |Reset|Reset|Reset|NONE
42,12: |Reset|Reset|Reset|NONE
43,12: |Reset|Reset|Reset|NONE
44,12: |Reset|Reset|Reset|NONE
45,12: |Reset|Reset|Reset|NONE
46,12: |Reset|Reset|Reset|NONE
47,12: |Reset|Reset|Reset|NONE
48,12: |Reset|Reset|Reset|NONE
49,12: |Reset|Reset|Reset|NONE
50,12: |Reset|Reset|Reset|NONE
51,12: |Reset|Reset|Reset|NONE
52,12: |Reset|Reset|Reset|NONE
53,12: |Reset|Reset|Reset|NONE
54,12: |Reset|Reset|Reset|NONE
55,12: |Reset|Reset|Reset|NONE
56,12: |Reset|Reset|Reset|NONE
57,12: |Reset|Reset|Reset|NONE
58,12: |Reset|Reset|Reset|NONE
59,12:│|Reset|Reset|Reset|NONE
0,13:│|Reset|Reset|Reset|NONE
1,13: |Reset|Reset|Reset|NONE
2,13: |Reset|Reset|Reset|NONE
3,13: |Reset|Reset|Reset|NONE
4,13: |Reset|Reset|Reset|NONE
5,13: |Reset|Reset|Reset|NONE
6,13: |Reset|Reset|Reset|NONE
7,13: |Reset|Reset|Reset|NONE
8,13: |Reset|Reset|Reset|NONE
9,13: |Reset|Reset|Reset|NONE
10,13: |Reset|Reset|Reset|NONE
11,13: |Reset|Reset|Reset|NONE
12,13: |Reset|Reset|Reset|NONE
13,13: |Reset|Reset|Reset|NONE
14,13: |Reset|Reset|Reset|NONE
15,13: |Reset|Reset|Reset|NONE
16,13: |Reset|Reset|Reset|NONE
17,13: |Reset|Reset|Reset|NONE
18,13: |Reset|Reset|Reset|NONE
19,13: |Reset|Reset|Reset|NONE
20,13: |Reset|Reset|Reset|NONE
21,13: |Reset|Reset|Reset|NONE
22,13: |Reset|Reset|Reset|NONE
23,13: |Reset|Reset|Reset|NONE
24,13: |Reset|Reset|Reset|NONE
25,13: |Reset|Reset|Reset|NONE
26,13: |Reset|Reset|Reset|NONE
27,13: |Reset|Reset|Reset|NONE
28,13: |Reset|Reset|Reset|NONE
29,13: |Reset|Reset|Reset|NONE
30,13: |Reset|Reset|Reset|NONE
31,13: |Reset|Reset|Reset|NONE
32,13: |Reset|Reset|Reset|NONE
33,13: |Reset|Reset|Reset|NONE
34,13: |Reset|Reset|Reset|NONE
35,13: |Reset|Reset|Reset|NONE
36,13: |Reset|Reset|Reset|NONE
37,13: |Reset|Reset|Reset|NONE
38,13: |Reset|Reset|Reset|NONE
39,13: |Reset|Reset|Reset|NONE
40,13: |Reset|Reset|Reset|NONE
41,13: |Reset|Reset|Reset|NONE
42,13: |Reset|Reset|Reset|NONE
43,13: |Reset|Reset|Reset|NONE
44,13: |Reset|Reset|Reset|NONE
45,13: |Reset|Reset|Reset|NONE
46,13: |Reset|Reset|Reset|NONE
47,13: |Reset|Reset|Reset|NONE
48,13: |Reset|Reset|Reset|NONE
49,13: |Reset|Reset|Reset|NONE
50,13: |Reset|Reset|Reset|NONE
51,13: |Reset|Reset|Reset|NONE
52,13: |Reset|Reset|Reset|NONE
53,13: |Reset|Reset|Reset|NONE
54,13: |Reset|Reset|Reset|NONE
55,13: |Reset|Reset|Reset|NONE
56,13: |Reset|Reset|Reset|NONE
57,13: |Reset|Reset|Reset|NONE
58,13: |Reset|Reset|Reset|NONE
59,13:│|Reset|Reset|Reset|NONE
0,14:│|Reset|Reset|Reset|NONE
1,14: |Reset|Reset|Reset|NONE
2,14: |Reset|Reset|Reset|NONE
3,14: |Reset|Reset|Reset|NONE
4,14: |Reset|Reset|Reset|NONE
5,14: |Reset|Reset|Reset|NONE
6,14: |Reset|Reset|Reset|NONE
7,14: |Reset|Reset|Reset|NONE
8,14: |Reset|Reset|Reset|NONE
9,14: |Reset|Reset|Reset|NONE
10,14: |Reset|Reset|Reset|NONE
11,14: |Reset|Reset|Reset|NONE
12,14: |Reset|Reset|Reset|NONE
13,14: |Reset|Reset|Reset|NONE
14,14: |Reset|Reset|Reset|NONE
15,14: |Reset|Reset|Reset|NONE
16,14: |Reset|Reset|Reset|NONE
17,14: |Reset|Reset|Reset|NONE
18,14: |Reset|Reset|Reset|NONE
19,14: |Reset|Reset|Reset|NONE
20,14: |Reset|Reset|Reset|NONE
21,14: |Reset|Reset|Reset|NONE
22,14: |Reset|Reset|Reset|NONE
23,14: |Reset|Reset|Reset|NONE
24,14: |Reset|Reset|Reset|NONE
25,14: |Reset|Reset|Reset|NONE
26,14: |Reset|Reset|Reset|NONE
27,14: |Reset|Reset|Reset|NONE
28,14: |Reset|Reset|Reset|NONE
29,14: |Reset|Reset|Reset|NONE
30,14: |Reset|Reset|Reset|NONE
31,14: |Reset|Reset|Reset|NONE
32,14: |Reset|Reset|Reset|NONE
33,14: |Reset|Reset|Reset|NONE
34,14: |Reset|Reset|Reset|NONE
35,14: |Reset|Reset|Reset|NONE
36,14: |Reset|Reset|Reset|NONE
37,14: |Reset|Reset|Reset|NONE
38,14: |Reset|Reset|Reset|NONE
39,14: |Reset|Reset|Reset|NONE
40,14: |Reset|Reset|Reset|NONE
41,14: |Reset|Reset|Reset|NONE
42,14: |Reset|Reset|Reset|NONE
43,14: |Reset|Reset|Reset|NONE
44,14: |Reset|Reset|Reset|NONE
45,14: |Reset|Reset|Reset|NONE
46,14: |Reset|Reset|Reset|NONE
47,14: |Reset|Reset|Reset|NONE
48,14: |Reset|Reset|Reset|NONE
49,14: |Reset|Reset|Reset|NONE
50,14: |Reset|Reset|Reset|NONE
51,14: |Reset|Reset|Reset|NONE
52,14: |Reset|Reset|Reset|NONE
53,14: |Reset|Reset|Reset|NONE
54,14: |Reset|Reset|Reset|NONE
55,14: |Reset|Reset|Reset|NONE
56,14: |Reset|Reset|Reset|NONE
57,14: |Reset|Reset|Reset|NONE
58,14: |Reset|Reset|Reset|NONE
59,14:│|Reset|Reset|Reset|NONE
0,15:╰|Reset|Reset|Reset|NONE
1,15:─|Reset|Reset|Reset|NONE
2,15:─|Reset|Reset|Reset|NONE
3,15:─|Reset|Reset|Reset|NONE
4,15:─|Reset|Reset|Reset|NONE
5,15:─|Reset|Reset|Reset|NONE
6,15:─|Reset|Reset|Reset|NONE
7,15:─|Reset|Reset|Reset|NONE
8,15:─|Reset|Reset|Reset|NONE
9,15:─|Reset|Reset|Reset|NONE
10,15:─|Reset|Reset|Reset|NONE
11,15:─|Reset|Reset|Reset|NONE
12,15:─|Reset|Reset|Reset|NONE
13,15:─|Reset|Reset|Reset|NONE
14,15:─|Reset|Reset|Reset|NONE
15,15:─|Reset|Reset|Reset|NONE
16,15:─|Reset|Reset|Reset|NONE
17,15:─|Reset|Reset|Reset|NONE
18,15:─|Reset|Reset|Reset|NONE
19,15:─|Reset|Reset|Reset|NONE
20,15:─|Reset|Reset|Reset|NONE
21,15:─|Reset|Reset|Reset|NONE
22,15:─|Reset|Reset|Reset|NONE
23,15:─|Reset|Reset|Reset|NONE
24,15:─|Reset|Reset|Reset|NONE
25,15:─|Reset|Reset|Reset|NONE
26,15:─|Reset|Reset|Reset|NONE
27,15:─|Reset|Reset|Reset|NONE
28,15:─|Reset|Reset|Reset|NONE
29,15:─|Reset|Reset|Reset|NONE
30,15:─|Reset|Reset|Reset|NONE
31,15:─|Reset|Reset|Reset|NONE
32,15:─|Reset|Reset|Reset|NONE
33,15:─|Reset|Reset|Reset|NONE
34,15:─|Reset|Reset|Reset|NONE
35,15:─|Reset|Reset|Reset|NONE
36,15:─|Reset|Reset|Reset|NONE
37,15:─|Reset|Reset|Reset|NONE
38,15:─|Reset|Reset|Reset|NONE
39,15:─|Reset|Reset|Reset|NONE
40,15:─|Reset|Reset|Reset|NONE
41,15:─|Reset|Reset|Reset|NONE
42,15:─|Reset|Reset|Reset|NONE
43,15:─|Reset|Reset|Reset|NONE
44,15:─|Reset|Reset|Reset|NONE
45,15:─|Reset|Reset|Reset|NONE
46,15:─|Reset|Reset|Reset|NONE
47,15:─|Reset|Reset|Reset|NONE
48,15:─|Reset|Reset|Reset|NONE
49,15:─|Reset|Reset|Reset|NONE
50,15:─|Reset|Reset|Reset|NONE
51,15:─|Reset|Reset|Reset|NONE
52,15:─|Reset|Reset|Reset|NONE
53,15:─|Reset|Reset|Reset|NONE
54,15:─|Reset|Reset|Reset|NONE
55,15:─|Reset|Reset|Reset|NONE
56,15:─|Reset|Reset|Reset|NONE
57,15:─|Reset|Reset|Reset|NONE
58,15:─|Reset|Reset|Reset|NONE
59,15:╯|Reset|Reset|Reset|NONE
