width=40 height=5
0,0:┌|Reset|Reset|Reset|NONE
1,0:─|Reset|Reset|Reset|NONE
2,0:─|Reset|Reset|Reset|NONE
3,0:─|Reset|Reset|Reset|NONE
4,0:─|Reset|Reset|Reset|NONE
5,0:─|Reset|Reset|Reset|NONE
6,0:─|Reset|Reset|Reset|NONE
7,0:─|Reset|Reset|Reset|NONE
8,0:─|Reset|Reset|Reset|NONE
9,0:─|Reset|Reset|Reset|NONE
10,0:─|Reset|Reset|Reset|NONE
11,0:─|Reset|Reset|Reset|NONE
12,0:─|Reset|Reset|Reset|NONE
13,0:─|Reset|Reset|Reset|NONE
14,0:─|Reset|Reset|Reset|NONE
15,0:─|Reset|Reset|Reset|NONE
16,0:─|Reset|Reset|Reset|NONE
17,0:─|Reset|Reset|Reset|NONE
18,0:─|Reset|Reset|Reset|NONE
19,0:─|Reset|Reset|Reset|NONE
20,0:─|Reset|Reset|Reset|NONE
21,0:─|Reset|Reset|Reset|NONE
22,0:─|Reset|Reset|Reset|NONE
23,0:─|Reset|Reset|Reset|NONE
24,0:─|Reset|Reset|Reset|NONE
25,0:─|Reset|Reset|Reset|NONE
26,0:─|Reset|Reset|Reset|NONE
27,0:─|Reset|Reset|Reset|NONE
28,0:─|Reset|Reset|Reset|NONE
29,0:─|Reset|Reset|Reset|NONE
30,0:─|Reset|Reset|Reset|NONE
31,0:─|Reset|Reset|Reset|NONE
32,0:─|Reset|Reset|Reset|NONE
33,0:─|Reset|Reset|Reset|NONE
34,0:─|Reset|Reset|Reset|NONE
35,0:─|Reset|Reset|Reset|NONE
36,0:─|Reset|Reset|Reset|NONE
37,0:─|Reset|Reset|Reset|NONE
38,0:─|Reset|Reset|Reset|NONE
39,0:┐|Reset|Reset|Reset|NONE
0,1:│|Reset|Reset|Reset|NONE
1,1:J|Reset|Reset|Reset|BOLD
2,1:o|Reset|Reset|Reset|BOLD
3,1:u|Reset|Reset|Reset|BOLD
4,1:r|Reset|Reset|Reset|BOLD
5,1:n|Reset|Reset|Reset|BOLD
6,1:a|Reset|Reset|Reset|BOLD
7,1:l|Reset|Reset|Reset|BOLD
8,1: |Reset|Reset|Reset|BOLD
9,1:F|Reset|Reset|Reset|BOLD
10,1:O|Reset|Reset|Reset|BOLD
11,1:L|Reset|Reset|Reset|BOLD
12,1:L|Reset|Reset|Reset|BOLD
13,1:O|Reset|Reset|Reset|BOLD
14,1:W|Reset|Reset|Reset|BOLD
15,1:I|Reset|Reset|Reset|BOLD
16,1:N|Reset|Reset|Reset|BOLD
17,1:G|Reset|Reset|Reset|BOLD
18,1: |Reset|Reset|Reset|BOLD
19,1: |Reset|Reset|Reset|BOLD
20,1: |Reset|Reset|Reset|BOLD
21,1: |Reset|Reset|Reset|BOLD
22,1: |Reset|Reset|Reset|BOLD
23,1: |Reset|Reset|Reset|BOLD
24,1: |Reset|Reset|Reset|BOLD
25,1: |Reset|Reset|Reset|BOLD
26,1: |Reset|Reset|Reset|BOLD
27,1: |Reset|Reset|Reset|BOLD
28,1: |Reset|Reset|Reset|BOLD
29,1: |Reset|Reset|Reset|BOLD
30,1: |Reset|Reset|Reset|BOLD
31,1: |Reset|Reset|Reset|BOLD
32,1: |Reset|Reset|Reset|BOLD
33,1: |Reset|Reset|Reset|BOLD
34,1: |Reset|Reset|Reset|BOLD
35,1: |Reset|Reset|Reset|BOLD
36,1: |Reset|Reset|Reset|BOLD
37,1: |Reset|Reset|Reset|BOLD
38,1: |Reset|Reset|Reset|BOLD
39,1:│|Reset|Reset|Reset|NONE
0,2:│|Reset|Reset|Reset|NONE
1,2:↑|Reset|Reset|Reset|NONE
2,2: |Reset|Reset|Reset|NONE
3,2:[|Reset|Reset|Reset|NONE
4,2:1|Reset|Reset|Reset|NONE
5,2:2|Reset|Reset|Reset|NONE
6,2::|Reset|Reset|Reset|NONE
7,2:0|Reset|Reset|Reset|NONE
8,2:0|Reset|Reset|Reset|NONE
9,2:]|Reset|Reset|Reset|NONE
10,2: |Reset|Reset|Reset|NONE
11,2:l|Reset|Reset|Reset|NONE
12,2:o|Reset|Reset|Reset|NONE
13,2:g|Reset|Reset|Reset|NONE
14,2: |Reset|Reset|Reset|NONE
15,2:l|Reset|Reset|Reset|NONE
16,2:i|Reset|Reset|Reset|NONE
17,2:n|Reset|Reset|Reset|NONE
18,2:e|Reset|Reset|Reset|NONE
19,2: |Reset|Reset|Reset|NONE
20,2:1|Reset|Reset|Reset|NONE
21,2: |Reset|Reset|Reset|NONE
22,2: |Reset|Reset|Reset|NONE
23,2: |Reset|Reset|Reset|NONE
24,2: |Reset|Reset|Reset|NONE
25,2: |Reset|Reset|Reset|NONE
26,2: |Reset|Reset|Reset|NONE
27,2: |Reset|Reset|Reset|NONE
28,2: |Reset|Reset|Reset|NONE
29,2: |Reset|Reset|Reset|NONE
30,2: |Reset|Reset|Reset|NONE
31,2: |Reset|Reset|Reset|NONE
32,2: |Reset|Reset|Reset|NONE
33,2: |Reset|Reset|Reset|NONE
34,2: |Reset|Reset|Reset|NONE
35,2: |Reset|Reset|Reset|NONE
36,2: |Reset|Reset|Reset|NONE
37,2: |Reset|Reset|Reset|NONE
38,2: |Reset|Reset|Reset|NONE
39,2:│|Reset|Reset|Reset|NONE
0,3:│|Reset|Reset|Reset|NONE
1,3: |Reset|Reset|Reset|NONE
2,3: |Reset|Reset|Reset|NONE
3,3: |Reset|Reset|Reset|NONE
4,3: |Reset|Reset|Reset|NONE
5,3: |Reset|Reset|Reset|NONE
6,3: |Reset|Reset|Reset|NONE
7,3: |Reset|Reset|Reset|NONE
8,3: |Reset|Reset|Reset|NONE
9,3: |Reset|Reset|Reset|NONE
10,3: |Reset|Reset|Reset|NONE
11,3: |Reset|Reset|Reset|NONE
12,3: |Reset|Reset|Reset|NONE
13,3: |Reset|Reset|Reset|NONE
14,3: |Reset|Reset|Reset|NONE
15,3: |Reset|Reset|Reset|NONE
16,3: |Reset|Reset|Reset|NONE
17,3: |Reset|Reset|Reset|NONE
18,3: |Reset|Reset|Reset|NONE
19,3: |Reset|Reset|Reset|NONE
20,3: |Reset|Reset|Reset|NONE
21,3: |Reset|Reset|Reset|NONE
22,3: |Reset|Reset|Reset|NONE
23,3: |Reset|Reset|Reset|NONE
24,3: |Reset|Reset|Reset|NONE
25,3: |Reset|Reset|Reset|NONE
26,3: |Reset|Reset|Reset|NONE
27,3: |Reset|Reset|Reset|NONE
28,3: |Reset|Reset|Reset|NONE
29,3: |Reset|Reset|Reset|NONE
30,3: |Reset|Reset|Reset|NONE
31,3: |Reset|Reset|Reset|NONE
32,3: |Reset|Reset|Reset|NONE
33,3: |Reset|Reset|Reset|NONE
34,3: |Reset|Reset|Reset|NONE
35,3: |Reset|Reset|Reset|NONE
36,3: |Reset|Reset|Reset|NONE
37,3: |Reset|Reset|Reset|NONE
38,3: |Reset|Reset|Reset|NONE
39,3:│|Reset|Reset|Reset|NONE
0,4:└|Reset|Reset|Reset|NONE
1,4:─|Reset|Reset|Reset|NONE
2,4:─|Reset|Reset|Reset|NONE
3,4:─|Reset|Reset|Reset|NONE
4,4:─|Reset|Reset|Reset|NONE
5,4:─|Reset|Reset|Reset|NONE
6,4:─|Reset|Reset|Reset|NONE
7,4:─|Reset|Reset|Reset|NONE
8,4:─|Reset|Reset|Reset|NONE
9,4:─|Reset|Reset|Reset|NONE
10,4:─|Reset|Reset|Reset|NONE
11,4:─|Reset|Reset|Reset|NONE
12,4:─|Reset|Reset|Reset|NONE
13,4:─|Reset|Reset|Reset|NONE
14,4:─|Reset|Reset|Reset|NONE
15,4:─|Reset|Reset|Reset|NONE
16,4:─|Reset|Reset|Reset|NONE
17,4:─|Reset|Reset|Reset|NONE
18,4:─|Reset|Reset|Reset|NONE
19,4:─|Reset|Reset|Reset|NONE
20,4:─|Reset|Reset|Reset|NONE
21,4:─|Reset|Reset|Reset|NONE
22,4:─|Reset|Reset|Reset|NONE
23,4:─|Reset|Reset|Reset|NONE
24,4:─|Reset|Reset|Reset|NONE
25,4:─|Reset|Reset|Reset|NONE
26,4:─|Reset|Reset|Reset|NONE
27,4:─|Reset|Reset|Reset|NONE
28,4:─|Reset|Reset|Reset|NONE
29,4:─|Reset|Reset|Reset|NONE
30,4:─|Reset|Reset|Reset|NONE
31,4:─|Reset|Reset|Reset|NONE
32,4:─|Reset|Reset|Reset|NONE
33,4:─|Reset|Reset|Reset|NONE
34,4:─|Reset|Reset|Reset|NONE
35,4:─|Reset|Reset|Reset|NONE
36,4:─|Reset|Reset|Reset|NONE
37,4:─|Reset|Reset|Reset|NONE
38,4:─|Reset|Reset|Reset|NONE
39,4:┘|Reset|Reset|Reset|NONE
