width=40 height=3
0,0:E|Gray|Reset|Reset|NONE
1,0:r|Gray|Reset|Reset|NONE
2,0:r|Gray|Reset|Reset|NONE
3,0:o|Gray|Reset|Reset|NONE
4,0:r|Gray|Reset|Reset|NONE
5,0::|Gray|Reset|Reset|NONE
6,0: |Gray|Reset|Reset|NONE
7,0: |Gray|Reset|Reset|NONE
8,0: |Gray|Reset|Reset|NONE
9,0: |Gray|Reset|Reset|NONE
10,0: |Gray|Reset|Reset|NONE
11,0: |Gray|Reset|Reset|NONE
12,0: |Gray|Reset|Reset|NONE
13,0: |Gray|Reset|Reset|NONE
14,0: |Gray|Reset|Reset|NONE
15,0: |Gray|Reset|Reset|NONE
16,0: |Gray|Reset|Reset|NONE
17,0: |Gray|Reset|Reset|NONE
18,0: |Gray|Reset|Reset|NONE
19,0: |Gray|Reset|Reset|NONE
20,0:░|Gray|Reset|Reset|NONE
21,0:░|Gray|Reset|Reset|NONE
22,0:░|Gray|Reset|Reset|NONE
23,0:░|Gray|Reset|Reset|NONE
24,0:░|Gray|Reset|Reset|NONE
25,0:░|Gray|Reset|Reset|NONE
26,0:░|Gray|Reset|Reset|NONE
27,0:░|Gray|Reset|Reset|NONE
28,0:░|Gray|Reset|Reset|NONE
29,0:░|Gray|Reset|Reset|NONE
30,0: |Gray|Reset|Reset|NONE
31,0: |Gray|Reset|Reset|NONE
32,0: |Gray|Reset|Reset|NONE
33,0: |Gray|Reset|Reset|NONE
34,0: |Gray|Reset|Reset|NONE
35,0: |Gray|Reset|Reset|NONE
36,0: |Gray|Reset|Reset|NONE
37,0: |Gray|Reset|Reset|NONE
38,0: |Gray|Reset|Reset|NONE
39,0: |Gray|Reset|Reset|NONE
0,1: |Gray|Reset|Reset|NONE
1,1: |Gray|Reset|Reset|NONE
2,1: |Gray|Reset|Reset|NONE
3,1: |Gray|Reset|Reset|NONE
4,1: |Gray|Reset|Reset|NONE
5,1: |Gray|Reset|Reset|NONE
6,1: |Gray|Reset|Reset|NONE
7,1: |Gray|Reset|Reset|NONE
8,1: |Gray|Reset|Reset|NONE
9,1: |Gray|Reset|Reset|NONE
10,1: |Gray|Reset|Reset|NONE
11,1: |Gray|Reset|Reset|NONE
12,1: |Gray|Reset|Reset|NONE
13,1: |Gray|Reset|Reset|NONE
14,1: |Gray|Reset|Reset|NONE
15,1: |Gray|Reset|Reset|NONE
16,1: |Gray|Reset|Reset|NONE
17,1: |Gray|Reset|Reset|NONE
18,1: |Gray|Reset|Reset|NONE
19,1: |Gray|Reset|Reset|NONE
20,1: |Gray|Reset|Reset|NONE
21,1: |Gray|Reset|Reset|NONE
22,1: |Gray|Reset|Reset|NONE
23,1: |Gray|Reset|Reset|NONE
24,1: |Gray|Reset|Reset|NONE
25,1: |Gray|Reset|Reset|NONE
26,1: |Gray|Reset|Reset|NONE
27,1: |Gray|Reset|Reset|NONE
28,1: |Gray|Reset|Reset|NONE
29,1: |Gray|Reset|Reset|NONE
30,1: |Gray|Reset|Reset|NONE
31,1: |Gray|Reset|Reset|NONE
32,1: |Gray|Reset|Reset|NONE
33,1: |Gray|Reset|Reset|NONE
34,1: |Gray|Reset|Reset|NONE
35,1: |Gray|Reset|Reset|NONE
36,1: |Gray|Reset|Reset|NONE
37,1: |Gray|Reset|Reset|NONE
38,1: |Gray|Reset|Reset|NONE
39,1: |Gray|Reset|Reset|NONE
0,2:E|Gray|Reset|Reset|NONE
1,2:r|Gray|Reset|Reset|NONE
2,2:r|Gray|Reset|Reset|NONE
3,2:o|Gray|Reset|Reset|NONE
4,2:r|Gray|Reset|Reset|NONE
5,2: |Gray|Reset|Reset|NONE
6,2: |Gray|Reset|Reset|NONE
7,2: |Gray|Reset|Reset|NONE
8,2: |Gray|Reset|Reset|NONE
9,2: |Gray|Reset|Reset|NONE
10,2: |Gray|Reset|Reset|NONE
11,2: |Gray|Reset|Reset|NONE
12,2: |Gray|Reset|Reset|NONE
13,2: |Gray|Reset|Reset|NONE
14,2: |Gray|Reset|Reset|NONE
15,2: |Gray|Reset|Reset|NONE
16,2: |Gray|Reset|Reset|NONE
17,2: |Gray|Reset|Reset|NONE
18,2: |Gray|Reset|Reset|NONE
19,2: |Gray|Reset|Reset|NONE
20,2: |Gray|Reset|Reset|NONE
21,2: |Gray|Reset|Reset|NONE
22,2: |Gray|Reset|Reset|NONE
23,2: |Gray|Reset|Reset|NONE
24,2: |Gray|Reset|Reset|NONE
25,2: |Gray|Reset|Reset|NONE
26,2: |Gray|Reset|Reset|NONE
27,2: |Gray|Reset|Reset|NONE
28,2: |Gray|Reset|Reset|NONE
29,2: |Gray|Reset|Reset|NONE
30,2: |Gray|Reset|Reset|NONE
31,2: |Gray|Reset|Reset|NONE
32,2: |Gray|Reset|Reset|NONE
33,2: |Gray|Reset|Reset|NONE
34,2: |Gray|Reset|Reset|NONE
35,2: |Gray|Reset|Reset|NONE
36,2: |Gray|Reset|Reset|NONE
37,2: |Gray|Reset|Reset|NONE
38,2: |Gray|Reset|Reset|NONE
39,2: |Gray|Reset|Reset|NONE
