width=36 height=9
0,0:S|Reset|Reset|Reset|NONE
1,0:e|Reset|Reset|Reset|NONE
2,0:l|Reset|Reset|Reset|NONE
3,0:e|Reset|Reset|Reset|NONE
4,0:c|Reset|Reset|Reset|NONE
5,0:t|Reset|Reset|Reset|NONE
6,0:e|Reset|Reset|Reset|NONE
7,0:d|Reset|Reset|Reset|NONE
8,0::|Reset|Reset|Reset|NONE
9,0: |Reset|Reset|Reset|NONE
10,0:r|Reset|Reset|Reset|NONE
11,0:a|Reset|Reset|Reset|NONE
12,0:d|Reset|Reset|Reset|NONE
13,0:a|Reset|Reset|Reset|NONE
14,0:r|Reset|Reset|Reset|NONE
15,0:r|Reset|Reset|Reset|NONE
16,0: |Reset|Reset|Reset|NONE
17,0: |Reset|Reset|Reset|NONE
18,0: |Reset|Reset|Reset|NONE
19,0: |Reset|Reset|Reset|NONE
20,0: |Reset|Reset|Reset|NONE
21,0: |Reset|Reset|Reset|NONE
22,0: |Reset|Reset|Reset|NONE
23,0: |Reset|Reset|Reset|NONE
24,0: |Reset|Reset|Reset|NONE
25,0: |Reset|Reset|Reset|NONE
26,0: |Reset|Reset|Reset|NONE
27,0: |Reset|Reset|Reset|NONE
28,0: |Reset|Reset|Reset|NONE
29,0: |Reset|Reset|Reset|NONE
30,0: |Reset|Reset|Reset|NONE
31,0: |Reset|Reset|Reset|NONE
32,0: |Reset|Reset|Reset|NONE
33,0: |Reset|Reset|Reset|NONE
34,0: |Reset|Reset|Reset|NONE
35,0: |Reset|Reset|Reset|NONE
0,1: |Reset|Reset|Reset|NONE
1,1: |Reset|Reset|Reset|NONE
2,1: |Reset|Reset|Reset|NONE
3,1: |Reset|Reset|Reset|NONE
4,1: |Reset|Reset|Reset|NONE
5,1: |Reset|Reset|Reset|NONE
6,1: |Reset|Reset|Reset|NONE
7,1: |Reset|Reset|Reset|NONE
8,1: |Reset|Reset|Reset|NONE
9,1: |Reset|Reset|Reset|NONE
10,1: |Reset|Reset|Reset|NONE
11,1: |Reset|Reset|Reset|NONE
12,1: |Reset|Reset|Reset|NONE
13,1: |Reset|Reset|Reset|NONE
14,1: |Reset|Reset|Reset|NONE
15,1: |Reset|Reset|Reset|NONE
16,1: |Reset|Reset|Reset|NONE
17,1: |Reset|Reset|Reset|NONE
18,1: |Reset|Reset|Reset|NONE
19,1: |Reset|Reset|Reset|NONE
20,1: |Reset|Reset|Reset|NONE
21,1: |Reset|Reset|Reset|NONE
22,1: |Reset|Reset|Reset|NONE
23,1: |Reset|Reset|Reset|NONE
24,1: |Reset|Reset|Reset|NONE
25,1: |Reset|Reset|Reset|NONE
26,1: |Reset|Reset|Reset|NONE
27,1: |Reset|Reset|Reset|NONE
28,1: |Reset|Reset|Reset|NONE
29,1: |Reset|Reset|Reset|NONE
30,1: |Reset|Reset|Reset|NONE
31,1: |Reset|Reset|Reset|NONE
32,1: |Reset|Reset|Reset|NONE
33,1: |Reset|Reset|Reset|NONE
34,1: |Reset|Reset|Reset|NONE
35,1: |Reset|Reset|Reset|NONE
0,2: |Reset|Reset|Reset|NONE
1,2: |Reset|Reset|Reset|NONE
2,2: |Reset|Reset|Reset|NONE
3,2: |Reset|Reset|Reset|NONE
4,2: |Reset|Reset|Reset|NONE
5,2: |Reset|Reset|Reset|NONE
6,2: |Reset|Reset|Reset|NONE
7,2: |Reset|Reset|Reset|NONE
8,2: |Reset|Reset|Reset|NONE
9,2: |Reset|Reset|Reset|NONE
10,2: |Reset|Reset|Reset|NONE
11,2: |Reset|Reset|Reset|NONE
12,2: |Reset|Reset|Reset|NONE
13,2: |Reset|Reset|Reset|NONE
14,2: |Reset|Reset|Reset|NONE
15,2: |Reset|Reset|Reset|NONE
16,2: |Reset|Reset|Reset|NONE
17,2: |Reset|Reset|Reset|NONE
18,2: |Reset|Reset|Reset|NONE
19,2: |Reset|Reset|Reset|NONE
20,2: |Reset|Reset|Reset|NONE
21,2: |Reset|Reset|Reset|NONE
22,2: |Reset|Reset|Reset|NONE
23,2: |Reset|Reset|Reset|NONE
24,2: |Reset|Reset|Reset|NONE
25,2: |Reset|Reset|Reset|NONE
26,2: |Reset|Reset|Reset|NONE
27,2: |Reset|Reset|Reset|NONE
28,2: |Reset|Reset|Reset|NONE
29,2: |Reset|Reset|Reset|NONE
30,2: |Reset|Reset|Reset|NONE
31,2: |Reset|Reset|Reset|NONE
32,2: |Reset|Reset|Reset|NONE
33,2: |Reset|Reset|Reset|NONE
34,2: |Reset|Reset|Reset|NONE
35,2: |Reset|Reset|Reset|NONE
0,3: |Reset|Reset|Reset|NONE
1,3: |Reset|Reset|Reset|NONE
2,3: |Reset|Reset|Reset|NONE
3,3: |Reset|Reset|Reset|NONE
4,3: |Reset|Reset|Reset|NONE
5,3: |Reset|Reset|Reset|NONE
6,3: |Reset|Reset|Reset|NONE
7,3: |Reset|Reset|Reset|NONE
8,3: |Reset|Reset|Reset|NONE
9,3: |Reset|Reset|Reset|NONE
10,3: |Reset|Reset|Reset|NONE
11,3: |Reset|Reset|Reset|NONE
12,3: |Reset|Reset|Reset|NONE
13,3: |Reset|Reset|Reset|NONE
14,3: |Reset|Reset|Reset|NONE
15,3: |Reset|Reset|Reset|NONE
16,3: |Reset|Reset|Reset|NONE
17,3: |Reset|Reset|Reset|NONE
18,3: |Reset|Reset|Reset|NONE
19,3: |Reset|Reset|Reset|NONE
20,3: |Reset|Reset|Reset|NONE
21,3: |Reset|Reset|Reset|NONE
22,3: |Reset|Reset|Reset|NONE
23,3: |Reset|Reset|Reset|NONE
24,3: |Reset|Reset|Reset|NONE
25,3: |Reset|Reset|Reset|NONE
26,3: |Reset|Reset|Reset|NONE
27,3: |Reset|Reset|Reset|NONE
28,3: |Reset|Reset|Reset|NONE
29,3: |Reset|Reset|Reset|NONE
30,3: |Reset|Reset|Reset|NONE
31,3: |Reset|Reset|Reset|NONE
32,3: |Reset|Reset|Reset|NONE
33,3: |Reset|Reset|Reset|NONE
34,3: |Reset|Reset|Reset|NONE
35,3: |Reset|Reset|Reset|NONE
0,4: |Reset|Reset|Reset|NONE
1,4: |Reset|Reset|Reset|NONE
2,4: |Reset|Reset|Reset|NONE
3,4: |Reset|Reset|Reset|NONE
4,4: |Reset|Reset|Reset|NONE
5,4: |Reset|Reset|Reset|NONE
6,4: |Reset|Reset|Reset|NONE
7,4: |Reset|Reset|Reset|NONE
8,4: |Reset|Reset|Reset|NONE
9,4: |Reset|Reset|Reset|NONE
10,4: |Reset|Reset|Reset|NONE
11,4: |Reset|Reset|Reset|NONE
12,4: |Reset|Reset|Reset|NONE
13,4: |Reset|Reset|Reset|NONE
14,4: |Reset|Reset|Reset|NONE
15,4: |Reset|Reset|Reset|NONE
16,4: |Reset|Reset|Reset|NONE
17,4: |Reset|Reset|Reset|NONE
18,4: |Reset|Reset|Reset|NONE
19,4: |Reset|Reset|Reset|NONE
20,4: |Reset|Reset|Reset|NONE
21,4: |Reset|Reset|Reset|NONE
22,4: |Reset|Reset|Reset|NONE
23,4: |Reset|Reset|Reset|NONE
24,4: |Reset|Reset|Reset|NONE
25,4: |Reset|Reset|Reset|NONE
26,4: |Reset|Reset|Reset|NONE
27,4: |Reset|Reset|Reset|NONE
28,4: |Reset|Reset|Reset|NONE
29,4: |Reset|Reset|Reset|NONE
30,4: |Reset|Reset|Reset|NONE
31,4: |Reset|Reset|Reset|NONE
32,4: |Reset|Reset|Reset|NONE
33,4: |Reset|Reset|Reset|NONE
34,4: |Reset|Reset|Reset|NONE
35,4: |Reset|Reset|Reset|NONE
0,5: |Reset|Reset|Reset|NONE
1,5: |Reset|Reset|Reset|NONE
2,5: |Reset|Reset|Reset|NONE
3,5: |Reset|Reset|Reset|NONE
4,5: |Reset|Reset|Reset|NONE
5,5: |Reset|Reset|Reset|NONE
6,5: |Reset|Reset|Reset|NONE
7,5: |Reset|Reset|Reset|NONE
8,5: |Reset|Reset|Reset|NONE
9,5: |Reset|Reset|Reset|NONE
10,5: |Reset|Reset|Reset|NONE
11,5: |Reset|Reset|Reset|NONE
12,5: |Reset|Reset|Reset|NONE
13,5: |Reset|Reset|Reset|NONE
14,5: |Reset|Reset|Reset|NONE
15,5: |Reset|Reset|Reset|NONE
16,5: |Reset|Reset|Reset|NONE
17,5: |Reset|Reset|Reset|NONE
18,5: |Reset|Reset|Reset|NONE
19,5: |Reset|Reset|Reset|NONE
20,5: |Reset|Reset|Reset|NONE
21,5: |Reset|Reset|Reset|NONE
22,5: |Reset|Reset|Reset|NONE
23,5: |Reset|Reset|Reset|NONE
24,5: |Reset|Reset|Reset|NONE
25,5: |Reset|Reset|Reset|NONE
26,5: |Reset|Reset|Reset|NONE
27,5: |Reset|Reset|Reset|NONE
28,5: |Reset|Reset|Reset|NONE
29,5: |Reset|Reset|Reset|NONE
30,5: |Reset|Reset|Reset|NONE
31,5: |Reset|Reset|Reset|NONE
32,5: |Reset|Reset|Reset|NONE
33,5: |Reset|Reset|Reset|NONE
34,5: |Reset|Reset|Reset|NONE
35,5: |Reset|Reset|Reset|NONE
0,6: |Reset|Reset|Reset|NONE
1,6: |Reset|Reset|Reset|NONE
2,6: |Reset|Reset|Reset|NONE
3,6: |Reset|Reset|Reset|NONE
4,6: |Reset|Reset|Reset|NONE
5,6: |Reset|Reset|Reset|NONE
6,6: |Reset|Reset|Reset|NONE
7,6: |Reset|Reset|Reset|NONE
8,6: |Reset|Reset|Reset|NONE
9,6: |Reset|Reset|Reset|NONE
10,6: |Reset|Reset|Reset|NONE
11,6: |Reset|Reset|Reset|NONE
12,6: |Reset|Reset|Reset|NONE
13,6: |Reset|Reset|Reset|NONE
14,6: |Reset|Reset|Reset|NONE
15,6: |Reset|Reset|Reset|NONE
16,6: |Reset|Reset|Reset|NONE
17,6: |Reset|Reset|Reset|NONE
18,6: |Reset|Reset|Reset|NONE
19,6: |Reset|Reset|Reset|NONE
20,6: |Reset|Reset|Reset|NONE
21,6: |Reset|Reset|Reset|NONE
22,6: |Reset|Reset|Reset|NONE
23,6: |Reset|Reset|Reset|NONE
24,6: |Reset|Reset|Reset|NONE
25,6: |Reset|Reset|Reset|NONE
26,6: |Reset|Reset|Reset|NONE
27,6: |Reset|Reset|Reset|NONE
28,6: |Reset|Reset|Reset|NONE
29,6: |Reset|Reset|Reset|NONE
30,6: |Reset|Reset|Reset|NONE
31,6: |Reset|Reset|Reset|NONE
32,6: |Reset|Reset|Reset|NONE
33,6: |Reset|Reset|Reset|NONE
34,6: |Reset|Reset|Reset|NONE
35,6: |Reset|Reset|Reset|NONE
0,7: |Reset|Reset|Reset|NONE
1,7: |Reset|Reset|Reset|NONE
2,7: |Reset|Reset|Reset|NONE
3,7: |Reset|Reset|Reset|NONE
4,7: |Reset|Reset|Reset|NONE
5,7: |Reset|Reset|Reset|NONE
6,7: |Reset|Reset|Reset|NONE
7,7: |Reset|Reset|Reset|NONE
8,7: |Reset|Reset|Reset|NONE
9,7: |Reset|Reset|Reset|NONE
10,7: |Reset|Reset|Reset|NONE
11,7: |Reset|Reset|Reset|NONE
12,7: |Reset|Reset|Reset|NONE
13,7: |Reset|Reset|Reset|NONE
14,7: |Reset|Reset|Reset|NONE
15,7: |Reset|Reset|Reset|NONE
16,7: |Reset|Reset|Reset|NONE
17,7: |Reset|Reset|Reset|NONE
18,7: |Reset|Reset|Reset|NONE
19,7: |Reset|Reset|Reset|NONE
20,7: |Reset|Reset|Reset|NONE
21,7: |Reset|Reset|Reset|NONE
22,7: |Reset|Reset|Reset|NONE
23,7: |Reset|Reset|Reset|NONE
24,7: |Reset|Reset|Reset|NONE
25,7: |Reset|Reset|Reset|NONE
26,7: |Reset|Reset|Reset|NONE
27,7: |Reset|Reset|Reset|NONE
28,7: |Reset|Reset|Reset|NONE
29,7: |Reset|Reset|Reset|NONE
30,7: |Reset|Reset|Reset|NONE
31,7: |Reset|Reset|Reset|NONE
32,7: |Reset|Reset|Reset|NONE
33,7: |Reset|Reset|Reset|NONE
34,7: |Reset|Reset|Reset|NONE
35,7: |Reset|Reset|Reset|NONE
0,8: |Reset|Reset|Reset|NONE
1,8: |Reset|Reset|Reset|NONE
2,8: |Reset|Reset|Reset|NONE
3,8: |Reset|Reset|Reset|NONE
4,8: |Reset|Reset|Reset|NONE
5,8: |Reset|Reset|Reset|NONE
6,8: |Reset|Reset|Reset|NONE
7,8: |Reset|Reset|Reset|NONE
8,8: |Reset|Reset|Reset|NONE
9,8: |Reset|Reset|Reset|NONE
10,8: |Reset|Reset|Reset|NONE
11,8: |Reset|Reset|Reset|NONE
12,8: |Reset|Reset|Reset|NONE
13,8: |Reset|Reset|Reset|NONE
14,8: |Reset|Reset|Reset|NONE
15,8: |Reset|Reset|Reset|NONE
16,8: |Reset|Reset|Reset|NONE
17,8: |Reset|Reset|Reset|NONE
18,8: |Reset|Reset|Reset|NONE
19,8: |Reset|Reset|Reset|NONE
20,8: |Reset|Reset|Reset|NONE
21,8: |Reset|Reset|Reset|NONE
22,8: |Reset|Reset|Reset|NONE
23,8: |Reset|Reset|Reset|NONE
24,8: |Reset|Reset|Reset|NONE
25,8: |Reset|Reset|Reset|NONE
26,8: |Reset|Reset|Reset|NONE
27,8: |Reset|Reset|Reset|NONE
28,8: |Reset|Reset|Reset|NONE
29,8: |Reset|Reset|Reset|NONE
30,8: |Reset|Reset|Reset|NONE
31,8: |Reset|Reset|Reset|NONE
32,8: |Reset|Reset|Reset|NONE
33,8: |Reset|Reset|Reset|NONE
34,8: |Reset|Reset|Reset|NONE
35,8: |Reset|Reset|Reset|NONE
