width=24 height=1
0,0:◐|Reset|Reset|Reset|NONE
1,0: |Reset|Reset|Reset|NONE
2,0: |Reset|Reset|Reset|NONE
3,0: |Reset|Reset|Reset|NONE
4,0: |Reset|Reset|Reset|NONE
5,0: |Reset|Reset|Reset|NONE
6,0: |Reset|Reset|Reset|NONE
7,0: |Reset|Reset|Reset|NONE
8,0: |Reset|Reset|Reset|NONE
9,0: |Reset|Reset|Reset|NONE
10,0: |Reset|Reset|Reset|NONE
11,0: |Reset|Reset|Reset|NONE
12,0: |Reset|Reset|Reset|NONE
13,0:L|Reset|Reset|Reset|NONE
14,0:o|Reset|Reset|Reset|NONE
15,0:a|Reset|Reset|Reset|NONE
16,0:d|Reset|Reset|Reset|NONE
17,0:i|Reset|Reset|Reset|NONE
18,0:n|Reset|Reset|Reset|NONE
19,0:g|Reset|Reset|Reset|NONE
20,0: |Reset|Reset|Reset|NONE
21,0:~|Reset|Reset|Reset|NONE
22,0: |Reset|Reset|Reset|NONE
23,0: |Reset|Reset|Reset|NONE
