width=24 height=1
0,0:\||Rgb(31, 102, 89)|Reset|Reset|NONE
1,0: |Rgb(31, 102, 89)|Reset|Reset|NONE
2,0: |Rgb(31, 102, 89)|Reset|Reset|NONE
3,0: |Rgb(31, 102, 89)|Reset|Reset|NONE
4,0: |Rgb(31, 102, 89)|Reset|Reset|NONE
5,0: |Rgb(31, 102, 89)|Reset|Reset|NONE
6,0: |Rgb(31, 102, 89)|Reset|Reset|NONE
7,0: |Rgb(31, 102, 89)|Reset|Reset|NONE
8,0: |Rgb(31, 102, 89)|Reset|Reset|NONE
9,0: |Rgb(31, 102, 89)|Reset|Reset|NONE
10,0: |Rgb(31, 102, 89)|Reset|Reset|NONE
11,0: |Rgb(31, 102, 89)|Reset|Reset|NONE
12,0: |Rgb(31, 102, 89)|Reset|Reset|NONE
13,0:P|Rgb(31, 102, 89)|Reset|Reset|NONE
14,0:r|Rgb(31, 102, 89)|Reset|Reset|NONE
15,0:o|Rgb(31, 102, 89)|Reset|Reset|NONE
16,0:c|Rgb(31, 102, 89)|Reset|Reset|NONE
17,0:e|Rgb(31, 102, 89)|Reset|Reset|NONE
18,0:s|Rgb(31, 102, 89)|Reset|Reset|NONE
19,0:s|Rgb(31, 102, 89)|Reset|Reset|NONE
20,0:i|Rgb(31, 102, 89)|Reset|Reset|NONE
21,0:n|Rgb(31, 102, 89)|Reset|Reset|NONE
22,0:g|Rgb(31, 102, 89)|Reset|Reset|NONE
23,0: |Rgb(31, 102, 89)|Reset|Reset|NONE
