width=32 height=1
0,0:[|Reset|Reset|Reset|NONE
1,0:D|Reset|Reset|Reset|NONE
2,0:E|Reset|Reset|Reset|NONE
3,0:P|Reset|Reset|Reset|NONE
4,0:L|Reset|Reset|Reset|NONE
5,0:D|Reset|Reset|Reset|NONE
6,0:]|Reset|Reset|Reset|NONE
7,0: |Reset|Reset|Reset|NONE
8,0:[|Reset|Reset|Reset|NONE
9,0: |Reset|Reset|Reset|NONE
10,0:O|Reset|Reset|Reset|NONE
11,0:F|Reset|Reset|Reset|NONE
12,0:F|Reset|Reset|Reset|NONE
13,0: |Reset|Reset|Reset|NONE
14,0:]|Reset|Reset|Reset|NONE
15,0:]|Reset|Reset|Reset|NONE
16,0: |Reset|Reset|Reset|NONE
17,0: |Reset|Reset|Reset|NONE
18,0: |Reset|Reset|Reset|NONE
19,0: |Reset|Reset|Reset|NONE
20,0: |Reset|Reset|Reset|NONE
21,0: |Reset|Reset|Reset|NONE
22,0: |Reset|Reset|Reset|NONE
23,0: |Reset|Reset|Reset|NONE
24,0: |Reset|Reset|Reset|NONE
25,0: |Reset|Reset|Reset|NONE
26,0: |Reset|Reset|Reset|NONE
27,0: |Reset|Reset|Reset|NONE
28,0: |Reset|Reset|Reset|NONE
29,0: |Reset|Reset|Reset|NONE
30,0: |Reset|Reset|Reset|NONE
31,0: |Reset|Reset|Reset|NONE
