width=60 height=10
0,0:┌|Gray|Reset|Reset|NONE
1,0:─|Gray|Reset|Reset|NONE
2,0:─|Gray|Reset|Reset|NONE
3,0:─|Gray|Reset|Reset|NONE
4,0:─|Gray|Reset|Reset|NONE
5,0:─|Gray|Reset|Reset|NONE
6,0:─|Gray|Reset|Reset|NONE
7,0:─|Gray|Reset|Reset|NONE
8,0:─|Gray|Reset|Reset|NONE
9,0:─|Gray|Reset|Reset|NONE
10,0:─|Gray|Reset|Reset|NONE
11,0:─|Gray|Reset|Reset|NONE
12,0:─|Gray|Reset|Reset|NONE
13,0:─|Gray|Reset|Reset|NONE
14,0:─|Gray|Reset|Reset|NONE
15,0:─|Gray|Reset|Reset|NONE
16,0:─|Gray|Reset|Reset|NONE
17,0:─|Gray|Reset|Reset|NONE
18,0:─|Gray|Reset|Reset|NONE
19,0:─|Gray|Reset|Reset|NONE
20,0:─|Gray|Reset|Reset|NONE
21,0:─|Gray|Reset|Reset|NONE
22,0:─|Gray|Reset|Reset|NONE
23,0:─|Gray|Reset|Reset|NONE
24,0:─|Gray|Reset|Reset|NONE
25,0:─|Gray|Reset|Reset|NONE
26,0:─|Gray|Reset|Reset|NONE
27,0:─|Gray|Reset|Reset|NONE
28,0:─|Gray|Reset|Reset|NONE
29,0:─|Gray|Reset|Reset|NONE
30,0:─|Gray|Reset|Reset|NONE
31,0:─|Gray|Reset|Reset|NONE
32,0:─|Gray|Reset|Reset|NONE
33,0:─|Gray|Reset|Reset|NONE
34,0:─|Gray|Reset|Reset|NONE
35,0:─|Gray|Reset|Reset|NONE
36,0:─|Gray|Reset|Reset|NONE
37,0:─|Gray|Reset|Reset|NONE
38,0:─|Gray|Reset|Reset|NONE
39,0:─|Gray|Reset|Reset|NONE
40,0:─|Gray|Reset|Reset|NONE
41,0:─|Gray|Reset|Reset|NONE
42,0:─|Gray|Reset|Reset|NONE
43,0:─|Gray|Reset|Reset|NONE
44,0:─|Gray|Reset|Reset|NONE
45,0:─|Gray|Reset|Reset|NONE
46,0:─|Gray|Reset|Reset|NONE
47,0:─|Gray|Reset|Reset|NONE
48,0:─|Gray|Reset|Reset|NONE
49,0:─|Gray|Reset|Reset|NONE
50,0:─|Gray|Reset|Reset|NONE
51,0:─|Gray|Reset|Reset|NONE
52,0:─|Gray|Reset|Reset|NONE
53,0:─|Gray|Reset|Reset|NONE
54,0:─|Gray|Reset|Reset|NONE
55,0:─|Gray|Reset|Reset|NONE
56,0:─|Gray|Reset|Reset|NONE
57,0:─|Gray|Reset|Reset|NONE
58,0:─|Gray|Reset|Reset|NONE
59,0:┐|Gray|Reset|Reset|NONE
0,1:│|Gray|Reset|Reset|NONE
1,1:S|White|Reset|Reset|BOLD
2,1:E|White|Reset|Reset|BOLD
3,1:R|White|Reset|Reset|BOLD
4,1:V|White|Reset|Reset|BOLD
5,1:I|White|Reset|Reset|BOLD
6,1:C|White|Reset|Reset|BOLD
7,1:E|White|Reset|Reset|BOLD
8,1: |White|Reset|Reset|BOLD
9,1: |White|Reset|Reset|BOLD
10,1: |White|Reset|Reset|BOLD
11,1: |White|Reset|Reset|BOLD
12,1: |White|Reset|Reset|BOLD
13,1: |White|Reset|Reset|BOLD
14,1: |White|Reset|Reset|BOLD
15,1: |White|Reset|Reset|BOLD
16,1: |White|Reset|Reset|BOLD
17,1: |White|Reset|Reset|BOLD
18,1: |White|Reset|Reset|BOLD
19,1: |White|Reset|Reset|BOLD
20,1: |White|Reset|Reset|BOLD
21,1: |White|Reset|Reset|BOLD
22,1: |White|Reset|Reset|BOLD
23,1: |White|Reset|Reset|BOLD
24,1: |White|Reset|Reset|BOLD
25,1: |White|Reset|Reset|BOLD
26,1: |White|Reset|Reset|BOLD
27,1: |White|Reset|Reset|BOLD
28,1: |White|Reset|Reset|BOLD
29,1: |White|Reset|Reset|BOLD
30,1: |White|Reset|Reset|BOLD
31,1: |White|Reset|Reset|BOLD
32,1: |White|Reset|Reset|BOLD
33,1: |White|Reset|Reset|BOLD
34,1: |White|Reset|Reset|BOLD
35,1: |White|Reset|Reset|BOLD
36,1: |White|Reset|Reset|BOLD
37,1: |White|Reset|Reset|BOLD
38,1: |White|Reset|Reset|BOLD
39,1: |White|Reset|Reset|BOLD
40,1: |White|Reset|Reset|BOLD
41,1: |White|Reset|Reset|BOLD
42,1: |White|Reset|Reset|BOLD
43,1: |White|Reset|Reset|BOLD
44,1: |White|Reset|Reset|BOLD
45,1: |White|Reset|Reset|BOLD
46,1: |White|Reset|Reset|BOLD
47,1: |White|Reset|Reset|BOLD
48,1: |White|Reset|Reset|BOLD
49,1: |White|Reset|Reset|BOLD
50,1: |White|Reset|Reset|BOLD
51,1: |White|Reset|Reset|BOLD
52,1: |White|Reset|Reset|BOLD
53,1: |White|Reset|Reset|BOLD
54,1: |White|Reset|Reset|BOLD
55,1: |White|Reset|Reset|BOLD
56,1: |White|Reset|Reset|BOLD
57,1: |White|Reset|Reset|BOLD
58,1: |White|Reset|Reset|BOLD
59,1:│|Gray|Reset|Reset|NONE
0,2:│|Gray|Reset|Reset|NONE
1,2:─|White|Reset|Reset|BOLD
2,2:─|White|Reset|Reset|BOLD
3,2:─|White|Reset|Reset|BOLD
4,2:─|White|Reset|Reset|BOLD
5,2:─|White|Reset|Reset|BOLD
6,2:─|White|Reset|Reset|BOLD
7,2:─|White|Reset|Reset|BOLD
8,2:─|White|Reset|Reset|BOLD
9,2:─|White|Reset|Reset|BOLD
10,2:─|White|Reset|Reset|BOLD
11,2:─|White|Reset|Reset|BOLD
12,2:─|White|Reset|Reset|BOLD
13,2:─|White|Reset|Reset|BOLD
14,2:─|White|Reset|Reset|BOLD
15,2:─|White|Reset|Reset|BOLD
16,2:─|White|Reset|Reset|BOLD
17,2:─|White|Reset|Reset|BOLD
18,2:─|White|Reset|Reset|BOLD
19,2:─|White|Reset|Reset|BOLD
20,2:─|White|Reset|Reset|BOLD
21,2:─|White|Reset|Reset|BOLD
22,2:─|White|Reset|Reset|BOLD
23,2:─|White|Reset|Reset|BOLD
24,2:─|White|Reset|Reset|BOLD
25,2:─|White|Reset|Reset|BOLD
26,2:─|White|Reset|Reset|BOLD
27,2:─|White|Reset|Reset|BOLD
28,2:─|White|Reset|Reset|BOLD
29,2:─|White|Reset|Reset|BOLD
30,2:─|White|Reset|Reset|BOLD
31,2:─|White|Reset|Reset|BOLD
32,2:─|White|Reset|Reset|BOLD
33,2:─|White|Reset|Reset|BOLD
34,2:─|White|Reset|Reset|BOLD
35,2:─|White|Reset|Reset|BOLD
36,2:─|White|Reset|Reset|BOLD
37,2:─|White|Reset|Reset|BOLD
38,2:─|White|Reset|Reset|BOLD
39,2:─|White|Reset|Reset|BOLD
40,2:─|White|Reset|Reset|BOLD
41,2:─|White|Reset|Reset|BOLD
42,2:─|White|Reset|Reset|BOLD
43,2:─|White|Reset|Reset|BOLD
44,2:─|White|Reset|Reset|BOLD
45,2:─|White|Reset|Reset|BOLD
46,2:─|White|Reset|Reset|BOLD
47,2:─|White|Reset|Reset|BOLD
48,2:─|White|Reset|Reset|BOLD
49,2:─|White|Reset|Reset|BOLD
50,2:─|White|Reset|Reset|BOLD
51,2:─|White|Reset|Reset|BOLD
52,2:─|White|Reset|Reset|BOLD
53,2:─|White|Reset|Reset|BOLD
54,2:─|White|Reset|Reset|BOLD
55,2:─|White|Reset|Reset|BOLD
56,2:─|White|Reset|Reset|BOLD
57,2:─|White|Reset|Reset|BOLD
58,2:─|White|Reset|Reset|BOLD
59,2:│|Gray|Reset|Reset|NONE
0,3:│|Gray|Reset|Reset|NONE
1,3:●|Gray|Reset|Reset|NONE
2,3: |Gray|Reset|Reset|NONE
3,3:j|Gray|Reset|Reset|NONE
4,3:e|Gray|Reset|Reset|NONE
5,3:l|Gray|Reset|Reset|NONE
6,3:l|Gray|Reset|Reset|NONE
7,3:y|Gray|Reset|Reset|NONE
8,3:f|Gray|Reset|Reset|NONE
9,3:i|Gray|Reset|Reset|NONE
10,3:n|Gray|Reset|Reset|NONE
11,3: |Gray|Reset|Reset|NONE
12,3:[|Gray|Reset|Reset|NONE
13,3:R|Gray|Reset|Reset|NONE
14,3:I|Gray|Reset|Reset|NONE
15,3:C|Gray|Reset|Reset|NONE
16,3:H|Gray|Reset|Reset|NONE
17,3:]|Gray|Reset|Reset|NONE
18,3: |Gray|Reset|Reset|NONE
19,3: |Gray|Reset|Reset|NONE
20,3: |Gray|Reset|Reset|NONE
21,3: |Gray|Reset|Reset|NONE
22,3: |Gray|Reset|Reset|NONE
23,3: |Gray|Reset|Reset|NONE
24,3: |Gray|Reset|Reset|NONE
25,3: |Gray|Reset|Reset|NONE
26,3: |Gray|Reset|Reset|NONE
27,3: |Gray|Reset|Reset|NONE
28,3: |Gray|Reset|Reset|NONE
29,3: |Gray|Reset|Reset|NONE
30,3: |Gray|Reset|Reset|NONE
31,3: |Gray|Reset|Reset|NONE
32,3: |Gray|Reset|Reset|NONE
33,3: |Gray|Reset|Reset|NONE
34,3: |Gray|Reset|Reset|NONE
35,3: |Gray|Reset|Reset|NONE
36,3: |Gray|Reset|Reset|NONE
37,3: |Gray|Reset|Reset|NONE
38,3: |Gray|Reset|Reset|NONE
39,3: |Gray|Reset|Reset|NONE
40,3: |Gray|Reset|Reset|NONE
41,3: |Gray|Reset|Reset|NONE
42,3: |Gray|Reset|Reset|NONE
43,3: |Gray|Reset|Reset|NONE
44,3: |Gray|Reset|Reset|NONE
45,3: |Gray|Reset|Reset|NONE
46,3: |Gray|Reset|Reset|NONE
47,3: |Gray|Reset|Reset|NONE
48,3: |Gray|Reset|Reset|NONE
49,3: |Gray|Reset|Reset|NONE
50,3: |Gray|Reset|Reset|NONE
51,3: |Gray|Reset|Reset|NONE
52,3: |Gray|Reset|Reset|NONE
53,3: |Gray|Reset|Reset|NONE
54,3: |Gray|Reset|Reset|NONE
55,3: |Gray|Reset|Reset|NONE
56,3: |Gray|Reset|Reset|NONE
57,3: |Gray|Reset|Reset|NONE
58,3: |Gray|Reset|Reset|NONE
59,3:│|Gray|Reset|Reset|NONE
0,4:│|Gray|Reset|Reset|NONE
1,4: |Gray|Reset|Reset|NONE
2,4: |Gray|Reset|Reset|NONE
3,4: |Gray|Reset|Reset|NONE
4,4: |Gray|Reset|Reset|NONE
5,4: |Gray|Reset|Reset|NONE
6,4: |Gray|Reset|Reset|NONE
7,4: |Gray|Reset|Reset|NONE
8,4: |Gray|Reset|Reset|NONE
9,4: |Gray|Reset|Reset|NONE
10,4: |Gray|Reset|Reset|NONE
11,4: |Gray|Reset|Reset|NONE
12,4: |Gray|Reset|Reset|NONE
13,4: |Gray|Reset|Reset|NONE
14,4: |Gray|Reset|Reset|NONE
15,4: |Gray|Reset|Reset|NONE
16,4: |Gray|Reset|Reset|NONE
17,4: |Gray|Reset|Reset|NONE
18,4: |Gray|Reset|Reset|NONE
19,4: |Gray|Reset|Reset|NONE
20,4: |Gray|Reset|Reset|NONE
21,4: |Gray|Reset|Reset|NONE
22,4: |Gray|Reset|Reset|NONE
23,4: |Gray|Reset|Reset|NONE
24,4: |Gray|Reset|Reset|NONE
25,4: |Gray|Reset|Reset|NONE
26,4: |Gray|Reset|Reset|NONE
27,4: |Gray|Reset|Reset|NONE
28,4: |Gray|Reset|Reset|NONE
29,4: |Gray|Reset|Reset|NONE
30,4: |Gray|Reset|Reset|NONE
31,4: |Gray|Reset|Reset|NONE
32,4: |Gray|Reset|Reset|NONE
33,4: |Gray|Reset|Reset|NONE
34,4: |Gray|Reset|Reset|NONE
35,4: |Gray|Reset|Reset|NONE
36,4: |Gray|Reset|Reset|NONE
37,4: |Gray|Reset|Reset|NONE
38,4: |Gray|Reset|Reset|NONE
39,4: |Gray|Reset|Reset|NONE
40,4: |Gray|Reset|Reset|NONE
41,4: |Gray|Reset|Reset|NONE
42,4: |Gray|Reset|Reset|NONE
43,4: |Gray|Reset|Reset|NONE
44,4: |Gray|Reset|Reset|NONE
45,4: |Gray|Reset|Reset|NONE
46,4: |Gray|Reset|Reset|NONE
47,4: |Gray|Reset|Reset|NONE
48,4: |Gray|Reset|Reset|NONE
49,4: |Gray|Reset|Reset|NONE
50,4: |Gray|Reset|Reset|NONE
51,4: |Gray|Reset|Reset|NONE
52,4: |Gray|Reset|Reset|NONE
53,4: |Gray|Reset|Reset|NONE
54,4: |Gray|Reset|Reset|NONE
55,4: |Gray|Reset|Reset|NONE
56,4: |Gray|Reset|Reset|NONE
57,4: |Gray|Reset|Reset|NONE
58,4: |Gray|Reset|Reset|NONE
59,4:│|Gray|Reset|Reset|NONE
0,5:│|Gray|Reset|Reset|NONE
1,5: |Gray|Reset|Reset|NONE
2,5: |Gray|Reset|Reset|NONE
3,5: |Gray|Reset|Reset|NONE
4,5: |Gray|Reset|Reset|NONE
5,5: |Gray|Reset|Reset|NONE
6,5: |Gray|Reset|Reset|NONE
7,5: |Gray|Reset|Reset|NONE
8,5: |Gray|Reset|Reset|NONE
9,5: |Gray|Reset|Reset|NONE
10,5: |Gray|Reset|Reset|NONE
11,5: |Gray|Reset|Reset|NONE
12,5: |Gray|Reset|Reset|NONE
13,5: |Gray|Reset|Reset|NONE
14,5: |Gray|Reset|Reset|NONE
15,5: |Gray|Reset|Reset|NONE
16,5: |Gray|Reset|Reset|NONE
17,5: |Gray|Reset|Reset|NONE
18,5: |Gray|Reset|Reset|NONE
19,5: |Gray|Reset|Reset|NONE
20,5: |Gray|Reset|Reset|NONE
21,5: |Gray|Reset|Reset|NONE
22,5: |Gray|Reset|Reset|NONE
23,5: |Gray|Reset|Reset|NONE
24,5: |Gray|Reset|Reset|NONE
25,5: |Gray|Reset|Reset|NONE
26,5: |Gray|Reset|Reset|NONE
27,5: |Gray|Reset|Reset|NONE
28,5: |Gray|Reset|Reset|NONE
29,5: |Gray|Reset|Reset|NONE
30,5: |Gray|Reset|Reset|NONE
31,5: |Gray|Reset|Reset|NONE
32,5: |Gray|Reset|Reset|NONE
33,5: |Gray|Reset|Reset|NONE
34,5: |Gray|Reset|Reset|NONE
35,5: |Gray|Reset|Reset|NONE
36,5: |Gray|Reset|Reset|NONE
37,5: |Gray|Reset|Reset|NONE
38,5: |Gray|Reset|Reset|NONE
39,5: |Gray|Reset|Reset|NONE
40,5: |Gray|Reset|Reset|NONE
41,5: |Gray|Reset|Reset|NONE
42,5: |Gray|Reset|Reset|NONE
43,5: |Gray|Reset|Reset|NONE
44,5: |Gray|Reset|Reset|NONE
45,5: |Gray|Reset|Reset|NONE
46,5: |Gray|Reset|Reset|NONE
47,5: |Gray|Reset|Reset|NONE
48,5: |Gray|Reset|Reset|NONE
49,5: |Gray|Reset|Reset|NONE
50,5: |Gray|Reset|Reset|NONE
51,5: |Gray|Reset|Reset|NONE
52,5: |Gray|Reset|Reset|NONE
53,5: |Gray|Reset|Reset|NONE
54,5: |Gray|Reset|Reset|NONE
55,5: |Gray|Reset|Reset|NONE
56,5: |Gray|Reset|Reset|NONE
57,5: |Gray|Reset|Reset|NONE
58,5: |Gray|Reset|Reset|NONE
59,5:│|Gray|Reset|Reset|NONE
0,6:│|Gray|Reset|Reset|NONE
1,6: |Gray|Reset|Reset|NONE
2,6: |Gray|Reset|Reset|NONE
3,6: |Gray|Reset|Reset|NONE
4,6: |Gray|Reset|Reset|NONE
5,6: |Gray|Reset|Reset|NONE
6,6: |Gray|Reset|Reset|NONE
7,6: |Gray|Reset|Reset|NONE
8,6: |Gray|Reset|Reset|NONE
9,6: |Gray|Reset|Reset|NONE
10,6: |Gray|Reset|Reset|NONE
11,6: |Gray|Reset|Reset|NONE
12,6: |Gray|Reset|Reset|NONE
13,6: |Gray|Reset|Reset|NONE
14,6: |Gray|Reset|Reset|NONE
15,6: |Gray|Reset|Reset|NONE
16,6: |Gray|Reset|Reset|NONE
17,6: |Gray|Reset|Reset|NONE
18,6: |Gray|Reset|Reset|NONE
19,6: |Gray|Reset|Reset|NONE
20,6: |Gray|Reset|Reset|NONE
21,6: |Gray|Reset|Reset|NONE
22,6: |Gray|Reset|Reset|NONE
23,6: |Gray|Reset|Reset|NONE
24,6: |Gray|Reset|Reset|NONE
25,6: |Gray|Reset|Reset|NONE
26,6: |Gray|Reset|Reset|NONE
27,6: |Gray|Reset|Reset|NONE
28,6: |Gray|Reset|Reset|NONE
29,6: |Gray|Reset|Reset|NONE
30,6: |Gray|Reset|Reset|NONE
31,6: |Gray|Reset|Reset|NONE
32,6: |Gray|Reset|Reset|NONE
33,6: |Gray|Reset|Reset|NONE
34,6: |Gray|Reset|Reset|NONE
35,6: |Gray|Reset|Reset|NONE
36,6: |Gray|Reset|Reset|NONE
37,6: |Gray|Reset|Reset|NONE
38,6: |Gray|Reset|Reset|NONE
39,6: |Gray|Reset|Reset|NONE
40,6: |Gray|Reset|Reset|NONE
41,6: |Gray|Reset|Reset|NONE
42,6: |Gray|Reset|Reset|NONE
43,6: |Gray|Reset|Reset|NONE
44,6: |Gray|Reset|Reset|NONE
45,6: |Gray|Reset|Reset|NONE
46,6: |Gray|Reset|Reset|NONE
47,6: |Gray|Reset|Reset|NONE
48,6: |Gray|Reset|Reset|NONE
49,6: |Gray|Reset|Reset|NONE
50,6: |Gray|Reset|Reset|NONE
51,6: |Gray|Reset|Reset|NONE
52,6: |Gray|Reset|Reset|NONE
53,6: |Gray|Reset|Reset|NONE
54,6: |Gray|Reset|Reset|NONE
55,6: |Gray|Reset|Reset|NONE
56,6: |Gray|Reset|Reset|NONE
57,6: |Gray|Reset|Reset|NONE
58,6: |Gray|Reset|Reset|NONE
59,6:│|Gray|Reset|Reset|NONE
0,7:│|Gray|Reset|Reset|NONE
1,7: |Gray|Reset|Reset|NONE
2,7: |Gray|Reset|Reset|NONE
3,7: |Gray|Reset|Reset|NONE
4,7: |Gray|Reset|Reset|NONE
5,7: |Gray|Reset|Reset|NONE
6,7: |Gray|Reset|Reset|NONE
7,7: |Gray|Reset|Reset|NONE
8,7: |Gray|Reset|Reset|NONE
9,7: |Gray|Reset|Reset|NONE
10,7: |Gray|Reset|Reset|NONE
11,7: |Gray|Reset|Reset|NONE
12,7: |Gray|Reset|Reset|NONE
13,7: |Gray|Reset|Reset|NONE
14,7: |Gray|Reset|Reset|NONE
15,7: |Gray|Reset|Reset|NONE
16,7: |Gray|Reset|Reset|NONE
17,7: |Gray|Reset|Reset|NONE
18,7: |Gray|Reset|Reset|NONE
19,7: |Gray|Reset|Reset|NONE
20,7: |Gray|Reset|Reset|NONE
21,7: |Gray|Reset|Reset|NONE
22,7: |Gray|Reset|Reset|NONE
23,7: |Gray|Reset|Reset|NONE
24,7: |Gray|Reset|Reset|NONE
25,7: |Gray|Reset|Reset|NONE
26,7: |Gray|Reset|Reset|NONE
27,7: |Gray|Reset|Reset|NONE
28,7: |Gray|Reset|Reset|NONE
29,7: |Gray|Reset|Reset|NONE
30,7: |Gray|Reset|Reset|NONE
31,7: |Gray|Reset|Reset|NONE
32,7: |Gray|Reset|Reset|NONE
33,7: |Gray|Reset|Reset|NONE
34,7: |Gray|Reset|Reset|NONE
35,7: |Gray|Reset|Reset|NONE
36,7: |Gray|Reset|Reset|NONE
37,7: |Gray|Reset|Reset|NONE
38,7: |Gray|Reset|Reset|NONE
39,7: |Gray|Reset|Reset|NONE
40,7: |Gray|Reset|Reset|NONE
41,7: |Gray|Reset|Reset|NONE
42,7: |Gray|Reset|Reset|NONE
43,7: |Gray|Reset|Reset|NONE
44,7: |Gray|Reset|Reset|NONE
45,7: |Gray|Reset|Reset|NONE
46,7: |Gray|Reset|Reset|NONE
47,7: |Gray|Reset|Reset|NONE
48,7: |Gray|Reset|Reset|NONE
49,7: |Gray|Reset|Reset|NONE
50,7: |Gray|Reset|Reset|NONE
51,7: |Gray|Reset|Reset|NONE
52,7: |Gray|Reset|Reset|NONE
53,7: |Gray|Reset|Reset|NONE
54,7: |Gray|Reset|Reset|NONE
55,7: |Gray|Reset|Reset|NONE
56,7: |Gray|Reset|Reset|NONE
57,7: |Gray|Reset|Reset|NONE
58,7: |Gray|Reset|Reset|NONE
59,7:│|Gray|Reset|Reset|NONE
0,8:│|Gray|Reset|Reset|NONE
1,8: |Gray|Reset|Reset|NONE
2,8: |Gray|Reset|Reset|NONE
3,8: |Gray|Reset|Reset|NONE
4,8: |Gray|Reset|Reset|NONE
5,8: |Gray|Reset|Reset|NONE
6,8: |Gray|Reset|Reset|NONE
7,8: |Gray|Reset|Reset|NONE
8,8: |Gray|Reset|Reset|NONE
9,8: |Gray|Reset|Reset|NONE
10,8: |Gray|Reset|Reset|NONE
11,8: |Gray|Reset|Reset|NONE
12,8: |Gray|Reset|Reset|NONE
13,8: |Gray|Reset|Reset|NONE
14,8: |Gray|Reset|Reset|NONE
15,8: |Gray|Reset|Reset|NONE
16,8: |Gray|Reset|Reset|NONE
17,8: |Gray|Reset|Reset|NONE
18,8: |Gray|Reset|Reset|NONE
19,8: |Gray|Reset|Reset|NONE
20,8: |Gray|Reset|Reset|NONE
21,8: |Gray|Reset|Reset|NONE
22,8: |Gray|Reset|Reset|NONE
23,8: |Gray|Reset|Reset|NONE
24,8: |Gray|Reset|Reset|NONE
25,8: |Gray|Reset|Reset|NONE
26,8: |Gray|Reset|Reset|NONE
27,8: |Gray|Reset|Reset|NONE
28,8: |Gray|Reset|Reset|NONE
29,8: |Gray|Reset|Reset|NONE
30,8: |Gray|Reset|Reset|NONE
31,8: |Gray|Reset|Reset|NONE
32,8: |Gray|Reset|Reset|NONE
33,8: |Gray|Reset|Reset|NONE
34,8: |Gray|Reset|Reset|NONE
35,8: |Gray|Reset|Reset|NONE
36,8: |Gray|Reset|Reset|NONE
37,8: |Gray|Reset|Reset|NONE
38,8: |Gray|Reset|Reset|NONE
39,8: |Gray|Reset|Reset|NONE
40,8: |Gray|Reset|Reset|NONE
41,8: |Gray|Reset|Reset|NONE
42,8: |Gray|Reset|Reset|NONE
43,8: |Gray|Reset|Reset|NONE
44,8: |Gray|Reset|Reset|NONE
45,8: |Gray|Reset|Reset|NONE
46,8: |Gray|Reset|Reset|NONE
47,8: |Gray|Reset|Reset|NONE
48,8: |Gray|Reset|Reset|NONE
49,8: |Gray|Reset|Reset|NONE
50,8: |Gray|Reset|Reset|NONE
51,8: |Gray|Reset|Reset|NONE
52,8: |Gray|Reset|Reset|NONE
53,8: |Gray|Reset|Reset|NONE
54,8: |Gray|Reset|Reset|NONE
55,8: |Gray|Reset|Reset|NONE
56,8: |Gray|Reset|Reset|NONE
57,8: |Gray|Reset|Reset|NONE
58,8: |Gray|Reset|Reset|NONE
59,8:│|Gray|Reset|Reset|NONE
0,9:└|Gray|Reset|Reset|NONE
1,9:─|Gray|Reset|Reset|NONE
2,9:─|Gray|Reset|Reset|NONE
3,9:─|Gray|Reset|Reset|NONE
4,9:─|Gray|Reset|Reset|NONE
5,9:─|Gray|Reset|Reset|NONE
6,9:─|Gray|Reset|Reset|NONE
7,9:─|Gray|Reset|Reset|NONE
8,9:─|Gray|Reset|Reset|NONE
9,9:─|Gray|Reset|Reset|NONE
10,9:─|Gray|Reset|Reset|NONE
11,9:─|Gray|Reset|Reset|NONE
12,9:─|Gray|Reset|Reset|NONE
13,9:─|Gray|Reset|Reset|NONE
14,9:─|Gray|Reset|Reset|NONE
15,9:─|Gray|Reset|Reset|NONE
16,9:─|Gray|Reset|Reset|NONE
17,9:─|Gray|Reset|Reset|NONE
18,9:─|Gray|Reset|Reset|NONE
19,9:─|Gray|Reset|Reset|NONE
20,9:─|Gray|Reset|Reset|NONE
21,9:─|Gray|Reset|Reset|NONE
22,9:─|Gray|Reset|Reset|NONE
23,9:─|Gray|Reset|Reset|NONE
24,9:─|Gray|Reset|Reset|NONE
25,9:─|Gray|Reset|Reset|NONE
26,9:─|Gray|Reset|Reset|NONE
27,9:─|Gray|Reset|Reset|NONE
28,9:─|Gray|Reset|Reset|NONE
29,9:─|Gray|Reset|Reset|NONE
30,9:─|Gray|Reset|Reset|NONE
31,9:─|Gray|Reset|Reset|NONE
32,9:─|Gray|Reset|Reset|NONE
33,9:─|Gray|Reset|Reset|NONE
34,9:─|Gray|Reset|Reset|NONE
35,9:─|Gray|Reset|Reset|NONE
36,9:─|Gray|Reset|Reset|NONE
37,9:─|Gray|Reset|Reset|NONE
38,9:─|Gray|Reset|Reset|NONE
39,9:─|Gray|Reset|Reset|NONE
40,9:─|Gray|Reset|Reset|NONE
41,9:─|Gray|Reset|Reset|NONE
42,9:─|Gray|Reset|Reset|NONE
43,9:─|Gray|Reset|Reset|NONE
44,9:─|Gray|Reset|Reset|NONE
45,9:─|Gray|Reset|Reset|NONE
46,9:─|Gray|Reset|Reset|NONE
47,9:─|Gray|Reset|Reset|NONE
48,9:─|Gray|Reset|Reset|NONE
49,9:─|Gray|Reset|Reset|NONE
50,9:─|Gray|Reset|Reset|NONE
51,9:─|Gray|Reset|Reset|NONE
52,9:─|Gray|Reset|Reset|NONE
53,9:─|Gray|Reset|Reset|NONE
54,9:─|Gray|Reset|Reset|NONE
55,9:─|Gray|Reset|Reset|NONE
56,9:─|Gray|Reset|Reset|NONE
57,9:─|Gray|Reset|Reset|NONE
58,9:─|Gray|Reset|Reset|NONE
59,9:┘|Gray|Reset|Reset|NONE
