width=48 height=3
0,0:[|Rgb(58, 53, 39)|Reset|Reset|NONE
1,0:-|Rgb(58, 53, 39)|Reset|Reset|NONE
2,0:A|Rgb(58, 53, 39)|Reset|Reset|NONE
3,0:]|Rgb(58, 53, 39)|Reset|Reset|NONE
4,0: |Rgb(58, 53, 39)|Reset|Reset|NONE
5,0:…|Rgb(58, 53, 39)|Reset|Reset|NONE
6,0: |Rgb(58, 53, 39)|Reset|Reset|NONE
7,0: |Rgb(58, 53, 39)|Reset|Reset|NONE
8,0: |Rgb(58, 53, 39)|Reset|Reset|NONE
9,0: |Rgb(58, 53, 39)|Reset|Reset|NONE
10,0: |Rgb(58, 53, 39)|Reset|Reset|NONE
11,0: |Rgb(58, 53, 39)|Reset|Reset|NONE
12,0: |Rgb(58, 53, 39)|Reset|Reset|NONE
13,0: |Rgb(58, 53, 39)|Reset|Reset|NONE
14,0: |Rgb(58, 53, 39)|Reset|Reset|NONE
15,0: |Rgb(58, 53, 39)|Reset|Reset|NONE
16,0: |Rgb(58, 53, 39)|Reset|Reset|NONE
17,0: |Rgb(58, 53, 39)|Reset|Reset|NONE
18,0: |Rgb(58, 53, 39)|Reset|Reset|NONE
19,0: |Rgb(58, 53, 39)|Reset|Reset|NONE
20,0: |Rgb(58, 53, 39)|Reset|Reset|NONE
21,0: |Rgb(58, 53, 39)|Reset|Reset|NONE
22,0: |Rgb(58, 53, 39)|Reset|Reset|NONE
23,0: |Rgb(58, 53, 39)|Reset|Reset|NONE
24,0: |Rgb(58, 53, 39)|Reset|Reset|NONE
25,0: |Rgb(58, 53, 39)|Reset|Reset|NONE
26,0: |Rgb(58, 53, 39)|Reset|Reset|NONE
27,0: |Rgb(58, 53, 39)|Reset|Reset|NONE
28,0: |Rgb(58, 53, 39)|Reset|Reset|NONE
29,0: |Rgb(58, 53, 39)|Reset|Reset|NONE
30,0: |Rgb(58, 53, 39)|Reset|Reset|NONE
31,0: |Rgb(58, 53, 39)|Reset|Reset|NONE
32,0: |Rgb(58, 53, 39)|Reset|Reset|NONE
33,0: |Rgb(58, 53, 39)|Reset|Reset|NONE
34,0: |Rgb(58, 53, 39)|Reset|Reset|NONE
35,0: |Rgb(58, 53, 39)|Reset|Reset|NONE
36,0: |Rgb(58, 53, 39)|Reset|Reset|NONE
37,0: |Rgb(58, 53, 39)|Reset|Reset|NONE
38,0: |Rgb(58, 53, 39)|Reset|Reset|NONE
39,0: |Rgb(58, 53, 39)|Reset|Reset|NONE
40,0: |Rgb(58, 53, 39)|Reset|Reset|NONE
41,0: |Rgb(58, 53, 39)|Reset|Reset|NONE
42,0: |Rgb(58, 53, 39)|Reset|Reset|NONE
43,0: |Rgb(58, 53, 39)|Reset|Reset|NONE
44,0: |Rgb(58, 53, 39)|Reset|Reset|NONE
45,0: |Rgb(58, 53, 39)|Reset|Reset|NONE
46,0: |Rgb(58, 53, 39)|Reset|Reset|NONE
47,0: |Rgb(58, 53, 39)|Reset|Reset|NONE
0,1:─|Rgb(58, 53, 39)|Reset|Reset|NONE
1,1:─|Rgb(58, 53, 39)|Reset|Reset|NONE
2,1:─|Rgb(58, 53, 39)|Reset|Reset|NONE
3,1:─|Rgb(58, 53, 39)|Reset|Reset|NONE
4,1:─|Rgb(58, 53, 39)|Reset|Reset|NONE
5,1:─|Rgb(58, 53, 39)|Reset|Reset|NONE
6,1:─|Rgb(58, 53, 39)|Reset|Reset|NONE
7,1:─|Rgb(58, 53, 39)|Reset|Reset|NONE
8,1:─|Rgb(58, 53, 39)|Reset|Reset|NONE
9,1:─|Rgb(58, 53, 39)|Reset|Reset|NONE
10,1:─|Rgb(58, 53, 39)|Reset|Reset|NONE
11,1:─|Rgb(58, 53, 39)|Reset|Reset|NONE
12,1:─|Rgb(58, 53, 39)|Reset|Reset|NONE
13,1:─|Rgb(58, 53, 39)|Reset|Reset|NONE
14,1:─|Rgb(58, 53, 39)|Reset|Reset|NONE
15,1:─|Rgb(58, 53, 39)|Reset|Reset|NONE
16,1:─|Rgb(58, 53, 39)|Reset|Reset|NONE
17,1:─|Rgb(58, 53, 39)|Reset|Reset|NONE
18,1:─|Rgb(58, 53, 39)|Reset|Reset|NONE
19,1:─|Rgb(58, 53, 39)|Reset|Reset|NONE
20,1:─|Rgb(58, 53, 39)|Reset|Reset|NONE
21,1:─|Rgb(58, 53, 39)|Reset|Reset|NONE
22,1:─|Rgb(58, 53, 39)|Reset|Reset|NONE
23,1:─|Rgb(58, 53, 39)|Reset|Reset|NONE
24,1:─|Rgb(58, 53, 39)|Reset|Reset|NONE
25,1:─|Rgb(58, 53, 39)|Reset|Reset|NONE
26,1:─|Rgb(58, 53, 39)|Reset|Reset|NONE
27,1:─|Rgb(58, 53, 39)|Reset|Reset|NONE
28,1:─|Rgb(58, 53, 39)|Reset|Reset|NONE
29,1:─|Rgb(58, 53, 39)|Reset|Reset|NONE
30,1:─|Rgb(58, 53, 39)|Reset|Reset|NONE
31,1:─|Rgb(58, 53, 39)|Reset|Reset|NONE
32,1:─|Rgb(58, 53, 39)|Reset|Reset|NONE
33,1:─|Rgb(58, 53, 39)|Reset|Reset|NONE
34,1:─|Rgb(58, 53, 39)|Reset|Reset|NONE
35,1:─|Rgb(58, 53, 39)|Reset|Reset|NONE
36,1:─|Rgb(58, 53, 39)|Reset|Reset|NONE
37,1:─|Rgb(58, 53, 39)|Reset|Reset|NONE
38,1:─|Rgb(58, 53, 39)|Reset|Reset|NONE
39,1:─|Rgb(58, 53, 39)|Reset|Reset|NONE
40,1:─|Rgb(58, 53, 39)|Reset|Reset|NONE
41,1:─|Rgb(58, 53, 39)|Reset|Reset|NONE
42,1:─|Rgb(58, 53, 39)|Reset|Reset|NONE
43,1:─|Rgb(58, 53, 39)|Reset|Reset|NONE
44,1:─|Rgb(58, 53, 39)|Reset|Reset|NONE
45,1:─|Rgb(58, 53, 39)|Reset|Reset|NONE
46,1:─|Rgb(58, 53, 39)|Reset|Reset|NONE
47,1:─|Rgb(58, 53, 39)|Reset|Reset|NONE
0,2: |Reset|Reset|Reset|NONE
1,2: |Reset|Reset|Reset|NONE
2,2: |Reset|Reset|Reset|NONE
3,2: |Reset|Reset|Reset|NONE
4,2: |Reset|Reset|Reset|NONE
5,2: |Reset|Reset|Reset|NONE
6,2: |Reset|Reset|Reset|NONE
7,2: |Reset|Reset|Reset|NONE
8,2: |Reset|Reset|Reset|NONE
9,2: |Reset|Reset|Reset|NONE
10,2: |Reset|Reset|Reset|NONE
11,2: |Reset|Reset|Reset|NONE
12,2: |Reset|Reset|Reset|NONE
13,2: |Reset|Reset|Reset|NONE
14,2: |Reset|Reset|Reset|NONE
15,2: |Reset|Reset|Reset|NONE
16,2: |Reset|Reset|Reset|NONE
17,2: |Reset|Reset|Reset|NONE
18,2: |Reset|Reset|Reset|NONE
19,2: |Reset|Reset|Reset|NONE
20,2: |Reset|Reset|Reset|NONE
21,2: |Reset|Reset|Reset|NONE
22,2: |Reset|Reset|Reset|NONE
23,2: |Reset|Reset|Reset|NONE
24,2: |Reset|Reset|Reset|NONE
25,2: |Reset|Reset|Reset|NONE
26,2: |Reset|Reset|Reset|NONE
27,2: |Reset|Reset|Reset|NONE
28,2: |Reset|Reset|Reset|NONE
29,2: |Reset|Reset|Reset|NONE
30,2: |Reset|Reset|Reset|NONE
31,2: |Reset|Reset|Reset|NONE
32,2: |Reset|Reset|Reset|NONE
33,2: |Reset|Reset|Reset|NONE
34,2: |Reset|Reset|Reset|NONE
35,2: |Reset|Reset|Reset|NONE
36,2: |Reset|Reset|Reset|NONE
37,2: |Reset|Reset|Reset|NONE
38,2: |Reset|Reset|Reset|NONE
39,2: |Reset|Reset|Reset|NONE
40,2: |Reset|Reset|Reset|NONE
41,2: |Reset|Reset|Reset|NONE
42,2: |Reset|Reset|Reset|NONE
43,2: |Reset|Reset|Reset|NONE
44,2: |Reset|Reset|Reset|NONE
45,2: |Reset|Reset|Reset|NONE
46,2: |Reset|Reset|Reset|NONE
47,2: |Reset|Reset|Reset|NONE
