width=24 height=1
0,0:H|Rgb(133, 133, 133)|Reset|Reset|DIM | ITALIC
1,0:o|Rgb(133, 133, 133)|Reset|Reset|DIM | ITALIC
2,0:m|Rgb(133, 133, 133)|Reset|Reset|DIM | ITALIC
3,0:e|Rgb(133, 133, 133)|Reset|Reset|DIM | ITALIC
4,0:l|Rgb(133, 133, 133)|Reset|Reset|DIM | ITALIC
5,0:a|Rgb(133, 133, 133)|Reset|Reset|DIM | ITALIC
6,0:b|Rgb(133, 133, 133)|Reset|Reset|DIM | ITALIC
7,0: |Rgb(133, 133, 133)|Reset|Reset|DIM | ITALIC
8,0:s|Rgb(133, 133, 133)|Reset|Reset|DIM | ITALIC
9,0:e|Rgb(133, 133, 133)|Reset|Reset|DIM | ITALIC
10,0:r|Rgb(133, 133, 133)|Reset|Reset|DIM | ITALIC
11,0:v|Rgb(133, 133, 133)|Reset|Reset|DIM | ITALIC
12,0:i|Rgb(133, 133, 133)|Reset|Reset|DIM | ITALIC
13,0:c|Rgb(133, 133, 133)|Reset|Reset|DIM | ITALIC
14,0:e|Rgb(133, 133, 133)|Reset|Reset|DIM | ITALIC
15,0:s|Rgb(133, 133, 133)|Reset|Reset|DIM | ITALIC
16,0: |Rgb(133, 133, 133)|Reset|Reset|DIM | ITALIC
17,0:…|Rgb(133, 133, 133)|Reset|Reset|DIM | ITALIC
18,0: |Rgb(133, 133, 133)|Reset|Reset|DIM | ITALIC
19,0: |Rgb(133, 133, 133)|Reset|Reset|DIM | ITALIC
20,0: |Rgb(133, 133, 133)|Reset|Reset|DIM | ITALIC
21,0: |Rgb(133, 133, 133)|Reset|Reset|DIM | ITALIC
22,0: |Rgb(133, 133, 133)|Reset|Reset|DIM | ITALIC
23,0: |Rgb(133, 133, 133)|Reset|Reset|DIM | ITALIC
