width=24 height=1
0,0:H|Rgb(96, 91, 71)|Reset|Reset|DIM
1,0:o|Rgb(96, 91, 71)|Reset|Reset|DIM
2,0:m|Rgb(96, 91, 71)|Reset|Reset|DIM
3,0:e|Rgb(96, 91, 71)|Reset|Reset|DIM
4,0:l|Rgb(96, 91, 71)|Reset|Reset|DIM
5,0:a|Rgb(96, 91, 71)|Reset|Reset|DIM
6,0:b|Rgb(96, 91, 71)|Reset|Reset|DIM
7,0: |Rgb(96, 91, 71)|Reset|Reset|DIM
8,0:s|Rgb(96, 91, 71)|Reset|Reset|DIM
9,0:e|Rgb(96, 91, 71)|Reset|Reset|DIM
10,0:r|Rgb(96, 91, 71)|Reset|Reset|DIM
11,0:v|Rgb(96, 91, 71)|Reset|Reset|DIM
12,0:i|Rgb(96, 91, 71)|Reset|Reset|DIM
13,0:c|Rgb(96, 91, 71)|Reset|Reset|DIM
14,0:e|Rgb(96, 91, 71)|Reset|Reset|DIM
15,0:s|Rgb(96, 91, 71)|Reset|Reset|DIM
16,0: |Rgb(96, 91, 71)|Reset|Reset|DIM
17,0:~|Rgb(96, 91, 71)|Reset|Reset|DIM
18,0: |Rgb(96, 91, 71)|Reset|Reset|DIM
19,0: |Rgb(96, 91, 71)|Reset|Reset|DIM
20,0: |Rgb(96, 91, 71)|Reset|Reset|DIM
21,0: |Rgb(96, 91, 71)|Reset|Reset|DIM
22,0: |Rgb(96, 91, 71)|Reset|Reset|DIM
23,0: |Rgb(96, 91, 71)|Reset|Reset|DIM
