width=32 height=3
0,0:[|Reset|Reset|Reset|ITALIC
1,0:?|Reset|Reset|Reset|ITALIC
2,0:]|Reset|Reset|Reset|ITALIC
3,0: |Reset|Reset|Reset|ITALIC
4,0:c|Reset|Reset|Reset|ITALIC
5,0:o|Reset|Reset|Reset|ITALIC
6,0:n|Reset|Reset|Reset|ITALIC
7,0:t|Reset|Reset|Reset|ITALIC
8,0:e|Reset|Reset|Reset|ITALIC
9,0:x|Reset|Reset|Reset|ITALIC
10,0:t|Reset|Reset|Reset|ITALIC
11,0: |Reset|Reset|Reset|ITALIC
12,0:h|Reset|Reset|Reset|ITALIC
13,0:e|Reset|Reset|Reset|ITALIC
14,0:l|Reset|Reset|Reset|ITALIC
15,0:p|Reset|Reset|Reset|ITALIC
16,0: |Reset|Reset|Reset|ITALIC
17,0: |Reset|Reset|Reset|ITALIC
18,0: |Reset|Reset|Reset|ITALIC
19,0: |Reset|Reset|Reset|ITALIC
20,0: |Reset|Reset|Reset|ITALIC
21,0: |Reset|Reset|Reset|ITALIC
22,0: |Reset|Reset|Reset|ITALIC
23,0: |Reset|Reset|Reset|ITALIC
24,0: |Reset|Reset|Reset|ITALIC
25,0: |Reset|Reset|Reset|ITALIC
26,0: |Reset|Reset|Reset|ITALIC
27,0: |Reset|Reset|Reset|ITALIC
28,0: |Reset|Reset|Reset|ITALIC
29,0: |Reset|Reset|Reset|ITALIC
30,0: |Reset|Reset|Reset|ITALIC
31,0: |Reset|Reset|Reset|ITALIC
0,1: |Reset|Reset|Reset|NONE
1,1: |Reset|Reset|Reset|NONE
2,1: |Reset|Reset|Reset|NONE
3,1: |Reset|Reset|Reset|NONE
4,1: |Reset|Reset|Reset|NONE
5,1: |Reset|Reset|Reset|NONE
6,1: |Reset|Reset|Reset|NONE
7,1: |Reset|Reset|Reset|NONE
8,1: |Reset|Reset|Reset|NONE
9,1: |Reset|Reset|Reset|NONE
10,1: |Reset|Reset|Reset|NONE
11,1: |Reset|Reset|Reset|NONE
12,1: |Reset|Reset|Reset|NONE
13,1: |Reset|Reset|Reset|NONE
14,1: |Reset|Reset|Reset|NONE
15,1: |Reset|Reset|Reset|NONE
16,1: |Reset|Reset|Reset|NONE
17,1: |Reset|Reset|Reset|NONE
18,1: |Reset|Reset|Reset|NONE
19,1: |Reset|Reset|Reset|NONE
20,1: |Reset|Reset|Reset|NONE
21,1: |Reset|Reset|Reset|NONE
22,1: |Reset|Reset|Reset|NONE
23,1: |Reset|Reset|Reset|NONE
24,1: |Reset|Reset|Reset|NONE
25,1: |Reset|Reset|Reset|NONE
26,1: |Reset|Reset|Reset|NONE
27,1: |Reset|Reset|Reset|NONE
28,1: |Reset|Reset|Reset|NONE
29,1: |Reset|Reset|Reset|NONE
30,1: |Reset|Reset|Reset|NONE
31,1: |Reset|Reset|Reset|NONE
0,2: |Reset|Reset|Reset|NONE
1,2: |Reset|Reset|Reset|NONE
2,2: |Reset|Reset|Reset|NONE
3,2: |Reset|Reset|Reset|NONE
4,2: |Reset|Reset|Reset|NONE
5,2: |Reset|Reset|Reset|NONE
6,2: |Reset|Reset|Reset|NONE
7,2: |Reset|Reset|Reset|NONE
8,2: |Reset|Reset|Reset|NONE
9,2: |Reset|Reset|Reset|NONE
10,2: |Reset|Reset|Reset|NONE
11,2: |Reset|Reset|Reset|NONE
12,2: |Reset|Reset|Reset|NONE
13,2: |Reset|Reset|Reset|NONE
14,2: |Reset|Reset|Reset|NONE
15,2: |Reset|Reset|Reset|NONE
16,2: |Reset|Reset|Reset|NONE
17,2: |Reset|Reset|Reset|NONE
18,2: |Reset|Reset|Reset|NONE
19,2: |Reset|Reset|Reset|NONE
20,2: |Reset|Reset|Reset|NONE
21,2: |Reset|Reset|Reset|NONE
22,2: |Reset|Reset|Reset|NONE
23,2: |Reset|Reset|Reset|NONE
24,2: |Reset|Reset|Reset|NONE
25,2: |Reset|Reset|Reset|NONE
26,2: |Reset|Reset|Reset|NONE
27,2: |Reset|Reset|Reset|NONE
28,2: |Reset|Reset|Reset|NONE
29,2: |Reset|Reset|Reset|NONE
30,2: |Reset|Reset|Reset|NONE
31,2: |Reset|Reset|Reset|NONE
