width=80 height=24
0,0: |Black|Gray|Reset|NONE
1,0: |Black|Gray|Reset|NONE
2,0: |Black|Gray|Reset|NONE
3,0: |Black|Gray|Reset|NONE
4,0: |Black|Gray|Reset|NONE
5,0: |Black|Gray|Reset|NONE
6,0: |Black|Gray|Reset|NONE
7,0: |Black|Gray|Reset|NONE
8,0: |Black|Gray|Reset|NONE
9,0: |Black|Gray|Reset|NONE
10,0: |Black|Gray|Reset|NONE
11,0: |Black|Gray|Reset|NONE
12,0: |Black|Gray|Reset|NONE
13,0: |Black|Gray|Reset|NONE
14,0: |Black|Gray|Reset|NONE
15,0: |Black|Gray|Reset|NONE
16,0: |Black|Gray|Reset|NONE
17,0: |Black|Gray|Reset|NONE
18,0: |Black|Gray|Reset|NONE
19,0: |Black|Gray|Reset|NONE
20,0: |Black|Gray|Reset|NONE
21,0: |Black|Gray|Reset|NONE
22,0: |Black|Gray|Reset|NONE
23,0: |Black|Gray|Reset|NONE
24,0: |Black|Gray|Reset|NONE
25,0: |Black|Gray|Reset|NONE
26,0: |Black|Gray|Reset|NONE
27,0:[|DarkGray|Gray|Reset|NONE
28,0:D|DarkGray|Gray|Reset|NONE
29,0:a|DarkGray|Gray|Reset|NONE
30,0:s|DarkGray|Gray|Reset|NONE
31,0:h|DarkGray|Gray|Reset|NONE
32,0:b|DarkGray|Gray|Reset|NONE
33,0:o|DarkGray|Gray|Reset|NONE
34,0:a|DarkGray|Gray|Reset|NONE
35,0:r|DarkGray|Gray|Reset|NONE
36,0:d|DarkGray|Gray|Reset|NONE
37,0:]|DarkGray|Gray|Reset|NONE
38,0: |DarkGray|Gray|Reset|NONE
39,0: |DarkGray|Gray|Reset|NONE
40,0: |DarkGray|Gray|Reset|NONE
41,0: |DarkGray|Gray|Reset|NONE
42,0: |DarkGray|Gray|Reset|NONE
43,0: |DarkGray|Gray|Reset|NONE
44,0: |DarkGray|Gray|Reset|NONE
45,0: |DarkGray|Gray|Reset|NONE
46,0: |DarkGray|Gray|Reset|NONE
47,0: |DarkGray|Gray|Reset|NONE
48,0: |DarkGray|Gray|Reset|NONE
49,0: |DarkGray|Gray|Reset|NONE
50,0: |DarkGray|Gray|Reset|NONE
51,0: |DarkGray|Gray|Reset|NONE
52,0: |DarkGray|Gray|Reset|NONE
53,0: |Black|Gray|Reset|NONE
54,0:[|Black|Gray|Reset|NONE
55,0:M|Black|Gray|Reset|NONE
56,0:e|Black|Gray|Reset|NONE
57,0:n|Black|Gray|Reset|NONE
58,0:u|Black|Gray|Reset|NONE
59,0:]|Black|Gray|Reset|NONE
60,0: |Black|Gray|Reset|NONE
61,0: |Black|Gray|Reset|NONE
62,0: |Black|Gray|Reset|NONE
63,0: |Black|Gray|Reset|NONE
64,0: |Black|Gray|Reset|NONE
65,0: |Black|Gray|Reset|NONE
66,0: |Black|Gray|Reset|NONE
67,0: |Black|Gray|Reset|NONE
68,0: |Black|Gray|Reset|NONE
69,0: |Black|Gray|Reset|NONE
70,0: |Black|Gray|Reset|NONE
71,0: |Black|Gray|Reset|NONE
72,0: |Black|Gray|Reset|NONE
73,0: |Black|Gray|Reset|NONE
74,0: |Black|Gray|Reset|NONE
75,0: |Black|Gray|Reset|NONE
76,0: |Black|Gray|Reset|NONE
77,0: |Black|Gray|Reset|NONE
78,0: |Black|Gray|Reset|NONE
79,0: |Black|Gray|Reset|NONE
0,1:─|Black|Gray|Reset|NONE
1,1:─|Black|Gray|Reset|NONE
2,1:─|Black|Gray|Reset|NONE
3,1:─|Black|Gray|Reset|NONE
4,1:─|Black|Gray|Reset|NONE
5,1:─|Black|Gray|Reset|NONE
6,1:─|Black|Gray|Reset|NONE
7,1:─|Black|Gray|Reset|NONE
8,1:─|Black|Gray|Reset|NONE
9,1:─|Black|Gray|Reset|NONE
10,1:─|Black|Gray|Reset|NONE
11,1:─|Black|Gray|Reset|NONE
12,1:─|Black|Gray|Reset|NONE
13,1:─|Black|Gray|Reset|NONE
14,1:─|Black|Gray|Reset|NONE
15,1:─|Black|Gray|Reset|NONE
16,1:─|Black|Gray|Reset|NONE
17,1:─|Black|Gray|Reset|NONE
18,1:─|Black|Gray|Reset|NONE
19,1:─|Black|Gray|Reset|NONE
20,1:─|Black|Gray|Reset|NONE
21,1:─|Black|Gray|Reset|NONE
22,1:─|Black|Gray|Reset|NONE
23,1:─|Black|Gray|Reset|NONE
24,1:─|Black|Gray|Reset|NONE
25,1:─|Black|Gray|Reset|NONE
26,1:─|Black|Gray|Reset|NONE
27,1:─|Black|Gray|Reset|NONE
28,1:─|Black|Gray|Reset|NONE
29,1:─|Black|Gray|Reset|NONE
30,1:─|Black|Gray|Reset|NONE
31,1:─|Black|Gray|Reset|NONE
32,1:─|Black|Gray|Reset|NONE
33,1:─|Black|Gray|Reset|NONE
34,1:─|Black|Gray|Reset|NONE
35,1:─|Black|Gray|Reset|NONE
36,1:─|Black|Gray|Reset|NONE
37,1:─|Black|Gray|Reset|NONE
38,1:─|Black|Gray|Reset|NONE
39,1:─|Black|Gray|Reset|NONE
40,1:─|Black|Gray|Reset|NONE
41,1:─|Black|Gray|Reset|NONE
42,1:─|Black|Gray|Reset|NONE
43,1:─|Black|Gray|Reset|NONE
44,1:─|Black|Gray|Reset|NONE
45,1:─|Black|Gray|Reset|NONE
46,1:─|Black|Gray|Reset|NONE
47,1:─|Black|Gray|Reset|NONE
48,1:─|Black|Gray|Reset|NONE
49,1:─|Black|Gray|Reset|NONE
50,1:─|Black|Gray|Reset|NONE
51,1:─|Black|Gray|Reset|NONE
52,1:─|Black|Gray|Reset|NONE
53,1:─|Black|Gray|Reset|NONE
54,1:─|Black|Gray|Reset|NONE
55,1:─|Black|Gray|Reset|NONE
56,1:─|Black|Gray|Reset|NONE
57,1:─|Black|Gray|Reset|NONE
58,1:─|Black|Gray|Reset|NONE
59,1:─|Black|Gray|Reset|NONE
60,1:─|Black|Gray|Reset|NONE
61,1:─|Black|Gray|Reset|NONE
62,1:─|Black|Gray|Reset|NONE
63,1:─|Black|Gray|Reset|NONE
64,1:─|Black|Gray|Reset|NONE
65,1:─|Black|Gray|Reset|NONE
66,1:─|Black|Gray|Reset|NONE
67,1:─|Black|Gray|Reset|NONE
68,1:─|Black|Gray|Reset|NONE
69,1:─|Black|Gray|Reset|NONE
70,1:─|Black|Gray|Reset|NONE
71,1:─|Black|Gray|Reset|NONE
72,1:─|Black|Gray|Reset|NONE
73,1:─|Black|Gray|Reset|NONE
74,1:─|Black|Gray|Reset|NONE
75,1:─|Black|Gray|Reset|NONE
76,1:─|Black|Gray|Reset|NONE
77,1:─|Black|Gray|Reset|NONE
78,1:─|Black|Gray|Reset|NONE
79,1:─|Black|Gray|Reset|NONE
0,2: |Black|Gray|Reset|NONE
1,2:╭|Black|Gray|Reset|NONE
2,2:─|Black|Gray|Reset|NONE
3,2:─|Black|Gray|Reset|NONE
4,2:─|Black|Gray|Reset|NONE
5,2:─|Black|Gray|Reset|NONE
6,2:─|Black|Gray|Reset|NONE
7,2:─|Black|Gray|Reset|NONE
8,2:─|Black|Gray|Reset|NONE
9,2:─|Black|Gray|Reset|NONE
10,2:─|Black|Gray|Reset|NONE
11,2:─|Black|Gray|Reset|NONE
12,2:─|Black|Gray|Reset|NONE
13,2:─|Black|Gray|Reset|NONE
14,2:─|Black|Gray|Reset|NONE
15,2:─|Black|Gray|Reset|NONE
16,2:─|Black|Gray|Reset|NONE
17,2:─|Black|Gray|Reset|NONE
18,2:─|Black|Gray|Reset|NONE
19,2:─|Black|Gray|Reset|NONE
20,2:─|Black|Gray|Reset|NONE
21,2:─|Black|Gray|Reset|NONE
22,2:─|Black|Gray|Reset|NONE
23,2:─|Black|Gray|Reset|NONE
24,2:─|Black|Gray|Reset|NONE
25,2:╮|Black|Gray|Reset|NONE
26,2: |Black|Gray|Reset|NONE
27,2:╭|Black|Gray|Reset|NONE
28,2:─|Black|Gray|Reset|NONE
29,2:─|Black|Gray|Reset|NONE
30,2:─|Black|Gray|Reset|NONE
31,2:─|Black|Gray|Reset|NONE
32,2:─|Black|Gray|Reset|NONE
33,2:─|Black|Gray|Reset|NONE
34,2:─|Black|Gray|Reset|NONE
35,2:─|Black|Gray|Reset|NONE
36,2:─|Black|Gray|Reset|NONE
37,2:─|Black|Gray|Reset|NONE
38,2:─|Black|Gray|Reset|NONE
39,2:─|Black|Gray|Reset|NONE
40,2:─|Black|Gray|Reset|NONE
41,2:─|Black|Gray|Reset|NONE
42,2:─|Black|Gray|Reset|NONE
43,2:─|Black|Gray|Reset|NONE
44,2:─|Black|Gray|Reset|NONE
45,2:─|Black|Gray|Reset|NONE
46,2:─|Black|Gray|Reset|NONE
47,2:─|Black|Gray|Reset|NONE
48,2:─|Black|Gray|Reset|NONE
49,2:─|Black|Gray|Reset|NONE
50,2:─|Black|Gray|Reset|NONE
51,2:─|Black|Gray|Reset|NONE
52,2:╮|Black|Gray|Reset|NONE
53,2: |Black|Gray|Reset|NONE
54,2:╭|Black|Gray|Reset|NONE
55,2:─|Black|Gray|Reset|NONE
56,2:─|Black|Gray|Reset|NONE
57,2:─|Black|Gray|Reset|NONE
58,2:─|Black|Gray|Reset|NONE
59,2:─|Black|Gray|Reset|NONE
60,2:─|Black|Gray|Reset|NONE
61,2:─|Black|Gray|Reset|NONE
62,2:─|Black|Gray|Reset|NONE
63,2:─|Black|Gray|Reset|NONE
64,2:─|Black|Gray|Reset|NONE
65,2:─|Black|Gray|Reset|NONE
66,2:─|Black|Gray|Reset|NONE
67,2:─|Black|Gray|Reset|NONE
68,2:─|Black|Gray|Reset|NONE
69,2:─|Black|Gray|Reset|NONE
70,2:─|Black|Gray|Reset|NONE
71,2:─|Black|Gray|Reset|NONE
72,2:─|Black|Gray|Reset|NONE
73,2:─|Black|Gray|Reset|NONE
74,2:─|Black|Gray|Reset|NONE
75,2:─|Black|Gray|Reset|NONE
76,2:─|Black|Gray|Reset|NONE
77,2:─|Black|Gray|Reset|NONE
78,2:╮|Black|Gray|Reset|NONE
79,2: |Black|Gray|Reset|NONE
0,3: |Black|Gray|Reset|NONE
1,3:│|Black|Gray|Reset|NONE
2,3: |Black|Gray|Reset|NONE
3,3:1|Cyan|Gray|Reset|BOLD
4,3:2|Cyan|Gray|Reset|BOLD
5,3:%|Cyan|Gray|Reset|BOLD
6,3: |Cyan|Gray|Reset|BOLD
7,3: |Cyan|Gray|Reset|BOLD
8,3: |Cyan|Gray|Reset|BOLD
9,3: |Cyan|Gray|Reset|BOLD
10,3: |Cyan|Gray|Reset|BOLD
11,3: |Cyan|Gray|Reset|BOLD
12,3: |Cyan|Gray|Reset|BOLD
13,3: |Cyan|Gray|Reset|BOLD
14,3: |Cyan|Gray|Reset|BOLD
15,3: |Cyan|Gray|Reset|BOLD
16,3: |Cyan|Gray|Reset|BOLD
17,3: |Cyan|Gray|Reset|BOLD
18,3: |Cyan|Gray|Reset|BOLD
19,3: |Cyan|Gray|Reset|BOLD
20,3: |Cyan|Gray|Reset|BOLD
21,3: |Cyan|Gray|Reset|BOLD
22,3: |Cyan|Gray|Reset|BOLD
23,3: |Cyan|Gray|Reset|BOLD
24,3: |Black|Gray|Reset|NONE
25,3:│|Black|Gray|Reset|NONE
26,3: |Black|Gray|Reset|NONE
27,3:│|Black|Gray|Reset|NONE
28,3: |Black|Gray|Reset|NONE
29,3:4|Red|Gray|Reset|BOLD
30,3:.|Red|Gray|Reset|BOLD
31,3:2|Red|Gray|Reset|BOLD
32,3:G|Red|Gray|Reset|BOLD
33,3: |Red|Gray|Reset|BOLD
34,3: |Red|Gray|Reset|BOLD
35,3: |Red|Gray|Reset|BOLD
36,3: |Red|Gray|Reset|BOLD
37,3: |Red|Gray|Reset|BOLD
38,3: |Red|Gray|Reset|BOLD
39,3: |Red|Gray|Reset|BOLD
40,3: |Red|Gray|Reset|BOLD
41,3: |Red|Gray|Reset|BOLD
42,3: |Red|Gray|Reset|BOLD
43,3: |Red|Gray|Reset|BOLD
44,3: |Red|Gray|Reset|BOLD
45,3: |Red|Gray|Reset|BOLD
46,3: |Red|Gray|Reset|BOLD
47,3: |Red|Gray|Reset|BOLD
48,3: |Red|Gray|Reset|BOLD
49,3: |Red|Gray|Reset|BOLD
50,3: |Red|Gray|Reset|BOLD
51,3: |Black|Gray|Reset|NONE
52,3:│|Black|Gray|Reset|NONE
53,3: |Black|Gray|Reset|NONE
54,3:│|Black|Gray|Reset|NONE
55,3: |Black|Gray|Reset|NONE
56,3:1|Black|Gray|Reset|BOLD
57,3:4|Black|Gray|Reset|BOLD
58,3:d|Black|Gray|Reset|BOLD
59,3: |Black|Gray|Reset|BOLD
60,3: |Black|Gray|Reset|BOLD
61,3: |Black|Gray|Reset|BOLD
62,3: |Black|Gray|Reset|BOLD
63,3: |Black|Gray|Reset|BOLD
64,3: |Black|Gray|Reset|BOLD
65,3: |Black|Gray|Reset|BOLD
66,3: |Black|Gray|Reset|BOLD
67,3: |Black|Gray|Reset|BOLD
68,3: |Black|Gray|Reset|BOLD
69,3: |Black|Gray|Reset|BOLD
70,3: |Black|Gray|Reset|BOLD
71,3: |Black|Gray|Reset|BOLD
72,3: |Black|Gray|Reset|BOLD
73,3: |Black|Gray|Reset|BOLD
74,3: |Black|Gray|Reset|BOLD
75,3: |Black|Gray|Reset|BOLD
76,3: |Black|Gray|Reset|BOLD
77,3: |Black|Gray|Reset|NONE
78,3:│|Black|Gray|Reset|NONE
79,3: |Black|Gray|Reset|NONE
0,4: |Black|Gray|Reset|NONE
1,4:│|Black|Gray|Reset|NONE
2,4: |Black|Gray|Reset|NONE
3,4:C|DarkGray|Gray|Reset|NONE
4,4:P|DarkGray|Gray|Reset|NONE
5,4:U|DarkGray|Gray|Reset|NONE
6,4: |DarkGray|Gray|Reset|NONE
7,4: |DarkGray|Gray|Reset|NONE
8,4: |DarkGray|Gray|Reset|NONE
9,4: |DarkGray|Gray|Reset|NONE
10,4: |DarkGray|Gray|Reset|NONE
11,4: |DarkGray|Gray|Reset|NONE
12,4: |DarkGray|Gray|Reset|NONE
13,4: |DarkGray|Gray|Reset|NONE
14,4: |DarkGray|Gray|Reset|NONE
15,4: |DarkGray|Gray|Reset|NONE
16,4: |DarkGray|Gray|Reset|NONE
17,4: |DarkGray|Gray|Reset|NONE
18,4: |DarkGray|Gray|Reset|NONE
19,4: |DarkGray|Gray|Reset|NONE
20,4: |DarkGray|Gray|Reset|NONE
21,4: |DarkGray|Gray|Reset|NONE
22,4: |DarkGray|Gray|Reset|NONE
23,4: |DarkGray|Gray|Reset|NONE
24,4: |Black|Gray|Reset|NONE
25,4:│|Black|Gray|Reset|NONE
26,4: |Black|Gray|Reset|NONE
27,4:│|Black|Gray|Reset|NONE
28,4: |Black|Gray|Reset|NONE
29,4:M|DarkGray|Gray|Reset|NONE
30,4:E|DarkGray|Gray|Reset|NONE
31,4:M|DarkGray|Gray|Reset|NONE
32,4: |DarkGray|Gray|Reset|NONE
33,4: |DarkGray|Gray|Reset|NONE
34,4: |DarkGray|Gray|Reset|NONE
35,4: |DarkGray|Gray|Reset|NONE
36,4: |DarkGray|Gray|Reset|NONE
37,4: |DarkGray|Gray|Reset|NONE
38,4: |DarkGray|Gray|Reset|NONE
39,4: |DarkGray|Gray|Reset|NONE
40,4: |DarkGray|Gray|Reset|NONE
41,4: |DarkGray|Gray|Reset|NONE
42,4: |DarkGray|Gray|Reset|NONE
43,4: |DarkGray|Gray|Reset|NONE
44,4: |DarkGray|Gray|Reset|NONE
45,4: |DarkGray|Gray|Reset|NONE
46,4: |DarkGray|Gray|Reset|NONE
47,4: |DarkGray|Gray|Reset|NONE
48,4: |DarkGray|Gray|Reset|NONE
49,4: |DarkGray|Gray|Reset|NONE
50,4: |DarkGray|Gray|Reset|NONE
51,4: |Black|Gray|Reset|NONE
52,4:│|Black|Gray|Reset|NONE
53,4: |Black|Gray|Reset|NONE
54,4:│|Black|Gray|Reset|NONE
55,4: |Black|Gray|Reset|NONE
56,4:U|DarkGray|Gray|Reset|NONE
57,4:P|DarkGray|Gray|Reset|NONE
58,4:T|DarkGray|Gray|Reset|NONE
59,4:I|DarkGray|Gray|Reset|NONE
60,4:M|DarkGray|Gray|Reset|NONE
61,4:E|DarkGray|Gray|Reset|NONE
62,4: |DarkGray|Gray|Reset|NONE
63,4: |DarkGray|Gray|Reset|NONE
64,4: |DarkGray|Gray|Reset|NONE
65,4: |DarkGray|Gray|Reset|NONE
66,4: |DarkGray|Gray|Reset|NONE
67,4: |DarkGray|Gray|Reset|NONE
68,4: |DarkGray|Gray|Reset|NONE
69,4: |DarkGray|Gray|Reset|NONE
70,4: |DarkGray|Gray|Reset|NONE
71,4: |DarkGray|Gray|Reset|NONE
72,4: |DarkGray|Gray|Reset|NONE
73,4: |DarkGray|Gray|Reset|NONE
74,4: |DarkGray|Gray|Reset|NONE
75,4: |DarkGray|Gray|Reset|NONE
76,4: |DarkGray|Gray|Reset|NONE
77,4: |Black|Gray|Reset|NONE
78,4:│|Black|Gray|Reset|NONE
79,4: |Black|Gray|Reset|NONE
0,5: |Black|Gray|Reset|NONE
1,5:╰|Black|Gray|Reset|NONE
2,5:─|Black|Gray|Reset|NONE
3,5:─|Black|Gray|Reset|NONE
4,5:─|Black|Gray|Reset|NONE
5,5:─|Black|Gray|Reset|NONE
6,5:─|Black|Gray|Reset|NONE
7,5:─|Black|Gray|Reset|NONE
8,5:─|Black|Gray|Reset|NONE
9,5:─|Black|Gray|Reset|NONE
10,5:─|Black|Gray|Reset|NONE
11,5:─|Black|Gray|Reset|NONE
12,5:─|Black|Gray|Reset|NONE
13,5:─|Black|Gray|Reset|NONE
14,5:─|Black|Gray|Reset|NONE
15,5:─|Black|Gray|Reset|NONE
16,5:─|Black|Gray|Reset|NONE
17,5:─|Black|Gray|Reset|NONE
18,5:─|Black|Gray|Reset|NONE
19,5:─|Black|Gray|Reset|NONE
20,5:─|Black|Gray|Reset|NONE
21,5:─|Black|Gray|Reset|NONE
22,5:─|Black|Gray|Reset|NONE
23,5:─|Black|Gray|Reset|NONE
24,5:─|Black|Gray|Reset|NONE
25,5:╯|Black|Gray|Reset|NONE
26,5: |Black|Gray|Reset|NONE
27,5:╰|Black|Gray|Reset|NONE
28,5:─|Black|Gray|Reset|NONE
29,5:─|Black|Gray|Reset|NONE
30,5:─|Black|Gray|Reset|NONE
31,5:─|Black|Gray|Reset|NONE
32,5:─|Black|Gray|Reset|NONE
33,5:─|Black|Gray|Reset|NONE
34,5:─|Black|Gray|Reset|NONE
35,5:─|Black|Gray|Reset|NONE
36,5:─|Black|Gray|Reset|NONE
37,5:─|Black|Gray|Reset|NONE
38,5:─|Black|Gray|Reset|NONE
39,5:─|Black|Gray|Reset|NONE
40,5:─|Black|Gray|Reset|NONE
41,5:─|Black|Gray|Reset|NONE
42,5:─|Black|Gray|Reset|NONE
43,5:─|Black|Gray|Reset|NONE
44,5:─|Black|Gray|Reset|NONE
45,5:─|Black|Gray|Reset|NONE
46,5:─|Black|Gray|Reset|NONE
47,5:─|Black|Gray|Reset|NONE
48,5:─|Black|Gray|Reset|NONE
49,5:─|Black|Gray|Reset|NONE
50,5:─|Black|Gray|Reset|NONE
51,5:─|Black|Gray|Reset|NONE
52,5:╯|Black|Gray|Reset|NONE
53,5: |Black|Gray|Reset|NONE
54,5:╰|Black|Gray|Reset|NONE
55,5:─|Black|Gray|Reset|NONE
56,5:─|Black|Gray|Reset|NONE
57,5:─|Black|Gray|Reset|NONE
58,5:─|Black|Gray|Reset|NONE
59,5:─|Black|Gray|Reset|NONE
60,5:─|Black|Gray|Reset|NONE
61,5:─|Black|Gray|Reset|NONE
62,5:─|Black|Gray|Reset|NONE
63,5:─|Black|Gray|Reset|NONE
64,5:─|Black|Gray|Reset|NONE
65,5:─|Black|Gray|Reset|NONE
66,5:─|Black|Gray|Reset|NONE
67,5:─|Black|Gray|Reset|NONE
68,5:─|Black|Gray|Reset|NONE
69,5:─|Black|Gray|Reset|NONE
70,5:─|Black|Gray|Reset|NONE
71,5:─|Black|Gray|Reset|NONE
72,5:─|Black|Gray|Reset|NONE
73,5:─|Black|Gray|Reset|NONE
74,5:─|Black|Gray|Reset|NONE
75,5:─|Black|Gray|Reset|NONE
76,5:─|Black|Gray|Reset|NONE
77,5:─|Black|Gray|Reset|NONE
78,5:╯|Black|Gray|Reset|NONE
79,5: |Black|Gray|Reset|NONE
0,6: |Black|Gray|Reset|NONE
1,6:┌|Black|Gray|Reset|NONE
2,6:─|Black|Gray|Reset|NONE
3,6:─|Black|Gray|Reset|NONE
4,6:─|Black|Gray|Reset|NONE
5,6:─|Black|Gray|Reset|NONE
6,6:─|Black|Gray|Reset|NONE
7,6:─|Black|Gray|Reset|NONE
8,6:─|Black|Gray|Reset|NONE
9,6:─|Black|Gray|Reset|NONE
10,6:─|Black|Gray|Reset|NONE
11,6:─|Black|Gray|Reset|NONE
12,6:─|Black|Gray|Reset|NONE
13,6:─|Black|Gray|Reset|NONE
14,6:─|Black|Gray|Reset|NONE
15,6:─|Black|Gray|Reset|NONE
16,6:─|Black|Gray|Reset|NONE
17,6:─|Black|Gray|Reset|NONE
18,6:─|Black|Gray|Reset|NONE
19,6:─|Black|Gray|Reset|NONE
20,6:─|Black|Gray|Reset|NONE
21,6:─|Black|Gray|Reset|NONE
22,6:─|Black|Gray|Reset|NONE
23,6:─|Black|Gray|Reset|NONE
24,6:─|Black|Gray|Reset|NONE
25,6:─|Black|Gray|Reset|NONE
26,6:─|Black|Gray|Reset|NONE
27,6:─|Black|Gray|Reset|NONE
28,6:─|Black|Gray|Reset|NONE
29,6:─|Black|Gray|Reset|NONE
30,6:─|Black|Gray|Reset|NONE
31,6:─|Black|Gray|Reset|NONE
32,6:─|Black|Gray|Reset|NONE
33,6:─|Black|Gray|Reset|NONE
34,6:─|Black|Gray|Reset|NONE
35,6:─|Black|Gray|Reset|NONE
36,6:─|Black|Gray|Reset|NONE
37,6:─|Black|Gray|Reset|NONE
38,6:─|Black|Gray|Reset|NONE
39,6:─|Black|Gray|Reset|NONE
40,6:─|Black|Gray|Reset|NONE
41,6:─|Black|Gray|Reset|NONE
42,6:─|Black|Gray|Reset|NONE
43,6:─|Black|Gray|Reset|NONE
44,6:─|Black|Gray|Reset|NONE
45,6:─|Black|Gray|Reset|NONE
46,6:─|Black|Gray|Reset|NONE
47,6:─|Black|Gray|Reset|NONE
48,6:─|Black|Gray|Reset|NONE
49,6:─|Black|Gray|Reset|NONE
50,6:─|Black|Gray|Reset|NONE
51,6:─|Black|Gray|Reset|NONE
52,6:─|Black|Gray|Reset|NONE
53,6:─|Black|Gray|Reset|NONE
54,6:─|Black|Gray|Reset|NONE
55,6:─|Black|Gray|Reset|NONE
56,6:─|Black|Gray|Reset|NONE
57,6:─|Black|Gray|Reset|NONE
58,6:─|Black|Gray|Reset|NONE
59,6:─|Black|Gray|Reset|NONE
60,6:─|Black|Gray|Reset|NONE
61,6:─|Black|Gray|Reset|NONE
62,6:─|Black|Gray|Reset|NONE
63,6:─|Black|Gray|Reset|NONE
64,6:─|Black|Gray|Reset|NONE
65,6:─|Black|Gray|Reset|NONE
66,6:─|Black|Gray|Reset|NONE
67,6:─|Black|Gray|Reset|NONE
68,6:─|Black|Gray|Reset|NONE
69,6:─|Black|Gray|Reset|NONE
70,6:─|Black|Gray|Reset|NONE
71,6:─|Black|Gray|Reset|NONE
72,6:─|Black|Gray|Reset|NONE
73,6:─|Black|Gray|Reset|NONE
74,6:─|Black|Gray|Reset|NONE
75,6:─|Black|Gray|Reset|NONE
76,6:─|Black|Gray|Reset|NONE
77,6:─|Black|Gray|Reset|NONE
78,6:┐|Black|Gray|Reset|NONE
79,6: |Black|Gray|Reset|NONE
0,7: |Black|Gray|Reset|NONE
1,7:│|Black|Gray|Reset|NONE
2,7:S|Black|Gray|Reset|BOLD
3,7:e|Black|Gray|Reset|BOLD
4,7:r|Black|Gray|Reset|BOLD
5,7:v|Black|Gray|Reset|BOLD
6,7:i|Black|Gray|Reset|BOLD
7,7:c|Black|Gray|Reset|BOLD
8,7:e|Black|Gray|Reset|BOLD
9,7:s|Black|Gray|Reset|BOLD
10,7: |Black|Gray|Reset|BOLD
11,7: |Black|Gray|Reset|BOLD
12,7: |Black|Gray|Reset|BOLD
13,7: |Black|Gray|Reset|BOLD
14,7: |Black|Gray|Reset|BOLD
15,7: |Black|Gray|Reset|BOLD
16,7: |Black|Gray|Reset|BOLD
17,7: |Black|Gray|Reset|BOLD
18,7: |Black|Gray|Reset|BOLD
19,7: |Black|Gray|Reset|BOLD
20,7: |Black|Gray|Reset|BOLD
21,7: |Black|Gray|Reset|BOLD
22,7: |Black|Gray|Reset|BOLD
23,7: |Black|Gray|Reset|BOLD
24,7: |Black|Gray|Reset|BOLD
25,7: |Black|Gray|Reset|BOLD
26,7: |Black|Gray|Reset|BOLD
27,7: |Black|Gray|Reset|BOLD
28,7: |Black|Gray|Reset|BOLD
29,7: |Black|Gray|Reset|BOLD
30,7: |Black|Gray|Reset|BOLD
31,7: |Black|Gray|Reset|BOLD
32,7: |Black|Gray|Reset|BOLD
33,7: |Black|Gray|Reset|BOLD
34,7: |Black|Gray|Reset|BOLD
35,7: |Black|Gray|Reset|BOLD
36,7: |Black|Gray|Reset|BOLD
37,7: |Black|Gray|Reset|BOLD
38,7: |Black|Gray|Reset|BOLD
39,7: |Black|Gray|Reset|BOLD
40,7: |Black|Gray|Reset|BOLD
41,7: |Black|Gray|Reset|BOLD
42,7: |Black|Gray|Reset|BOLD
43,7: |Black|Gray|Reset|BOLD
44,7: |Black|Gray|Reset|BOLD
45,7: |Black|Gray|Reset|BOLD
46,7: |Black|Gray|Reset|BOLD
47,7: |Black|Gray|Reset|BOLD
48,7: |Black|Gray|Reset|BOLD
49,7: |Black|Gray|Reset|BOLD
50,7: |Black|Gray|Reset|BOLD
51,7: |Black|Gray|Reset|BOLD
52,7: |Black|Gray|Reset|BOLD
53,7: |Black|Gray|Reset|BOLD
54,7: |Black|Gray|Reset|BOLD
55,7: |Black|Gray|Reset|BOLD
56,7: |Black|Gray|Reset|BOLD
57,7: |Black|Gray|Reset|BOLD
58,7: |Black|Gray|Reset|BOLD
59,7: |Black|Gray|Reset|BOLD
60,7: |Black|Gray|Reset|BOLD
61,7: |Black|Gray|Reset|BOLD
62,7: |Black|Gray|Reset|BOLD
63,7: |Black|Gray|Reset|BOLD
64,7: |Black|Gray|Reset|BOLD
65,7: |Black|Gray|Reset|BOLD
66,7: |Black|Gray|Reset|BOLD
67,7: |Black|Gray|Reset|BOLD
68,7: |Black|Gray|Reset|BOLD
69,7: |Black|Gray|Reset|BOLD
70,7: |Black|Gray|Reset|BOLD
71,7: |Black|Gray|Reset|BOLD
72,7: |Black|Gray|Reset|BOLD
73,7: |Black|Gray|Reset|BOLD
74,7: |Black|Gray|Reset|BOLD
75,7: |Black|Gray|Reset|BOLD
76,7: |Black|Gray|Reset|BOLD
77,7: |Black|Gray|Reset|BOLD
78,7:│|Black|Gray|Reset|NONE
79,7: |Black|Gray|Reset|NONE
0,8: |Black|Gray|Reset|NONE
1,8:│|Black|Gray|Reset|NONE
2,8:┌|Black|Gray|Reset|NONE
3,8:─|Black|Gray|Reset|NONE
4,8:─|Black|Gray|Reset|NONE
5,8:─|Black|Gray|Reset|NONE
6,8:─|Black|Gray|Reset|NONE
7,8:─|Black|Gray|Reset|NONE
8,8:─|Black|Gray|Reset|NONE
9,8:─|Black|Gray|Reset|NONE
10,8:─|Black|Gray|Reset|NONE
11,8:─|Black|Gray|Reset|NONE
12,8:─|Black|Gray|Reset|NONE
13,8:─|Black|Gray|Reset|NONE
14,8:─|Black|Gray|Reset|NONE
15,8:─|Black|Gray|Reset|NONE
16,8:─|Black|Gray|Reset|NONE
17,8:─|Black|Gray|Reset|NONE
18,8:─|Black|Gray|Reset|NONE
19,8:─|Black|Gray|Reset|NONE
20,8:─|Black|Gray|Reset|NONE
21,8:─|Black|Gray|Reset|NONE
22,8:─|Black|Gray|Reset|NONE
23,8:─|Black|Gray|Reset|NONE
24,8:─|Black|Gray|Reset|NONE
25,8:─|Black|Gray|Reset|NONE
26,8:─|Black|Gray|Reset|NONE
27,8:─|Black|Gray|Reset|NONE
28,8:─|Black|Gray|Reset|NONE
29,8:─|Black|Gray|Reset|NONE
30,8:─|Black|Gray|Reset|NONE
31,8:─|Black|Gray|Reset|NONE
32,8:─|Black|Gray|Reset|NONE
33,8:─|Black|Gray|Reset|NONE
34,8:─|Black|Gray|Reset|NONE
35,8:─|Black|Gray|Reset|NONE
36,8:─|Black|Gray|Reset|NONE
37,8:─|Black|Gray|Reset|NONE
38,8:─|Black|Gray|Reset|NONE
39,8:─|Black|Gray|Reset|NONE
40,8:─|Black|Gray|Reset|NONE
41,8:─|Black|Gray|Reset|NONE
42,8:─|Black|Gray|Reset|NONE
43,8:─|Black|Gray|Reset|NONE
44,8:─|Black|Gray|Reset|NONE
45,8:─|Black|Gray|Reset|NONE
46,8:─|Black|Gray|Reset|NONE
47,8:─|Black|Gray|Reset|NONE
48,8:─|Black|Gray|Reset|NONE
49,8:─|Black|Gray|Reset|NONE
50,8:─|Black|Gray|Reset|NONE
51,8:─|Black|Gray|Reset|NONE
52,8:─|Black|Gray|Reset|NONE
53,8:─|Black|Gray|Reset|NONE
54,8:─|Black|Gray|Reset|NONE
55,8:─|Black|Gray|Reset|NONE
56,8:─|Black|Gray|Reset|NONE
57,8:─|Black|Gray|Reset|NONE
58,8:─|Black|Gray|Reset|NONE
59,8:─|Black|Gray|Reset|NONE
60,8:─|Black|Gray|Reset|NONE
61,8:─|Black|Gray|Reset|NONE
62,8:─|Black|Gray|Reset|NONE
63,8:─|Black|Gray|Reset|NONE
64,8:─|Black|Gray|Reset|NONE
65,8:─|Black|Gray|Reset|NONE
66,8:─|Black|Gray|Reset|NONE
67,8:─|Black|Gray|Reset|NONE
68,8:─|Black|Gray|Reset|NONE
69,8:─|Black|Gray|Reset|NONE
70,8:─|Black|Gray|Reset|NONE
71,8:─|Black|Gray|Reset|NONE
72,8:─|Black|Gray|Reset|NONE
73,8:─|Black|Gray|Reset|NONE
74,8:─|Black|Gray|Reset|NONE
75,8:─|Black|Gray|Reset|NONE
76,8:─|Black|Gray|Reset|NONE
77,8:┐|Black|Gray|Reset|NONE
78,8:│|Black|Gray|Reset|NONE
79,8: |Black|Gray|Reset|NONE
0,9: |Black|Gray|Reset|NONE
1,9:│|Black|Gray|Reset|NONE
2,9:│|Black|Gray|Reset|NONE
3,9:N|Black|Gray|Reset|BOLD
4,9:A|Black|Gray|Reset|BOLD
5,9:M|Black|Gray|Reset|BOLD
6,9:E|Black|Gray|Reset|BOLD
7,9: |Black|Gray|Reset|BOLD
8,9:S|Black|Gray|Reset|BOLD
9,9:T|Black|Gray|Reset|BOLD
10,9:A|Black|Gray|Reset|BOLD
11,9:T|Black|Gray|Reset|BOLD
12,9:U|Black|Gray|Reset|BOLD
13,9:S|Black|Gray|Reset|BOLD
14,9: |Black|Gray|Reset|BOLD
15,9:U|Black|Gray|Reset|BOLD
16,9:P|Black|Gray|Reset|BOLD
17,9:T|Black|Gray|Reset|BOLD
18,9:I|Black|Gray|Reset|BOLD
19,9:M|Black|Gray|Reset|BOLD
20,9:E|Black|Gray|Reset|BOLD
21,9: |Black|Gray|Reset|BOLD
22,9:[|Black|Gray|Reset|BOLD
23,9:]|Black|Gray|Reset|BOLD
24,9: |Black|Gray|Reset|BOLD
25,9: |Black|Gray|Reset|BOLD
26,9: |Black|Gray|Reset|BOLD
27,9: |Black|Gray|Reset|BOLD
28,9: |Black|Gray|Reset|BOLD
29,9: |Black|Gray|Reset|BOLD
30,9: |Black|Gray|Reset|BOLD
31,9: |Black|Gray|Reset|BOLD
32,9: |Black|Gray|Reset|BOLD
33,9: |Black|Gray|Reset|BOLD
34,9: |Black|Gray|Reset|BOLD
35,9: |Black|Gray|Reset|BOLD
36,9: |Black|Gray|Reset|BOLD
37,9: |Black|Gray|Reset|BOLD
38,9: |Black|Gray|Reset|BOLD
39,9: |Black|Gray|Reset|BOLD
40,9: |Black|Gray|Reset|BOLD
41,9: |Black|Gray|Reset|BOLD
42,9: |Black|Gray|Reset|BOLD
43,9: |Black|Gray|Reset|BOLD
44,9: |Black|Gray|Reset|BOLD
45,9: |Black|Gray|Reset|BOLD
46,9: |Black|Gray|Reset|BOLD
47,9: |Black|Gray|Reset|BOLD
48,9: |Black|Gray|Reset|BOLD
49,9: |Black|Gray|Reset|BOLD
50,9: |Black|Gray|Reset|BOLD
51,9: |Black|Gray|Reset|BOLD
52,9: |Black|Gray|Reset|BOLD
53,9: |Black|Gray|Reset|BOLD
54,9: |Black|Gray|Reset|BOLD
55,9: |Black|Gray|Reset|BOLD
56,9: |Black|Gray|Reset|BOLD
57,9: |Black|Gray|Reset|BOLD
58,9: |Black|Gray|Reset|BOLD
59,9: |Black|Gray|Reset|BOLD
60,9: |Black|Gray|Reset|BOLD
61,9: |Black|Gray|Reset|BOLD
62,9: |Black|Gray|Reset|BOLD
63,9: |Black|Gray|Reset|BOLD
64,9: |Black|Gray|Reset|BOLD
65,9: |Black|Gray|Reset|BOLD
66,9: |Black|Gray|Reset|BOLD
67,9: |Black|Gray|Reset|BOLD
68,9: |Black|Gray|Reset|BOLD
69,9: |Black|Gray|Reset|BOLD
70,9: |Black|Gray|Reset|BOLD
71,9: |Black|Gray|Reset|BOLD
72,9: |Black|Gray|Reset|BOLD
73,9: |Black|Gray|Reset|BOLD
74,9: |Black|Gray|Reset|BOLD
75,9: |Black|Gray|Reset|BOLD
76,9: |Black|Gray|Reset|BOLD
77,9:│|Black|Gray|Reset|NONE
78,9:│|Black|Gray|Reset|NONE
79,9: |Black|Gray|Reset|NONE
0,10: |Black|Gray|Reset|NONE
1,10:│|Black|Gray|Reset|NONE
2,10:│|Black|Gray|Reset|NONE
3,10:─|Black|Gray|Reset|BOLD
4,10:─|Black|Gray|Reset|BOLD
5,10:─|Black|Gray|Reset|BOLD
6,10:─|Black|Gray|Reset|BOLD
7,10:─|Black|Gray|Reset|BOLD
8,10:─|Black|Gray|Reset|BOLD
9,10:─|Black|Gray|Reset|BOLD
10,10:─|Black|Gray|Reset|BOLD
11,10:─|Black|Gray|Reset|BOLD
12,10:─|Black|Gray|Reset|BOLD
13,10:─|Black|Gray|Reset|BOLD
14,10:─|Black|Gray|Reset|BOLD
15,10:─|Black|Gray|Reset|BOLD
16,10:─|Black|Gray|Reset|BOLD
17,10:─|Black|Gray|Reset|BOLD
18,10:─|Black|Gray|Reset|BOLD
19,10:─|Black|Gray|Reset|BOLD
20,10:─|Black|Gray|Reset|BOLD
21,10:─|Black|Gray|Reset|BOLD
22,10:─|Black|Gray|Reset|BOLD
23,10:─|Black|Gray|Reset|BOLD
24,10:─|Black|Gray|Reset|BOLD
25,10:─|Black|Gray|Reset|BOLD
26,10:─|Black|Gray|Reset|BOLD
27,10:─|Black|Gray|Reset|BOLD
28,10:─|Black|Gray|Reset|BOLD
29,10:─|Black|Gray|Reset|BOLD
30,10:─|Black|Gray|Reset|BOLD
31,10:─|Black|Gray|Reset|BOLD
32,10:─|Black|Gray|Reset|BOLD
33,10:─|Black|Gray|Reset|BOLD
34,10:─|Black|Gray|Reset|BOLD
35,10:─|Black|Gray|Reset|BOLD
36,10:─|Black|Gray|Reset|BOLD
37,10:─|Black|Gray|Reset|BOLD
38,10:─|Black|Gray|Reset|BOLD
39,10:─|Black|Gray|Reset|BOLD
40,10:─|Black|Gray|Reset|BOLD
41,10:─|Black|Gray|Reset|BOLD
42,10:─|Black|Gray|Reset|BOLD
43,10:─|Black|Gray|Reset|BOLD
44,10:─|Black|Gray|Reset|BOLD
45,10:─|Black|Gray|Reset|BOLD
46,10:─|Black|Gray|Reset|BOLD
47,10:─|Black|Gray|Reset|BOLD
48,10:─|Black|Gray|Reset|BOLD
49,10:─|Black|Gray|Reset|BOLD
50,10:─|Black|Gray|Reset|BOLD
51,10:─|Black|Gray|Reset|BOLD
52,10:─|Black|Gray|Reset|BOLD
53,10:─|Black|Gray|Reset|BOLD
54,10:─|Black|Gray|Reset|BOLD
55,10:─|Black|Gray|Reset|BOLD
56,10:─|Black|Gray|Reset|BOLD
57,10:─|Black|Gray|Reset|BOLD
58,10:─|Black|Gray|Reset|BOLD
59,10:─|Black|Gray|Reset|BOLD
60,10:─|Black|Gray|Reset|BOLD
61,10:─|Black|Gray|Reset|BOLD
62,10:─|Black|Gray|Reset|BOLD
63,10:─|Black|Gray|Reset|BOLD
64,10:─|Black|Gray|Reset|BOLD
65,10:─|Black|Gray|Reset|BOLD
66,10:─|Black|Gray|Reset|BOLD
67,10:─|Black|Gray|Reset|BOLD
68,10:─|Black|Gray|Reset|BOLD
69,10:─|Black|Gray|Reset|BOLD
70,10:─|Black|Gray|Reset|BOLD
71,10:─|Black|Gray|Reset|BOLD
72,10:─|Black|Gray|Reset|BOLD
73,10:─|Black|Gray|Reset|BOLD
74,10:─|Black|Gray|Reset|BOLD
75,10:─|Black|Gray|Reset|BOLD
76,10:─|Black|Gray|Reset|BOLD
77,10:│|Black|Gray|Reset|NONE
78,10:│|Black|Gray|Reset|NONE
79,10: |Black|Gray|Reset|NONE
0,11: |Black|Gray|Reset|NONE
1,11:│|Black|Gray|Reset|NONE
2,11:└|Black|Gray|Reset|NONE
3,11:─|Black|Gray|Reset|NONE
4,11:─|Black|Gray|Reset|NONE
5,11:─|Black|Gray|Reset|NONE
6,11:─|Black|Gray|Reset|NONE
7,11:─|Black|Gray|Reset|NONE
8,11:─|Black|Gray|Reset|NONE
9,11:─|Black|Gray|Reset|NONE
10,11:─|Black|Gray|Reset|NONE
11,11:─|Black|Gray|Reset|NONE
12,11:─|Black|Gray|Reset|NONE
13,11:─|Black|Gray|Reset|NONE
14,11:─|Black|Gray|Reset|NONE
15,11:─|Black|Gray|Reset|NONE
16,11:─|Black|Gray|Reset|NONE
17,11:─|Black|Gray|Reset|NONE
18,11:─|Black|Gray|Reset|NONE
19,11:─|Black|Gray|Reset|NONE
20,11:─|Black|Gray|Reset|NONE
21,11:─|Black|Gray|Reset|NONE
22,11:─|Black|Gray|Reset|NONE
23,11:─|Black|Gray|Reset|NONE
24,11:─|Black|Gray|Reset|NONE
25,11:─|Black|Gray|Reset|NONE
26,11:─|Black|Gray|Reset|NONE
27,11:─|Black|Gray|Reset|NONE
28,11:─|Black|Gray|Reset|NONE
29,11:─|Black|Gray|Reset|NONE
30,11:─|Black|Gray|Reset|NONE
31,11:─|Black|Gray|Reset|NONE
32,11:─|Black|Gray|Reset|NONE
33,11:─|Black|Gray|Reset|NONE
34,11:─|Black|Gray|Reset|NONE
35,11:─|Black|Gray|Reset|NONE
36,11:─|Black|Gray|Reset|NONE
37,11:─|Black|Gray|Reset|NONE
38,11:─|Black|Gray|Reset|NONE
39,11:─|Black|Gray|Reset|NONE
40,11:─|Black|Gray|Reset|NONE
41,11:─|Black|Gray|Reset|NONE
42,11:─|Black|Gray|Reset|NONE
43,11:─|Black|Gray|Reset|NONE
44,11:─|Black|Gray|Reset|NONE
45,11:─|Black|Gray|Reset|NONE
46,11:─|Black|Gray|Reset|NONE
47,11:─|Black|Gray|Reset|NONE
48,11:─|Black|Gray|Reset|NONE
49,11:─|Black|Gray|Reset|NONE
50,11:─|Black|Gray|Reset|NONE
51,11:─|Black|Gray|Reset|NONE
52,11:─|Black|Gray|Reset|NONE
53,11:─|Black|Gray|Reset|NONE
54,11:─|Black|Gray|Reset|NONE
55,11:─|Black|Gray|Reset|NONE
56,11:─|Black|Gray|Reset|NONE
57,11:─|Black|Gray|Reset|NONE
58,11:─|Black|Gray|Reset|NONE
59,11:─|Black|Gray|Reset|NONE
60,11:─|Black|Gray|Reset|NONE
61,11:─|Black|Gray|Reset|NONE
62,11:─|Black|Gray|Reset|NONE
63,11:─|Black|Gray|Reset|NONE
64,11:─|Black|Gray|Reset|NONE
65,11:─|Black|Gray|Reset|NONE
66,11:─|Black|Gray|Reset|NONE
67,11:─|Black|Gray|Reset|NONE
68,11:─|Black|Gray|Reset|NONE
69,11:─|Black|Gray|Reset|NONE
70,11:─|Black|Gray|Reset|NONE
71,11:─|Black|Gray|Reset|NONE
72,11:─|Black|Gray|Reset|NONE
73,11:─|Black|Gray|Reset|NONE
74,11:─|Black|Gray|Reset|NONE
75,11:─|Black|Gray|Reset|NONE
76,11:─|Black|Gray|Reset|NONE
77,11:┘|Black|Gray|Reset|NONE
78,11:│|Black|Gray|Reset|NONE
79,11: |Black|Gray|Reset|NONE
0,12: |Black|Gray|Reset|NONE
1,12:└|Black|Gray|Reset|NONE
2,12:─|Black|Gray|Reset|NONE
3,12:─|Black|Gray|Reset|NONE
4,12:─|Black|Gray|Reset|NONE
5,12:─|Black|Gray|Reset|NONE
6,12:─|Black|Gray|Reset|NONE
7,12:─|Black|Gray|Reset|NONE
8,12:─|Black|Gray|Reset|NONE
9,12:─|Black|Gray|Reset|NONE
10,12:─|Black|Gray|Reset|NONE
11,12:─|Black|Gray|Reset|NONE
12,12:─|Black|Gray|Reset|NONE
13,12:─|Black|Gray|Reset|NONE
14,12:─|Black|Gray|Reset|NONE
15,12:─|Black|Gray|Reset|NONE
16,12:─|Black|Gray|Reset|NONE
17,12:─|Black|Gray|Reset|NONE
18,12:─|Black|Gray|Reset|NONE
19,12:─|Black|Gray|Reset|NONE
20,12:─|Black|Gray|Reset|NONE
21,12:─|Black|Gray|Reset|NONE
22,12:─|Black|Gray|Reset|NONE
23,12:─|Black|Gray|Reset|NONE
24,12:─|Black|Gray|Reset|NONE
25,12:─|Black|Gray|Reset|NONE
26,12:─|Black|Gray|Reset|NONE
27,12:─|Black|Gray|Reset|NONE
28,12:─|Black|Gray|Reset|NONE
29,12:─|Black|Gray|Reset|NONE
30,12:─|Black|Gray|Reset|NONE
31,12:─|Black|Gray|Reset|NONE
32,12:─|Black|Gray|Reset|NONE
33,12:─|Black|Gray|Reset|NONE
34,12:─|Black|Gray|Reset|NONE
35,12:─|Black|Gray|Reset|NONE
36,12:─|Black|Gray|Reset|NONE
37,12:─|Black|Gray|Reset|NONE
38,12:─|Black|Gray|Reset|NONE
39,12:─|Black|Gray|Reset|NONE
40,12:─|Black|Gray|Reset|NONE
41,12:─|Black|Gray|Reset|NONE
42,12:─|Black|Gray|Reset|NONE
43,12:─|Black|Gray|Reset|NONE
44,12:─|Black|Gray|Reset|NONE
45,12:─|Black|Gray|Reset|NONE
46,12:─|Black|Gray|Reset|NONE
47,12:─|Black|Gray|Reset|NONE
48,12:─|Black|Gray|Reset|NONE
49,12:─|Black|Gray|Reset|NONE
50,12:─|Black|Gray|Reset|NONE
51,12:─|Black|Gray|Reset|NONE
52,12:─|Black|Gray|Reset|NONE
53,12:─|Black|Gray|Reset|NONE
54,12:─|Black|Gray|Reset|NONE
55,12:─|Black|Gray|Reset|NONE
56,12:─|Black|Gray|Reset|NONE
57,12:─|Black|Gray|Reset|NONE
58,12:─|Black|Gray|Reset|NONE
59,12:─|Black|Gray|Reset|NONE
60,12:─|Black|Gray|Reset|NONE
61,12:─|Black|Gray|Reset|NONE
62,12:─|Black|Gray|Reset|NONE
63,12:─|Black|Gray|Reset|NONE
64,12:─|Black|Gray|Reset|NONE
65,12:─|Black|Gray|Reset|NONE
66,12:─|Black|Gray|Reset|NONE
67,12:─|Black|Gray|Reset|NONE
68,12:─|Black|Gray|Reset|NONE
69,12:─|Black|Gray|Reset|NONE
70,12:─|Black|Gray|Reset|NONE
71,12:─|Black|Gray|Reset|NONE
72,12:─|Black|Gray|Reset|NONE
73,12:─|Black|Gray|Reset|NONE
74,12:─|Black|Gray|Reset|NONE
75,12:─|Black|Gray|Reset|NONE
76,12:─|Black|Gray|Reset|NONE
77,12:─|Black|Gray|Reset|NONE
78,12:┘|Black|Gray|Reset|NONE
79,12: |Black|Gray|Reset|NONE
0,13: |Black|Gray|Reset|NONE
1,13:┌|Black|Gray|Reset|NONE
2,13:─|Black|Gray|Reset|NONE
3,13:─|Black|Gray|Reset|NONE
4,13:─|Black|Gray|Reset|NONE
5,13:─|Black|Gray|Reset|NONE
6,13:─|Black|Gray|Reset|NONE
7,13:─|Black|Gray|Reset|NONE
8,13:─|Black|Gray|Reset|NONE
9,13:─|Black|Gray|Reset|NONE
10,13:─|Black|Gray|Reset|NONE
11,13:─|Black|Gray|Reset|NONE
12,13:─|Black|Gray|Reset|NONE
13,13:─|Black|Gray|Reset|NONE
14,13:─|Black|Gray|Reset|NONE
15,13:─|Black|Gray|Reset|NONE
16,13:─|Black|Gray|Reset|NONE
17,13:─|Black|Gray|Reset|NONE
18,13:─|Black|Gray|Reset|NONE
19,13:─|Black|Gray|Reset|NONE
20,13:─|Black|Gray|Reset|NONE
21,13:─|Black|Gray|Reset|NONE
22,13:─|Black|Gray|Reset|NONE
23,13:─|Black|Gray|Reset|NONE
24,13:─|Black|Gray|Reset|NONE
25,13:─|Black|Gray|Reset|NONE
26,13:─|Black|Gray|Reset|NONE
27,13:─|Black|Gray|Reset|NONE
28,13:─|Black|Gray|Reset|NONE
29,13:─|Black|Gray|Reset|NONE
30,13:─|Black|Gray|Reset|NONE
31,13:─|Black|Gray|Reset|NONE
32,13:─|Black|Gray|Reset|NONE
33,13:─|Black|Gray|Reset|NONE
34,13:─|Black|Gray|Reset|NONE
35,13:─|Black|Gray|Reset|NONE
36,13:─|Black|Gray|Reset|NONE
37,13:─|Black|Gray|Reset|NONE
38,13:─|Black|Gray|Reset|NONE
39,13:─|Black|Gray|Reset|NONE
40,13:─|Black|Gray|Reset|NONE
41,13:─|Black|Gray|Reset|NONE
42,13:─|Black|Gray|Reset|NONE
43,13:─|Black|Gray|Reset|NONE
44,13:─|Black|Gray|Reset|NONE
45,13:─|Black|Gray|Reset|NONE
46,13:─|Black|Gray|Reset|NONE
47,13:─|Black|Gray|Reset|NONE
48,13:─|Black|Gray|Reset|NONE
49,13:─|Black|Gray|Reset|NONE
50,13:─|Black|Gray|Reset|NONE
51,13:─|Black|Gray|Reset|NONE
52,13:─|Black|Gray|Reset|NONE
53,13:─|Black|Gray|Reset|NONE
54,13:─|Black|Gray|Reset|NONE
55,13:─|Black|Gray|Reset|NONE
56,13:─|Black|Gray|Reset|NONE
57,13:─|Black|Gray|Reset|NONE
58,13:─|Black|Gray|Reset|NONE
59,13:─|Black|Gray|Reset|NONE
60,13:─|Black|Gray|Reset|NONE
61,13:─|Black|Gray|Reset|NONE
62,13:─|Black|Gray|Reset|NONE
63,13:─|Black|Gray|Reset|NONE
64,13:─|Black|Gray|Reset|NONE
65,13:─|Black|Gray|Reset|NONE
66,13:─|Black|Gray|Reset|NONE
67,13:─|Black|Gray|Reset|NONE
68,13:─|Black|Gray|Reset|NONE
69,13:─|Black|Gray|Reset|NONE
70,13:─|Black|Gray|Reset|NONE
71,13:─|Black|Gray|Reset|NONE
72,13:─|Black|Gray|Reset|NONE
73,13:─|Black|Gray|Reset|NONE
74,13:─|Black|Gray|Reset|NONE
75,13:─|Black|Gray|Reset|NONE
76,13:─|Black|Gray|Reset|NONE
77,13:─|Black|Gray|Reset|NONE
78,13:┐|Black|Gray|Reset|NONE
79,13: |Black|Gray|Reset|NONE
0,14: |Black|Gray|Reset|NONE
1,14:│|Black|Gray|Reset|NONE
2,14:A|Black|Gray|Reset|BOLD
3,14:c|Black|Gray|Reset|BOLD
4,14:t|Black|Gray|Reset|BOLD
5,14:i|Black|Gray|Reset|BOLD
6,14:v|Black|Gray|Reset|BOLD
7,14:i|Black|Gray|Reset|BOLD
8,14:t|Black|Gray|Reset|BOLD
9,14:y|Black|Gray|Reset|BOLD
10,14: |Black|Gray|Reset|BOLD
11,14: |Black|Gray|Reset|BOLD
12,14: |Black|Gray|Reset|BOLD
13,14: |Black|Gray|Reset|BOLD
14,14: |Black|Gray|Reset|BOLD
15,14: |Black|Gray|Reset|BOLD
16,14: |Black|Gray|Reset|BOLD
17,14: |Black|Gray|Reset|BOLD
18,14: |Black|Gray|Reset|BOLD
19,14: |Black|Gray|Reset|BOLD
20,14: |Black|Gray|Reset|BOLD
21,14: |Black|Gray|Reset|BOLD
22,14: |Black|Gray|Reset|BOLD
23,14: |Black|Gray|Reset|BOLD
24,14: |Black|Gray|Reset|BOLD
25,14: |Black|Gray|Reset|BOLD
26,14: |Black|Gray|Reset|BOLD
27,14: |Black|Gray|Reset|BOLD
28,14: |Black|Gray|Reset|BOLD
29,14: |Black|Gray|Reset|BOLD
30,14: |Black|Gray|Reset|BOLD
31,14: |Black|Gray|Reset|BOLD
32,14: |Black|Gray|Reset|BOLD
33,14: |Black|Gray|Reset|BOLD
34,14: |Black|Gray|Reset|BOLD
35,14: |Black|Gray|Reset|BOLD
36,14: |Black|Gray|Reset|BOLD
37,14: |Black|Gray|Reset|BOLD
38,14: |Black|Gray|Reset|BOLD
39,14: |Black|Gray|Reset|BOLD
40,14: |Black|Gray|Reset|BOLD
41,14: |Black|Gray|Reset|BOLD
42,14: |Black|Gray|Reset|BOLD
43,14: |Black|Gray|Reset|BOLD
44,14: |Black|Gray|Reset|BOLD
45,14: |Black|Gray|Reset|BOLD
46,14: |Black|Gray|Reset|BOLD
47,14: |Black|Gray|Reset|BOLD
48,14: |Black|Gray|Reset|BOLD
49,14: |Black|Gray|Reset|BOLD
50,14: |Black|Gray|Reset|BOLD
51,14: |Black|Gray|Reset|BOLD
52,14: |Black|Gray|Reset|BOLD
53,14: |Black|Gray|Reset|BOLD
54,14: |Black|Gray|Reset|BOLD
55,14: |Black|Gray|Reset|BOLD
56,14: |Black|Gray|Reset|BOLD
57,14: |Black|Gray|Reset|BOLD
58,14: |Black|Gray|Reset|BOLD
59,14: |Black|Gray|Reset|BOLD
60,14: |Black|Gray|Reset|BOLD
61,14: |Black|Gray|Reset|BOLD
62,14: |Black|Gray|Reset|BOLD
63,14: |Black|Gray|Reset|BOLD
64,14: |Black|Gray|Reset|BOLD
65,14: |Black|Gray|Reset|BOLD
66,14: |Black|Gray|Reset|BOLD
67,14: |Black|Gray|Reset|BOLD
68,14: |Black|Gray|Reset|BOLD
69,14: |Black|Gray|Reset|BOLD
70,14: |Black|Gray|Reset|BOLD
71,14: |Black|Gray|Reset|BOLD
72,14: |Black|Gray|Reset|BOLD
73,14: |Black|Gray|Reset|BOLD
74,14: |Black|Gray|Reset|BOLD
75,14: |Black|Gray|Reset|BOLD
76,14: |Black|Gray|Reset|BOLD
77,14: |Black|Gray|Reset|BOLD
78,14:│|Black|Gray|Reset|NONE
79,14: |Black|Gray|Reset|NONE
0,15: |Black|Gray|Reset|NONE
1,15:│|Black|Gray|Reset|NONE
2,15:↑|Black|Gray|Reset|NONE
3,15: |Black|Gray|Reset|NONE
4,15:[|Black|Gray|Reset|NONE
5,15:1|Black|Gray|Reset|NONE
6,15:2|Black|Gray|Reset|NONE
7,15::|Black|Gray|Reset|NONE
8,15:0|Black|Gray|Reset|NONE
9,15:0|Black|Gray|Reset|NONE
10,15:]|Black|Gray|Reset|NONE
11,15: |Black|Gray|Reset|NONE
12,15:R|Black|Gray|Reset|NONE
13,15:e|Black|Gray|Reset|NONE
14,15:f|Black|Gray|Reset|NONE
15,15:r|Black|Gray|Reset|NONE
16,15:e|Black|Gray|Reset|NONE
17,15:s|Black|Gray|Reset|NONE
18,15:h|Black|Gray|Reset|NONE
19,15:i|Black|Gray|Reset|NONE
20,15:n|Black|Gray|Reset|NONE
21,15:g|Black|Gray|Reset|NONE
22,15: |Black|Gray|Reset|NONE
23,15:s|Black|Gray|Reset|NONE
24,15:e|Black|Gray|Reset|NONE
25,15:r|Black|Gray|Reset|NONE
26,15:v|Black|Gray|Reset|NONE
27,15:i|Black|Gray|Reset|NONE
28,15:c|Black|Gray|Reset|NONE
29,15:e|Black|Gray|Reset|NONE
30,15:s|Black|Gray|Reset|NONE
31,15: |Black|Gray|Reset|NONE
32,15: |Black|Gray|Reset|NONE
33,15: |Black|Gray|Reset|NONE
34,15: |Black|Gray|Reset|NONE
35,15: |Black|Gray|Reset|NONE
36,15: |Black|Gray|Reset|NONE
37,15: |Black|Gray|Reset|NONE
38,15: |Black|Gray|Reset|NONE
39,15: |Black|Gray|Reset|NONE
40,15: |Black|Gray|Reset|NONE
41,15: |Black|Gray|Reset|NONE
42,15: |Black|Gray|Reset|NONE
43,15: |Black|Gray|Reset|NONE
44,15: |Black|Gray|Reset|NONE
45,15: |Black|Gray|Reset|NONE
46,15: |Black|Gray|Reset|NONE
47,15: |Black|Gray|Reset|NONE
48,15: |Black|Gray|Reset|NONE
49,15: |Black|Gray|Reset|NONE
50,15: |Black|Gray|Reset|NONE
51,15: |Black|Gray|Reset|NONE
52,15: |Black|Gray|Reset|NONE
53,15: |Black|Gray|Reset|NONE
54,15: |Black|Gray|Reset|NONE
55,15: |Black|Gray|Reset|NONE
56,15: |Black|Gray|Reset|NONE
57,15: |Black|Gray|Reset|NONE
58,15: |Black|Gray|Reset|NONE
59,15: |Black|Gray|Reset|NONE
60,15: |Black|Gray|Reset|NONE
61,15: |Black|Gray|Reset|NONE
62,15: |Black|Gray|Reset|NONE
63,15: |Black|Gray|Reset|NONE
64,15: |Black|Gray|Reset|NONE
65,15: |Black|Gray|Reset|NONE
66,15: |Black|Gray|Reset|NONE
67,15: |Black|Gray|Reset|NONE
68,15: |Black|Gray|Reset|NONE
69,15: |Black|Gray|Reset|NONE
70,15: |Black|Gray|Reset|NONE
71,15: |Black|Gray|Reset|NONE
72,15: |Black|Gray|Reset|NONE
73,15: |Black|Gray|Reset|NONE
74,15: |Black|Gray|Reset|NONE
75,15: |Black|Gray|Reset|NONE
76,15: |Black|Gray|Reset|NONE
77,15: |Black|Gray|Reset|NONE
78,15:│|Black|Gray|Reset|NONE
79,15: |Black|Gray|Reset|NONE
0,16: |Black|Gray|Reset|NONE
1,16:└|Black|Gray|Reset|NONE
2,16:─|Black|Gray|Reset|NONE
3,16:─|Black|Gray|Reset|NONE
4,16:─|Black|Gray|Reset|NONE
5,16:─|Black|Gray|Reset|NONE
6,16:─|Black|Gray|Reset|NONE
7,16:─|Black|Gray|Reset|NONE
8,16:─|Black|Gray|Reset|NONE
9,16:─|Black|Gray|Reset|NONE
10,16:─|Black|Gray|Reset|NONE
11,16:─|Black|Gray|Reset|NONE
12,16:─|Black|Gray|Reset|NONE
13,16:─|Black|Gray|Reset|NONE
14,16:─|Black|Gray|Reset|NONE
15,16:─|Black|Gray|Reset|NONE
16,16:─|Black|Gray|Reset|NONE
17,16:─|Black|Gray|Reset|NONE
18,16:─|Black|Gray|Reset|NONE
19,16:─|Black|Gray|Reset|NONE
20,16:─|Black|Gray|Reset|NONE
21,16:─|Black|Gray|Reset|NONE
22,16:─|Black|Gray|Reset|NONE
23,16:─|Black|Gray|Reset|NONE
24,16:─|Black|Gray|Reset|NONE
25,16:─|Black|Gray|Reset|NONE
26,16:─|Black|Gray|Reset|NONE
27,16:─|Black|Gray|Reset|NONE
28,16:─|Black|Gray|Reset|NONE
29,16:─|Black|Gray|Reset|NONE
30,16:─|Black|Gray|Reset|NONE
31,16:─|Black|Gray|Reset|NONE
32,16:─|Black|Gray|Reset|NONE
33,16:─|Black|Gray|Reset|NONE
34,16:─|Black|Gray|Reset|NONE
35,16:─|Black|Gray|Reset|NONE
36,16:─|Black|Gray|Reset|NONE
37,16:─|Black|Gray|Reset|NONE
38,16:─|Black|Gray|Reset|NONE
39,16:─|Black|Gray|Reset|NONE
40,16:─|Black|Gray|Reset|NONE
41,16:─|Black|Gray|Reset|NONE
42,16:─|Black|Gray|Reset|NONE
43,16:─|Black|Gray|Reset|NONE
44,16:─|Black|Gray|Reset|NONE
45,16:─|Black|Gray|Reset|NONE
46,16:─|Black|Gray|Reset|NONE
47,16:─|Black|Gray|Reset|NONE
48,16:─|Black|Gray|Reset|NONE
49,16:─|Black|Gray|Reset|NONE
50,16:─|Black|Gray|Reset|NONE
51,16:─|Black|Gray|Reset|NONE
52,16:─|Black|Gray|Reset|NONE
53,16:─|Black|Gray|Reset|NONE
54,16:─|Black|Gray|Reset|NONE
55,16:─|Black|Gray|Reset|NONE
56,16:─|Black|Gray|Reset|NONE
57,16:─|Black|Gray|Reset|NONE
58,16:─|Black|Gray|Reset|NONE
59,16:─|Black|Gray|Reset|NONE
60,16:─|Black|Gray|Reset|NONE
61,16:─|Black|Gray|Reset|NONE
62,16:─|Black|Gray|Reset|NONE
63,16:─|Black|Gray|Reset|NONE
64,16:─|Black|Gray|Reset|NONE
65,16:─|Black|Gray|Reset|NONE
66,16:─|Black|Gray|Reset|NONE
67,16:─|Black|Gray|Reset|NONE
68,16:─|Black|Gray|Reset|NONE
69,16:─|Black|Gray|Reset|NONE
70,16:─|Black|Gray|Reset|NONE
71,16:─|Black|Gray|Reset|NONE
72,16:─|Black|Gray|Reset|NONE
73,16:─|Black|Gray|Reset|NONE
74,16:─|Black|Gray|Reset|NONE
75,16:─|Black|Gray|Reset|NONE
76,16:─|Black|Gray|Reset|NONE
77,16:─|Black|Gray|Reset|NONE
78,16:┘|Black|Gray|Reset|NONE
79,16: |Black|Gray|Reset|NONE
0,17: |Black|Gray|Reset|NONE
1,17: |Cyan|Gray|Reset|NONE
2,17: |Cyan|Gray|Reset|NONE
3,17: |Cyan|Gray|Reset|NONE
4,17: |Cyan|Gray|Reset|NONE
5,17: |Cyan|Gray|Reset|NONE
6,17: |Cyan|Gray|Reset|NONE
7,17: |Cyan|Gray|Reset|NONE
8,17: |Cyan|Gray|Reset|NONE
9,17: |Cyan|Gray|Reset|NONE
10,17: |Cyan|Gray|Reset|NONE
11,17: |Cyan|Gray|Reset|NONE
12,17: |Cyan|Gray|Reset|NONE
13,17: |Cyan|Gray|Reset|NONE
14,17: |Cyan|Gray|Reset|NONE
15,17: |Cyan|Gray|Reset|NONE
16,17: |Cyan|Gray|Reset|NONE
17,17: |Cyan|Gray|Reset|NONE
18,17: |Cyan|Gray|Reset|NONE
19,17: |Cyan|Gray|Reset|NONE
20,17: |Cyan|Gray|Reset|NONE
21,17: |Cyan|Gray|Reset|NONE
22,17: |Cyan|Gray|Reset|NONE
23,17: |Cyan|Gray|Reset|NONE
24,17: |Cyan|Gray|Reset|NONE
25,17: |Cyan|Gray|Reset|NONE
26,17: |Cyan|Gray|Reset|NONE
27,17: |Cyan|Gray|Reset|NONE
28,17: |Cyan|Gray|Reset|NONE
29,17: |Cyan|Gray|Reset|NONE
30,17: |Cyan|Gray|Reset|NONE
31,17: |Cyan|Gray|Reset|NONE
32,17: |Cyan|Gray|Reset|NONE
33,17: |Cyan|Gray|Reset|NONE
34,17: |Cyan|Gray|Reset|NONE
35,17: |Cyan|Gray|Reset|NONE
36,17: |Cyan|Gray|Reset|NONE
37,17: |Cyan|Gray|Reset|NONE
38,17: |Cyan|Gray|Reset|NONE
39,17: |Cyan|Gray|Reset|NONE
40,17: |Cyan|Gray|Reset|NONE
41,17:L|Cyan|Gray|Reset|NONE
42,17:o|Cyan|Gray|Reset|NONE
43,17:a|Cyan|Gray|Reset|NONE
44,17:d|Cyan|Gray|Reset|NONE
45,17:i|Cyan|Gray|Reset|NONE
46,17:n|Cyan|Gray|Reset|NONE
47,17:g|Cyan|Gray|Reset|NONE
48,17:.|Cyan|Gray|Reset|NONE
49,17:.|Cyan|Gray|Reset|NONE
50,17:.|Cyan|Gray|Reset|NONE
51,17: |Cyan|Gray|Reset|NONE
52,17:-|Cyan|Gray|Reset|NONE
53,17: |Cyan|Gray|Reset|NONE
54,17: |Cyan|Gray|Reset|NONE
55,17: |Cyan|Gray|Reset|NONE
56,17: |Cyan|Gray|Reset|NONE
57,17: |Cyan|Gray|Reset|NONE
58,17: |Cyan|Gray|Reset|NONE
59,17: |Cyan|Gray|Reset|NONE
60,17: |Cyan|Gray|Reset|NONE
61,17: |Cyan|Gray|Reset|NONE
62,17: |Cyan|Gray|Reset|NONE
63,17: |Cyan|Gray|Reset|NONE
64,17: |Cyan|Gray|Reset|NONE
65,17: |Cyan|Gray|Reset|NONE
66,17: |Cyan|Gray|Reset|NONE
67,17: |Cyan|Gray|Reset|NONE
68,17: |Cyan|Gray|Reset|NONE
69,17: |Cyan|Gray|Reset|NONE
70,17: |Cyan|Gray|Reset|NONE
71,17: |Cyan|Gray|Reset|NONE
72,17: |Cyan|Gray|Reset|NONE
73,17: |Cyan|Gray|Reset|NONE
74,17: |Cyan|Gray|Reset|NONE
75,17: |Cyan|Gray|Reset|NONE
76,17: |Cyan|Gray|Reset|NONE
77,17: |Cyan|Gray|Reset|NONE
78,17: |Cyan|Gray|Reset|NONE
79,17: |Black|Gray|Reset|NONE
0,18: |Black|Gray|Reset|NONE
1,18: |Black|Gray|Reset|NONE
2,18: |Black|Gray|Reset|NONE
3,18: |Black|Gray|Reset|NONE
4,18: |Black|Gray|Reset|NONE
5,18: |Black|Gray|Reset|NONE
6,18: |Black|Gray|Reset|NONE
7,18: |Black|Gray|Reset|NONE
8,18: |Black|Gray|Reset|NONE
9,18: |Black|Gray|Reset|NONE
10,18: |Black|Gray|Reset|NONE
11,18: |Black|Gray|Reset|NONE
12,18: |Black|Gray|Reset|NONE
13,18: |Black|Gray|Reset|NONE
14,18: |Black|Gray|Reset|NONE
15,18: |Black|Gray|Reset|NONE
16,18: |Black|Gray|Reset|NONE
17,18: |Black|Gray|Reset|NONE
18,18: |Black|Gray|Reset|NONE
19,18: |Black|Gray|Reset|NONE
20,18: |Black|Gray|Reset|NONE
21,18: |Black|Gray|Reset|NONE
22,18: |Black|Gray|Reset|NONE
23,18: |Black|Gray|Reset|NONE
24,18: |Black|Gray|Reset|NONE
25,18: |Black|Gray|Reset|NONE
26,18: |Black|Gray|Reset|NONE
27,18: |Black|Gray|Reset|NONE
28,18: |Black|Gray|Reset|NONE
29,18: |Black|Gray|Reset|NONE
30,18: |Black|Gray|Reset|NONE
31,18: |Black|Gray|Reset|NONE
32,18: |Black|Gray|Reset|NONE
33,18: |Black|Gray|Reset|NONE
34,18: |Black|Gray|Reset|NONE
35,18: |Black|Gray|Reset|NONE
36,18: |Black|Gray|Reset|NONE
37,18: |Black|Gray|Reset|NONE
38,18: |Black|Gray|Reset|NONE
39,18: |Black|Gray|Reset|NONE
40,18: |Black|Gray|Reset|NONE
41,18: |Black|Gray|Reset|NONE
42,18: |Black|Gray|Reset|NONE
43,18: |Black|Gray|Reset|NONE
44,18: |Black|Gray|Reset|NONE
45,18: |Black|Gray|Reset|NONE
46,18: |Black|Gray|Reset|NONE
47,18: |Black|Gray|Reset|NONE
48,18: |Black|Gray|Reset|NONE
49,18: |Black|Gray|Reset|NONE
50,18: |Black|Gray|Reset|NONE
51,18: |Black|Gray|Reset|NONE
52,18: |Black|Gray|Reset|NONE
53,18: |Black|Gray|Reset|NONE
54,18: |Black|Gray|Reset|NONE
55,18: |Black|Gray|Reset|NONE
56,18: |Black|Gray|Reset|NONE
57,18: |Black|Gray|Reset|NONE
58,18: |Black|Gray|Reset|NONE
59,18: |Black|Gray|Reset|NONE
60,18: |Black|Gray|Reset|NONE
61,18: |Black|Gray|Reset|NONE
62,18: |Black|Gray|Reset|NONE
63,18: |Black|Gray|Reset|NONE
64,18: |Black|Gray|Reset|NONE
65,18: |Black|Gray|Reset|NONE
66,18: |Black|Gray|Reset|NONE
67,18: |Black|Gray|Reset|NONE
68,18: |Black|Gray|Reset|NONE
69,18: |Black|Gray|Reset|NONE
70,18: |Black|Gray|Reset|NONE
71,18: |Black|Gray|Reset|NONE
72,18: |Black|Gray|Reset|NONE
73,18: |Black|Gray|Reset|NONE
74,18: |Black|Gray|Reset|NONE
75,18: |Black|Gray|Reset|NONE
76,18: |Black|Gray|Reset|NONE
77,18: |Black|Gray|Reset|NONE
78,18: |Black|Gray|Reset|NONE
79,18: |Black|Gray|Reset|NONE
0,19: |Black|Gray|Reset|NONE
1,19: |Black|Gray|Reset|NONE
2,19: |Black|Gray|Reset|NONE
3,19: |Black|Gray|Reset|NONE
4,19: |Black|Gray|Reset|NONE
5,19: |Black|Gray|Reset|NONE
6,19: |Black|Gray|Reset|NONE
7,19: |Black|Gray|Reset|NONE
8,19: |Black|Gray|Reset|NONE
9,19: |Black|Gray|Reset|NONE
10,19: |Black|Gray|Reset|NONE
11,19: |Black|Gray|Reset|NONE
12,19: |Black|Gray|Reset|NONE
13,19: |Black|Gray|Reset|NONE
14,19: |Black|Gray|Reset|NONE
15,19: |Black|Gray|Reset|NONE
16,19: |Black|Gray|Reset|NONE
17,19: |Black|Gray|Reset|NONE
18,19: |Black|Gray|Reset|NONE
19,19: |Black|Gray|Reset|NONE
20,19: |Black|Gray|Reset|NONE
21,19: |Black|Gray|Reset|NONE
22,19: |Black|Gray|Reset|NONE
23,19: |Black|Gray|Reset|NONE
24,19: |Black|Gray|Reset|NONE
25,19: |Black|Gray|Reset|NONE
26,19: |Black|Gray|Reset|NONE
27,19: |Black|Gray|Reset|NONE
28,19: |Black|Gray|Reset|NONE
29,19: |Black|Gray|Reset|NONE
30,19: |Black|Gray|Reset|NONE
31,19: |Black|Gray|Reset|NONE
32,19: |Black|Gray|Reset|NONE
33,19: |Black|Gray|Reset|NONE
34,19: |Black|Gray|Reset|NONE
35,19: |Black|Gray|Reset|NONE
36,19: |Black|Gray|Reset|NONE
37,19: |Black|Gray|Reset|NONE
38,19: |Black|Gray|Reset|NONE
39,19: |Black|Gray|Reset|NONE
40,19: |Black|Gray|Reset|NONE
41,19: |Black|Gray|Reset|NONE
42,19: |Black|Gray|Reset|NONE
43,19: |Black|Gray|Reset|NONE
44,19: |Black|Gray|Reset|NONE
45,19: |Black|Gray|Reset|NONE
46,19: |Black|Gray|Reset|NONE
47,19: |Black|Gray|Reset|NONE
48,19: |Black|Gray|Reset|NONE
49,19: |Black|Gray|Reset|NONE
50,19: |Black|Gray|Reset|NONE
51,19: |Black|Gray|Reset|NONE
52,19: |Black|Gray|Reset|NONE
53,19: |Black|Gray|Reset|NONE
54,19: |Black|Gray|Reset|NONE
55,19: |Black|Gray|Reset|NONE
56,19: |Black|Gray|Reset|NONE
57,19: |Black|Gray|Reset|NONE
58,19: |Black|Gray|Reset|NONE
59,19: |Black|Gray|Reset|NONE
60,19: |Black|Gray|Reset|NONE
61,19: |Black|Gray|Reset|NONE
62,19: |Black|Gray|Reset|NONE
63,19: |Black|Gray|Reset|NONE
64,19: |Black|Gray|Reset|NONE
65,19: |Black|Gray|Reset|NONE
66,19: |Black|Gray|Reset|NONE
67,19: |Black|Gray|Reset|NONE
68,19: |Black|Gray|Reset|NONE
69,19: |Black|Gray|Reset|NONE
70,19: |Black|Gray|Reset|NONE
71,19: |Black|Gray|Reset|NONE
72,19: |Black|Gray|Reset|NONE
73,19: |Black|Gray|Reset|NONE
74,19: |Black|Gray|Reset|NONE
75,19: |Black|Gray|Reset|NONE
76,19: |Black|Gray|Reset|NONE
77,19: |Black|Gray|Reset|NONE
78,19: |Black|Gray|Reset|NONE
79,19: |Black|Gray|Reset|NONE
0,20: |Black|Gray|Reset|NONE
1,20: |Black|Gray|Reset|NONE
2,20: |Black|Gray|Reset|NONE
3,20: |Black|Gray|Reset|NONE
4,20: |Black|Gray|Reset|NONE
5,20: |Black|Gray|Reset|NONE
6,20: |Black|Gray|Reset|NONE
7,20: |Black|Gray|Reset|NONE
8,20: |Black|Gray|Reset|NONE
9,20: |Black|Gray|Reset|NONE
10,20: |Black|Gray|Reset|NONE
11,20: |Black|Gray|Reset|NONE
12,20: |Black|Gray|Reset|NONE
13,20: |Black|Gray|Reset|NONE
14,20: |Black|Gray|Reset|NONE
15,20: |Black|Gray|Reset|NONE
16,20: |Black|Gray|Reset|NONE
17,20: |Black|Gray|Reset|NONE
18,20: |Black|Gray|Reset|NONE
19,20: |Black|Gray|Reset|NONE
20,20: |Black|Gray|Reset|NONE
21,20: |Black|Gray|Reset|NONE
22,20: |Black|Gray|Reset|NONE
23,20: |Black|Gray|Reset|NONE
24,20: |Black|Gray|Reset|NONE
25,20: |Black|Gray|Reset|NONE
26,20: |Black|Gray|Reset|NONE
27,20: |Black|Gray|Reset|NONE
28,20: |Black|Gray|Reset|NONE
29,20: |Black|Gray|Reset|NONE
30,20: |Black|Gray|Reset|NONE
31,20: |Black|Gray|Reset|NONE
32,20: |Black|Gray|Reset|NONE
33,20: |Black|Gray|Reset|NONE
34,20: |Black|Gray|Reset|NONE
35,20: |Black|Gray|Reset|NONE
36,20: |Black|Gray|Reset|NONE
37,20: |Black|Gray|Reset|NONE
38,20: |Black|Gray|Reset|NONE
39,20: |Black|Gray|Reset|NONE
40,20: |Black|Gray|Reset|NONE
41,20: |Black|Gray|Reset|NONE
42,20: |Black|Gray|Reset|NONE
43,20: |Black|Gray|Reset|NONE
44,20: |Black|Gray|Reset|NONE
45,20: |Black|Gray|Reset|NONE
46,20: |Black|Gray|Reset|NONE
47,20: |Black|Gray|Reset|NONE
48,20: |Black|Gray|Reset|NONE
49,20: |Black|Gray|Reset|NONE
50,20: |Black|Gray|Reset|NONE
51,20: |Black|Gray|Reset|NONE
52,20: |Black|Gray|Reset|NONE
53,20: |Black|Gray|Reset|NONE
54,20: |Black|Gray|Reset|NONE
55,20: |Black|Gray|Reset|NONE
56,20: |Black|Gray|Reset|NONE
57,20: |Black|Gray|Reset|NONE
58,20: |Black|Gray|Reset|NONE
59,20: |Black|Gray|Reset|NONE
60,20: |Black|Gray|Reset|NONE
61,20: |Black|Gray|Reset|NONE
62,20: |Black|Gray|Reset|NONE
63,20: |Black|Gray|Reset|NONE
64,20: |Black|Gray|Reset|NONE
65,20: |Black|Gray|Reset|NONE
66,20: |Black|Gray|Reset|NONE
67,20: |Black|Gray|Reset|NONE
68,20: |Black|Gray|Reset|NONE
69,20: |Black|Gray|Reset|NONE
70,20: |Black|Gray|Reset|NONE
71,20: |Black|Gray|Reset|NONE
72,20: |Black|Gray|Reset|NONE
73,20: |Black|Gray|Reset|NONE
74,20: |Black|Gray|Reset|NONE
75,20: |Black|Gray|Reset|NONE
76,20: |Black|Gray|Reset|NONE
77,20: |Black|Gray|Reset|NONE
78,20: |Black|Gray|Reset|NONE
79,20: |Black|Gray|Reset|NONE
0,21: |Black|Gray|Reset|NONE
1,21:┌|Black|Gray|Reset|NONE
2,21:─|Black|Gray|Reset|NONE
3,21:─|Black|Gray|Reset|NONE
4,21:─|Black|Gray|Reset|NONE
5,21:─|Black|Gray|Reset|NONE
6,21:─|Black|Gray|Reset|NONE
7,21:─|Black|Gray|Reset|NONE
8,21:─|Black|Gray|Reset|NONE
9,21:─|Black|Gray|Reset|NONE
10,21:─|Black|Gray|Reset|NONE
11,21:─|Black|Gray|Reset|NONE
12,21:─|Black|Gray|Reset|NONE
13,21:─|Black|Gray|Reset|NONE
14,21:─|Black|Gray|Reset|NONE
15,21:─|Black|Gray|Reset|NONE
16,21:─|Black|Gray|Reset|NONE
17,21:─|Black|Gray|Reset|NONE
18,21:─|Black|Gray|Reset|NONE
19,21:─|Black|Gray|Reset|NONE
20,21:─|Black|Gray|Reset|NONE
21,21:─|Black|Gray|Reset|NONE
22,21:─|Black|Gray|Reset|NONE
23,21:─|Black|Gray|Reset|NONE
24,21:─|Black|Gray|Reset|NONE
25,21:─|Black|Gray|Reset|NONE
26,21:─|Black|Gray|Reset|NONE
27,21:─|Black|Gray|Reset|NONE
28,21:─|Black|Gray|Reset|NONE
29,21:─|Black|Gray|Reset|NONE
30,21:─|Black|Gray|Reset|NONE
31,21:─|Black|Gray|Reset|NONE
32,21:─|Black|Gray|Reset|NONE
33,21:─|Black|Gray|Reset|NONE
34,21:─|Black|Gray|Reset|NONE
35,21:─|Black|Gray|Reset|NONE
36,21:─|Black|Gray|Reset|NONE
37,21:─|Black|Gray|Reset|NONE
38,21:─|Black|Gray|Reset|NONE
39,21:─|Black|Gray|Reset|NONE
40,21:─|Black|Gray|Reset|NONE
41,21:─|Black|Gray|Reset|NONE
42,21:─|Black|Gray|Reset|NONE
43,21:─|Black|Gray|Reset|NONE
44,21:─|Black|Gray|Reset|NONE
45,21:─|Black|Gray|Reset|NONE
46,21:─|Black|Gray|Reset|NONE
47,21:─|Black|Gray|Reset|NONE
48,21:─|Black|Gray|Reset|NONE
49,21:─|Black|Gray|Reset|NONE
50,21:─|Black|Gray|Reset|NONE
51,21:─|Black|Gray|Reset|NONE
52,21:─|Black|Gray|Reset|NONE
53,21:─|Black|Gray|Reset|NONE
54,21:─|Black|Gray|Reset|NONE
55,21:─|Black|Gray|Reset|NONE
56,21:─|Black|Gray|Reset|NONE
57,21:─|Black|Gray|Reset|NONE
58,21:─|Black|Gray|Reset|NONE
59,21:─|Black|Gray|Reset|NONE
60,21:─|Black|Gray|Reset|NONE
61,21:─|Black|Gray|Reset|NONE
62,21:─|Black|Gray|Reset|NONE
63,21:─|Black|Gray|Reset|NONE
64,21:─|Black|Gray|Reset|NONE
65,21:─|Black|Gray|Reset|NONE
66,21:─|Black|Gray|Reset|NONE
67,21:─|Black|Gray|Reset|NONE
68,21:─|Black|Gray|Reset|NONE
69,21:─|Black|Gray|Reset|NONE
70,21:─|Black|Gray|Reset|NONE
71,21:─|Black|Gray|Reset|NONE
72,21:─|Black|Gray|Reset|NONE
73,21:─|Black|Gray|Reset|NONE
74,21:─|Black|Gray|Reset|NONE
75,21:─|Black|Gray|Reset|NONE
76,21:─|Black|Gray|Reset|NONE
77,21:─|Black|Gray|Reset|NONE
78,21:┐|Black|Gray|Reset|NONE
79,21: |Black|Gray|Reset|NONE
0,22: |Black|Gray|Reset|NONE
1,22:│|Black|Gray|Reset|NONE
2,22:A|Black|Gray|Reset|BOLD
3,22:c|Black|Gray|Reset|BOLD
4,22:t|Black|Gray|Reset|BOLD
5,22:i|Black|Gray|Reset|BOLD
6,22:o|Black|Gray|Reset|BOLD
7,22:n|Black|Gray|Reset|BOLD
8,22:s|Black|Gray|Reset|BOLD
9,22: |Black|Gray|Reset|BOLD
10,22: |Black|Gray|Reset|BOLD
11,22: |Black|Gray|Reset|BOLD
12,22: |Black|Gray|Reset|BOLD
13,22: |Black|Gray|Reset|BOLD
14,22: |Black|Gray|Reset|BOLD
15,22: |Black|Gray|Reset|BOLD
16,22: |Black|Gray|Reset|BOLD
17,22: |Black|Gray|Reset|BOLD
18,22: |Black|Gray|Reset|BOLD
19,22: |Black|Gray|Reset|BOLD
20,22: |Black|Gray|Reset|NONE
21,22: |Black|Gray|Reset|NONE
22,22:[|Black|Gray|Reset|NONE
23,22:R|Black|Gray|Reset|NONE
24,22:e|Black|Gray|Reset|NONE
25,22:s|Black|Gray|Reset|NONE
26,22:t|Black|Gray|Reset|NONE
27,22:a|Black|Gray|Reset|NONE
28,22:r|Black|Gray|Reset|NONE
29,22:t|Black|Gray|Reset|NONE
30,22:]|Black|Gray|Reset|NONE
31,22: |Black|Gray|Reset|NONE
32,22: |Black|Gray|Reset|NONE
33,22: |Black|Gray|Reset|NONE
34,22: |Black|Gray|Reset|NONE
35,22: |Black|Gray|Reset|NONE
36,22: |Black|Gray|Reset|NONE
37,22: |Black|Gray|Reset|NONE
38,22: |Black|Gray|Reset|NONE
39,22: |Black|Gray|Reset|NONE
40,22: |Black|Gray|Reset|NONE
41,22: |Black|Gray|Reset|NONE
42,22:[|Black|Gray|Reset|NONE
43,22:U|Black|Gray|Reset|NONE
44,22:p|Black|Gray|Reset|NONE
45,22:d|Black|Gray|Reset|NONE
46,22:a|Black|Gray|Reset|NONE
47,22:t|Black|Gray|Reset|NONE
48,22:e|Black|Gray|Reset|NONE
49,22:]|Black|Gray|Reset|NONE
50,22: |Black|Gray|Reset|NONE
51,22: |Black|Gray|Reset|NONE
52,22: |Black|Gray|Reset|NONE
53,22: |Black|Gray|Reset|NONE
54,22: |Black|Gray|Reset|NONE
55,22: |Black|Gray|Reset|NONE
56,22: |Black|Gray|Reset|NONE
57,22: |Black|Gray|Reset|NONE
58,22: |Black|Gray|Reset|NONE
59,22: |Black|Gray|Reset|NONE
60,22: |Black|Gray|Reset|NONE
61,22:[|Black|Gray|Reset|NONE
62,22:L|Black|Gray|Reset|NONE
63,22:o|Black|Gray|Reset|NONE
64,22:g|Black|Gray|Reset|NONE
65,22:s|Black|Gray|Reset|NONE
66,22:]|Black|Gray|Reset|NONE
67,22: |Black|Gray|Reset|NONE
68,22: |Black|Gray|Reset|NONE
69,22: |Black|Gray|Reset|NONE
70,22: |Black|Gray|Reset|NONE
71,22: |Black|Gray|Reset|NONE
72,22: |Black|Gray|Reset|NONE
73,22: |Black|Gray|Reset|NONE
74,22: |Black|Gray|Reset|NONE
75,22: |Black|Gray|Reset|NONE
76,22: |Black|Gray|Reset|NONE
77,22: |Black|Gray|Reset|NONE
78,22:│|Black|Gray|Reset|NONE
79,22: |Black|Gray|Reset|NONE
0,23: |Black|Gray|Reset|NONE
1,23:└|Black|Gray|Reset|NONE
2,23:─|Black|Gray|Reset|NONE
3,23:─|Black|Gray|Reset|NONE
4,23:─|Black|Gray|Reset|NONE
5,23:─|Black|Gray|Reset|NONE
6,23:─|Black|Gray|Reset|NONE
7,23:─|Black|Gray|Reset|NONE
8,23:─|Black|Gray|Reset|NONE
9,23:─|Black|Gray|Reset|NONE
10,23:─|Black|Gray|Reset|NONE
11,23:─|Black|Gray|Reset|NONE
12,23:─|Black|Gray|Reset|NONE
13,23:─|Black|Gray|Reset|NONE
14,23:─|Black|Gray|Reset|NONE
15,23:─|Black|Gray|Reset|NONE
16,23:─|Black|Gray|Reset|NONE
17,23:─|Black|Gray|Reset|NONE
18,23:─|Black|Gray|Reset|NONE
19,23:─|Black|Gray|Reset|NONE
20,23:─|Black|Gray|Reset|NONE
21,23:─|Black|Gray|Reset|NONE
22,23:─|Black|Gray|Reset|NONE
23,23:─|Black|Gray|Reset|NONE
24,23:─|Black|Gray|Reset|NONE
25,23:─|Black|Gray|Reset|NONE
26,23:─|Black|Gray|Reset|NONE
27,23:─|Black|Gray|Reset|NONE
28,23:─|Black|Gray|Reset|NONE
29,23:─|Black|Gray|Reset|NONE
30,23:─|Black|Gray|Reset|NONE
31,23:─|Black|Gray|Reset|NONE
32,23:─|Black|Gray|Reset|NONE
33,23:─|Black|Gray|Reset|NONE
34,23:─|Black|Gray|Reset|NONE
35,23:─|Black|Gray|Reset|NONE
36,23:─|Black|Gray|Reset|NONE
37,23:─|Black|Gray|Reset|NONE
38,23:─|Black|Gray|Reset|NONE
39,23:─|Black|Gray|Reset|NONE
40,23:─|Black|Gray|Reset|NONE
41,23:─|Black|Gray|Reset|NONE
42,23:─|Black|Gray|Reset|NONE
43,23:─|Black|Gray|Reset|NONE
44,23:─|Black|Gray|Reset|NONE
45,23:─|Black|Gray|Reset|NONE
46,23:─|Black|Gray|Reset|NONE
47,23:─|Black|Gray|Reset|NONE
48,23:─|Black|Gray|Reset|NONE
49,23:─|Black|Gray|Reset|NONE
50,23:─|Black|Gray|Reset|NONE
51,23:─|Black|Gray|Reset|NONE
52,23:─|Black|Gray|Reset|NONE
53,23:─|Black|Gray|Reset|NONE
54,23:─|Black|Gray|Reset|NONE
55,23:─|Black|Gray|Reset|NONE
56,23:─|Black|Gray|Reset|NONE
57,23:─|Black|Gray|Reset|NONE
58,23:─|Black|Gray|Reset|NONE
59,23:─|Black|Gray|Reset|NONE
60,23:─|Black|Gray|Reset|NONE
61,23:─|Black|Gray|Reset|NONE
62,23:─|Black|Gray|Reset|NONE
63,23:─|Black|Gray|Reset|NONE
64,23:─|Black|Gray|Reset|NONE
65,23:─|Black|Gray|Reset|NONE
66,23:─|Black|Gray|Reset|NONE
67,23:─|Black|Gray|Reset|NONE
68,23:─|Black|Gray|Reset|NONE
69,23:─|Black|Gray|Reset|NONE
70,23:─|Black|Gray|Reset|NONE
71,23:─|Black|Gray|Reset|NONE
72,23:─|Black|Gray|Reset|NONE
73,23:─|Black|Gray|Reset|NONE
74,23:─|Black|Gray|Reset|NONE
75,23:─|Black|Gray|Reset|NONE
76,23:─|Black|Gray|Reset|NONE
77,23:─|Black|Gray|Reset|NONE
78,23:┘|Black|Gray|Reset|NONE
79,23: |Black|Gray|Reset|NONE
