width=40 height=12
0,0:T|DarkGray|Black|Reset|NONE
1,0:e|DarkGray|Black|Reset|NONE
2,0:r|DarkGray|Black|Reset|NONE
3,0:m|DarkGray|Black|Reset|NONE
4,0:i|DarkGray|Black|Reset|NONE
5,0:n|DarkGray|Black|Reset|NONE
6,0:a|DarkGray|Black|Reset|NONE
7,0:l|DarkGray|Black|Reset|NONE
8,0: |DarkGray|Black|Reset|NONE
9,0:t|DarkGray|Black|Reset|NONE
10,0:o|DarkGray|Black|Reset|NONE
11,0:o|DarkGray|Black|Reset|NONE
12,0: |DarkGray|Black|Reset|NONE
13,0:s|DarkGray|Black|Reset|NONE
14,0:m|DarkGray|Black|Reset|NONE
15,0:a|DarkGray|Black|Reset|NONE
16,0:l|DarkGray|Black|Reset|NONE
17,0:l|DarkGray|Black|Reset|NONE
18,0: |DarkGray|Black|Reset|NONE
19,0: |DarkGray|Black|Reset|NONE
20,0: |DarkGray|Black|Reset|NONE
21,0: |DarkGray|Black|Reset|NONE
22,0: |DarkGray|Black|Reset|NONE
23,0: |DarkGray|Black|Reset|NONE
24,0: |DarkGray|Black|Reset|NONE
25,0: |DarkGray|Black|Reset|NONE
26,0: |DarkGray|Black|Reset|NONE
27,0: |DarkGray|Black|Reset|NONE
28,0: |DarkGray|Black|Reset|NONE
29,0: |DarkGray|Black|Reset|NONE
30,0: |DarkGray|Black|Reset|NONE
31,0: |DarkGray|Black|Reset|NONE
32,0: |DarkGray|Black|Reset|NONE
33,0: |DarkGray|Black|Reset|NONE
34,0: |DarkGray|Black|Reset|NONE
35,0: |DarkGray|Black|Reset|NONE
36,0: |DarkGray|Black|Reset|NONE
37,0: |DarkGray|Black|Reset|NONE
38,0: |DarkGray|Black|Reset|NONE
39,0: |DarkGray|Black|Reset|NONE
0,1:r|DarkGray|Black|Reset|NONE
1,1:e|DarkGray|Black|Reset|NONE
2,1:q|DarkGray|Black|Reset|NONE
3,1:u|DarkGray|Black|Reset|NONE
4,1:i|DarkGray|Black|Reset|NONE
5,1:r|DarkGray|Black|Reset|NONE
6,1:e|DarkGray|Black|Reset|NONE
7,1:s|DarkGray|Black|Reset|NONE
8,1: |DarkGray|Black|Reset|NONE
9,1:8|DarkGray|Black|Reset|NONE
10,1:0|DarkGray|Black|Reset|NONE
11,1:×|DarkGray|Black|Reset|NONE
12,1:2|DarkGray|Black|Reset|NONE
13,1:4|DarkGray|Black|Reset|NONE
14,1:,|DarkGray|Black|Reset|NONE
15,1: |DarkGray|Black|Reset|NONE
16,1:c|DarkGray|Black|Reset|NONE
17,1:u|DarkGray|Black|Reset|NONE
18,1:r|DarkGray|Black|Reset|NONE
19,1:r|DarkGray|Black|Reset|NONE
20,1:e|DarkGray|Black|Reset|NONE
21,1:n|DarkGray|Black|Reset|NONE
22,1:t|DarkGray|Black|Reset|NONE
23,1: |DarkGray|Black|Reset|NONE
24,1:4|DarkGray|Black|Reset|NONE
25,1:0|DarkGray|Black|Reset|NONE
26,1:×|DarkGray|Black|Reset|NONE
27,1:1|DarkGray|Black|Reset|NONE
28,1:2|DarkGray|Black|Reset|NONE
29,1: |DarkGray|Black|Reset|NONE
30,1: |DarkGray|Black|Reset|NONE
31,1: |DarkGray|Black|Reset|NONE
32,1: |DarkGray|Black|Reset|NONE
33,1: |DarkGray|Black|Reset|NONE
34,1: |DarkGray|Black|Reset|NONE
35,1: |DarkGray|Black|Reset|NONE
36,1: |DarkGray|Black|Reset|NONE
37,1: |DarkGray|Black|Reset|NONE
38,1: |DarkGray|Black|Reset|NONE
39,1: |DarkGray|Black|Reset|NONE
0,2: |Gray|Black|Reset|NONE
1,2: |Gray|Black|Reset|NONE
2,2: |Gray|Black|Reset|NONE
3,2: |Gray|Black|Reset|NONE
4,2: |Gray|Black|Reset|NONE
5,2: |Gray|Black|Reset|NONE
6,2: |Gray|Black|Reset|NONE
7,2: |Gray|Black|Reset|NONE
8,2: |Gray|Black|Reset|NONE
9,2: |Gray|Black|Reset|NONE
10,2: |Gray|Black|Reset|NONE
11,2: |Gray|Black|Reset|NONE
12,2: |Gray|Black|Reset|NONE
13,2: |Gray|Black|Reset|NONE
14,2: |Gray|Black|Reset|NONE
15,2: |Gray|Black|Reset|NONE
16,2: |Gray|Black|Reset|NONE
17,2: |Gray|Black|Reset|NONE
18,2: |Gray|Black|Reset|NONE
19,2: |Gray|Black|Reset|NONE
20,2: |Gray|Black|Reset|NONE
21,2: |Gray|Black|Reset|NONE
22,2: |Gray|Black|Reset|NONE
23,2: |Gray|Black|Reset|NONE
24,2: |Gray|Black|Reset|NONE
25,2: |Gray|Black|Reset|NONE
26,2: |Gray|Black|Reset|NONE
27,2: |Gray|Black|Reset|NONE
28,2: |Gray|Black|Reset|NONE
29,2: |Gray|Black|Reset|NONE
30,2: |Gray|Black|Reset|NONE
31,2: |Gray|Black|Reset|NONE
32,2: |Gray|Black|Reset|NONE
33,2: |Gray|Black|Reset|NONE
34,2: |Gray|Black|Reset|NONE
35,2: |Gray|Black|Reset|NONE
36,2: |Gray|Black|Reset|NONE
37,2: |Gray|Black|Reset|NONE
38,2: |Gray|Black|Reset|NONE
39,2: |Gray|Black|Reset|NONE
0,3: |Gray|Black|Reset|NONE
1,3: |Gray|Black|Reset|NONE
2,3: |Gray|Black|Reset|NONE
3,3: |Gray|Black|Reset|NONE
4,3: |Gray|Black|Reset|NONE
5,3: |Gray|Black|Reset|NONE
6,3: |Gray|Black|Reset|NONE
7,3: |Gray|Black|Reset|NONE
8,3: |Gray|Black|Reset|NONE
9,3: |Gray|Black|Reset|NONE
10,3: |Gray|Black|Reset|NONE
11,3: |Gray|Black|Reset|NONE
12,3: |Gray|Black|Reset|NONE
13,3: |Gray|Black|Reset|NONE
14,3: |Gray|Black|Reset|NONE
15,3: |Gray|Black|Reset|NONE
16,3: |Gray|Black|Reset|NONE
17,3: |Gray|Black|Reset|NONE
18,3: |Gray|Black|Reset|NONE
19,3: |Gray|Black|Reset|NONE
20,3: |Gray|Black|Reset|NONE
21,3: |Gray|Black|Reset|NONE
22,3: |Gray|Black|Reset|NONE
23,3: |Gray|Black|Reset|NONE
24,3: |Gray|Black|Reset|NONE
25,3: |Gray|Black|Reset|NONE
26,3: |Gray|Black|Reset|NONE
27,3: |Gray|Black|Reset|NONE
28,3: |Gray|Black|Reset|NONE
29,3: |Gray|Black|Reset|NONE
30,3: |Gray|Black|Reset|NONE
31,3: |Gray|Black|Reset|NONE
32,3: |Gray|Black|Reset|NONE
33,3: |Gray|Black|Reset|NONE
34,3: |Gray|Black|Reset|NONE
35,3: |Gray|Black|Reset|NONE
36,3: |Gray|Black|Reset|NONE
37,3: |Gray|Black|Reset|NONE
38,3: |Gray|Black|Reset|NONE
39,3: |Gray|Black|Reset|NONE
0,4: |Gray|Black|Reset|NONE
1,4: |Gray|Black|Reset|NONE
2,4: |Gray|Black|Reset|NONE
3,4: |Gray|Black|Reset|NONE
4,4: |Gray|Black|Reset|NONE
5,4: |Gray|Black|Reset|NONE
6,4: |Gray|Black|Reset|NONE
7,4: |Gray|Black|Reset|NONE
8,4: |Gray|Black|Reset|NONE
9,4: |Gray|Black|Reset|NONE
10,4: |Gray|Black|Reset|NONE
11,4: |Gray|Black|Reset|NONE
12,4: |Gray|Black|Reset|NONE
13,4: |Gray|Black|Reset|NONE
14,4: |Gray|Black|Reset|NONE
15,4: |Gray|Black|Reset|NONE
16,4: |Gray|Black|Reset|NONE
17,4: |Gray|Black|Reset|NONE
18,4: |Gray|Black|Reset|NONE
19,4: |Gray|Black|Reset|NONE
20,4: |Gray|Black|Reset|NONE
21,4: |Gray|Black|Reset|NONE
22,4: |Gray|Black|Reset|NONE
23,4: |Gray|Black|Reset|NONE
24,4: |Gray|Black|Reset|NONE
25,4: |Gray|Black|Reset|NONE
26,4: |Gray|Black|Reset|NONE
27,4: |Gray|Black|Reset|NONE
28,4: |Gray|Black|Reset|NONE
29,4: |Gray|Black|Reset|NONE
30,4: |Gray|Black|Reset|NONE
31,4: |Gray|Black|Reset|NONE
32,4: |Gray|Black|Reset|NONE
33,4: |Gray|Black|Reset|NONE
34,4: |Gray|Black|Reset|NONE
35,4: |Gray|Black|Reset|NONE
36,4: |Gray|Black|Reset|NONE
37,4: |Gray|Black|Reset|NONE
38,4: |Gray|Black|Reset|NONE
39,4: |Gray|Black|Reset|NONE
0,5: |Gray|Black|Reset|NONE
1,5: |Gray|Black|Reset|NONE
2,5: |Gray|Black|Reset|NONE
3,5: |Gray|Black|Reset|NONE
4,5: |Gray|Black|Reset|NONE
5,5: |Gray|Black|Reset|NONE
6,5: |Gray|Black|Reset|NONE
7,5: |Gray|Black|Reset|NONE
8,5: |Gray|Black|Reset|NONE
9,5: |Gray|Black|Reset|NONE
10,5: |Gray|Black|Reset|NONE
11,5: |Gray|Black|Reset|NONE
12,5: |Gray|Black|Reset|NONE
13,5: |Gray|Black|Reset|NONE
14,5: |Gray|Black|Reset|NONE
15,5: |Gray|Black|Reset|NONE
16,5: |Gray|Black|Reset|NONE
17,5: |Gray|Black|Reset|NONE
18,5: |Gray|Black|Reset|NONE
19,5: |Gray|Black|Reset|NONE
20,5: |Gray|Black|Reset|NONE
21,5: |Gray|Black|Reset|NONE
22,5: |Gray|Black|Reset|NONE
23,5: |Gray|Black|Reset|NONE
24,5: |Gray|Black|Reset|NONE
25,5: |Gray|Black|Reset|NONE
26,5: |Gray|Black|Reset|NONE
27,5: |Gray|Black|Reset|NONE
28,5: |Gray|Black|Reset|NONE
29,5: |Gray|Black|Reset|NONE
30,5: |Gray|Black|Reset|NONE
31,5: |Gray|Black|Reset|NONE
32,5: |Gray|Black|Reset|NONE
33,5: |Gray|Black|Reset|NONE
34,5: |Gray|Black|Reset|NONE
35,5: |Gray|Black|Reset|NONE
36,5: |Gray|Black|Reset|NONE
37,5: |Gray|Black|Reset|NONE
38,5: |Gray|Black|Reset|NONE
39,5: |Gray|Black|Reset|NONE
0,6: |Gray|Black|Reset|NONE
1,6: |Gray|Black|Reset|NONE
2,6: |Gray|Black|Reset|NONE
3,6: |Gray|Black|Reset|NONE
4,6: |Gray|Black|Reset|NONE
5,6: |Gray|Black|Reset|NONE
6,6: |Gray|Black|Reset|NONE
7,6: |Gray|Black|Reset|NONE
8,6: |Gray|Black|Reset|NONE
9,6: |Gray|Black|Reset|NONE
10,6: |Gray|Black|Reset|NONE
11,6: |Gray|Black|Reset|NONE
12,6: |Gray|Black|Reset|NONE
13,6: |Gray|Black|Reset|NONE
14,6: |Gray|Black|Reset|NONE
15,6: |Gray|Black|Reset|NONE
16,6: |Gray|Black|Reset|NONE
17,6: |Gray|Black|Reset|NONE
18,6: |Gray|Black|Reset|NONE
19,6: |Gray|Black|Reset|NONE
20,6: |Gray|Black|Reset|NONE
21,6: |Gray|Black|Reset|NONE
22,6: |Gray|Black|Reset|NONE
23,6: |Gray|Black|Reset|NONE
24,6: |Gray|Black|Reset|NONE
25,6: |Gray|Black|Reset|NONE
26,6: |Gray|Black|Reset|NONE
27,6: |Gray|Black|Reset|NONE
28,6: |Gray|Black|Reset|NONE
29,6: |Gray|Black|Reset|NONE
30,6: |Gray|Black|Reset|NONE
31,6: |Gray|Black|Reset|NONE
32,6: |Gray|Black|Reset|NONE
33,6: |Gray|Black|Reset|NONE
34,6: |Gray|Black|Reset|NONE
35,6: |Gray|Black|Reset|NONE
36,6: |Gray|Black|Reset|NONE
37,6: |Gray|Black|Reset|NONE
38,6: |Gray|Black|Reset|NONE
39,6: |Gray|Black|Reset|NONE
0,7: |Gray|Black|Reset|NONE
1,7: |Gray|Black|Reset|NONE
2,7: |Gray|Black|Reset|NONE
3,7: |Gray|Black|Reset|NONE
4,7: |Gray|Black|Reset|NONE
5,7: |Gray|Black|Reset|NONE
6,7: |Gray|Black|Reset|NONE
7,7: |Gray|Black|Reset|NONE
8,7: |Gray|Black|Reset|NONE
9,7: |Gray|Black|Reset|NONE
10,7: |Gray|Black|Reset|NONE
11,7: |Gray|Black|Reset|NONE
12,7: |Gray|Black|Reset|NONE
13,7: |Gray|Black|Reset|NONE
14,7: |Gray|Black|Reset|NONE
15,7: |Gray|Black|Reset|NONE
16,7: |Gray|Black|Reset|NONE
17,7: |Gray|Black|Reset|NONE
18,7: |Gray|Black|Reset|NONE
19,7: |Gray|Black|Reset|NONE
20,7: |Gray|Black|Reset|NONE
21,7: |Gray|Black|Reset|NONE
22,7: |Gray|Black|Reset|NONE
23,7: |Gray|Black|Reset|NONE
24,7: |Gray|Black|Reset|NONE
25,7: |Gray|Black|Reset|NONE
26,7: |Gray|Black|Reset|NONE
27,7: |Gray|Black|Reset|NONE
28,7: |Gray|Black|Reset|NONE
29,7: |Gray|Black|Reset|NONE
30,7: |Gray|Black|Reset|NONE
31,7: |Gray|Black|Reset|NONE
32,7: |Gray|Black|Reset|NONE
33,7: |Gray|Black|Reset|NONE
34,7: |Gray|Black|Reset|NONE
35,7: |Gray|Black|Reset|NONE
36,7: |Gray|Black|Reset|NONE
37,7: |Gray|Black|Reset|NONE
38,7: |Gray|Black|Reset|NONE
39,7: |Gray|Black|Reset|NONE
0,8: |Gray|Black|Reset|NONE
1,8: |Gray|Black|Reset|NONE
2,8: |Gray|Black|Reset|NONE
3,8: |Gray|Black|Reset|NONE
4,8: |Gray|Black|Reset|NONE
5,8: |Gray|Black|Reset|NONE
6,8: |Gray|Black|Reset|NONE
7,8: |Gray|Black|Reset|NONE
8,8: |Gray|Black|Reset|NONE
9,8: |Gray|Black|Reset|NONE
10,8: |Gray|Black|Reset|NONE
11,8: |Gray|Black|Reset|NONE
12,8: |Gray|Black|Reset|NONE
13,8: |Gray|Black|Reset|NONE
14,8: |Gray|Black|Reset|NONE
15,8: |Gray|Black|Reset|NONE
16,8: |Gray|Black|Reset|NONE
17,8: |Gray|Black|Reset|NONE
18,8: |Gray|Black|Reset|NONE
19,8: |Gray|Black|Reset|NONE
20,8: |Gray|Black|Reset|NONE
21,8: |Gray|Black|Reset|NONE
22,8: |Gray|Black|Reset|NONE
23,8: |Gray|Black|Reset|NONE
24,8: |Gray|Black|Reset|NONE
25,8: |Gray|Black|Reset|NONE
26,8: |Gray|Black|Reset|NONE
27,8: |Gray|Black|Reset|NONE
28,8: |Gray|Black|Reset|NONE
29,8: |Gray|Black|Reset|NONE
30,8: |Gray|Black|Reset|NONE
31,8: |Gray|Black|Reset|NONE
32,8: |Gray|Black|Reset|NONE
33,8: |Gray|Black|Reset|NONE
34,8: |Gray|Black|Reset|NONE
35,8: |Gray|Black|Reset|NONE
36,8: |Gray|Black|Reset|NONE
37,8: |Gray|Black|Reset|NONE
38,8: |Gray|Black|Reset|NONE
39,8: |Gray|Black|Reset|NONE
0,9: |Gray|Black|Reset|NONE
1,9: |Gray|Black|Reset|NONE
2,9: |Gray|Black|Reset|NONE
3,9: |Gray|Black|Reset|NONE
4,9: |Gray|Black|Reset|NONE
5,9: |Gray|Black|Reset|NONE
6,9: |Gray|Black|Reset|NONE
7,9: |Gray|Black|Reset|NONE
8,9: |Gray|Black|Reset|NONE
9,9: |Gray|Black|Reset|NONE
10,9: |Gray|Black|Reset|NONE
11,9: |Gray|Black|Reset|NONE
12,9: |Gray|Black|Reset|NONE
13,9: |Gray|Black|Reset|NONE
14,9: |Gray|Black|Reset|NONE
15,9: |Gray|Black|Reset|NONE
16,9: |Gray|Black|Reset|NONE
17,9: |Gray|Black|Reset|NONE
18,9: |Gray|Black|Reset|NONE
19,9: |Gray|Black|Reset|NONE
20,9: |Gray|Black|Reset|NONE
21,9: |Gray|Black|Reset|NONE
22,9: |Gray|Black|Reset|NONE
23,9: |Gray|Black|Reset|NONE
24,9: |Gray|Black|Reset|NONE
25,9: |Gray|Black|Reset|NONE
26,9: |Gray|Black|Reset|NONE
27,9: |Gray|Black|Reset|NONE
28,9: |Gray|Black|Reset|NONE
29,9: |Gray|Black|Reset|NONE
30,9: |Gray|Black|Reset|NONE
31,9: |Gray|Black|Reset|NONE
32,9: |Gray|Black|Reset|NONE
33,9: |Gray|Black|Reset|NONE
34,9: |Gray|Black|Reset|NONE
35,9: |Gray|Black|Reset|NONE
36,9: |Gray|Black|Reset|NONE
37,9: |Gray|Black|Reset|NONE
38,9: |Gray|Black|Reset|NONE
39,9: |Gray|Black|Reset|NONE
0,10: |Gray|Black|Reset|NONE
1,10: |Gray|Black|Reset|NONE
2,10: |Gray|Black|Reset|NONE
3,10: |Gray|Black|Reset|NONE
4,10: |Gray|Black|Reset|NONE
5,10: |Gray|Black|Reset|NONE
6,10: |Gray|Black|Reset|NONE
7,10: |Gray|Black|Reset|NONE
8,10: |Gray|Black|Reset|NONE
9,10: |Gray|Black|Reset|NONE
10,10: |Gray|Black|Reset|NONE
11,10: |Gray|Black|Reset|NONE
12,10: |Gray|Black|Reset|NONE
13,10: |Gray|Black|Reset|NONE
14,10: |Gray|Black|Reset|NONE
15,10: |Gray|Black|Reset|NONE
16,10: |Gray|Black|Reset|NONE
17,10: |Gray|Black|Reset|NONE
18,10: |Gray|Black|Reset|NONE
19,10: |Gray|Black|Reset|NONE
20,10: |Gray|Black|Reset|NONE
21,10: |Gray|Black|Reset|NONE
22,10: |Gray|Black|Reset|NONE
23,10: |Gray|Black|Reset|NONE
24,10: |Gray|Black|Reset|NONE
25,10: |Gray|Black|Reset|NONE
26,10: |Gray|Black|Reset|NONE
27,10: |Gray|Black|Reset|NONE
28,10: |Gray|Black|Reset|NONE
29,10: |Gray|Black|Reset|NONE
30,10: |Gray|Black|Reset|NONE
31,10: |Gray|Black|Reset|NONE
32,10: |Gray|Black|Reset|NONE
33,10: |Gray|Black|Reset|NONE
34,10: |Gray|Black|Reset|NONE
35,10: |Gray|Black|Reset|NONE
36,10: |Gray|Black|Reset|NONE
37,10: |Gray|Black|Reset|NONE
38,10: |Gray|Black|Reset|NONE
39,10: |Gray|Black|Reset|NONE
0,11: |Gray|Black|Reset|NONE
1,11: |Gray|Black|Reset|NONE
2,11: |Gray|Black|Reset|NONE
3,11: |Gray|Black|Reset|NONE
4,11: |Gray|Black|Reset|NONE
5,11: |Gray|Black|Reset|NONE
6,11: |Gray|Black|Reset|NONE
7,11: |Gray|Black|Reset|NONE
8,11: |Gray|Black|Reset|NONE
9,11: |Gray|Black|Reset|NONE
10,11: |Gray|Black|Reset|NONE
11,11: |Gray|Black|Reset|NONE
12,11: |Gray|Black|Reset|NONE
13,11: |Gray|Black|Reset|NONE
14,11: |Gray|Black|Reset|NONE
15,11: |Gray|Black|Reset|NONE
16,11: |Gray|Black|Reset|NONE
17,11: |Gray|Black|Reset|NONE
18,11: |Gray|Black|Reset|NONE
19,11: |Gray|Black|Reset|NONE
20,11: |Gray|Black|Reset|NONE
21,11: |Gray|Black|Reset|NONE
22,11: |Gray|Black|Reset|NONE
23,11: |Gray|Black|Reset|NONE
24,11: |Gray|Black|Reset|NONE
25,11: |Gray|Black|Reset|NONE
26,11: |Gray|Black|Reset|NONE
27,11: |Gray|Black|Reset|NONE
28,11: |Gray|Black|Reset|NONE
29,11: |Gray|Black|Reset|NONE
30,11: |Gray|Black|Reset|NONE
31,11: |Gray|Black|Reset|NONE
32,11: |Gray|Black|Reset|NONE
33,11: |Gray|Black|Reset|NONE
34,11: |Gray|Black|Reset|NONE
35,11: |Gray|Black|Reset|NONE
36,11: |Gray|Black|Reset|NONE
37,11: |Gray|Black|Reset|NONE
38,11: |Gray|Black|Reset|NONE
39,11: |Gray|Black|Reset|NONE
